01:17:01 **** Incremental Build of configuration Debug for project xuartps_low_echo_example_1 ****
make all 
'Building file: ../src/xuartps_low_echo_example.c'
'Invoking: ARM v8 gcc compiler'
aarch64-none-elf-gcc -Wall -O0 -g3 -c -fmessage-length=0 -MT"src/xuartps_low_echo_example.o" -IC:/Users/sunil/desktop/NUS/EE4218/EE4218_Labs_clone/Lab_2/project_2_1/project_2_1_vitis/export/project_2_1_vitis/sw/project_2_1_vitis/standalone_domain/bspinclude/include -MMD -MP -MF"src/xuartps_low_echo_example.d" -MT"src/xuartps_low_echo_example.o" -o "src/xuartps_low_echo_example.o" "../src/xuartps_low_echo_example.c"
'Finished building: ../src/xuartps_low_echo_example.c'
' '
'Building target: xuartps_low_echo_example_1.elf'
'Invoking: ARM v8 gcc linker'
aarch64-none-elf-gcc -Wl,-T -Wl,../src/lscript.ld -LC:/Users/sunil/desktop/NUS/EE4218/EE4218_Labs_clone/Lab_2/project_2_1/project_2_1_vitis/export/project_2_1_vitis/sw/project_2_1_vitis/standalone_domain/bsplib/lib -o "xuartps_low_echo_example_1.elf"  ./src/xuartps_low_echo_example.o   -Wl,--start-group,-lxil,-lgcc,-lc,--end-group
'Finished building target: xuartps_low_echo_example_1.elf'
' '
'Invoking: ARM v8 Print Size'
aarch64-none-elf-size xuartps_low_echo_example_1.elf  |tee "xuartps_low_echo_example_1.elf.size"
   text	   data	    bss	    dec	    hex	filename
 131996	   4728	  23372	 160096	  27160	xuartps_low_echo_example_1.elf
'Finished building: xuartps_low_echo_example_1.elf.size'
' '

01:17:02 Build Finished (took 894ms)

