15:56:50 **** Incremental Build of configuration Debug for project xuartps_hello_world_example_1 ****
make all 
'Building file: ../src/xuartps_hello_world_example.c'
'Invoking: ARM v8 gcc compiler'
aarch64-none-elf-gcc -Wall -O0 -g3 -c -fmessage-length=0 -MT"src/xuartps_hello_world_example.o" -IC:/Users/sunil/VivadoProjects/EE4218-Labs/Lab_3/integrated_coprocessor_v1/integrated_coprocessor_fifo/export/integrated_coprocessor_fifo/sw/integrated_coprocessor_fifo/standalone_domain/bspinclude/include -MMD -MP -MF"src/xuartps_hello_world_example.d" -MT"src/xuartps_hello_world_example.o" -o "src/xuartps_hello_world_example.o" "../src/xuartps_hello_world_example.c"
'Finished building: ../src/xuartps_hello_world_example.c'
' '
'Building target: xuartps_hello_world_example_1.elf'
'Invoking: ARM v8 gcc linker'
aarch64-none-elf-gcc -Wl,-T -Wl,../src/lscript.ld -LC:/Users/sunil/VivadoProjects/EE4218-Labs/Lab_3/integrated_coprocessor_v1/integrated_coprocessor_fifo/export/integrated_coprocessor_fifo/sw/integrated_coprocessor_fifo/standalone_domain/bsplib/lib -o "xuartps_hello_world_example_1.elf"  ./src/xuartps_hello_world_example.o   -Wl,--start-group,-lxil,-lgcc,-lc,--end-group
'Finished building target: xuartps_hello_world_example_1.elf'
' '
'Invoking: ARM v8 Print Size'
aarch64-none-elf-size xuartps_hello_world_example_1.elf  |tee "xuartps_hello_world_example_1.elf.size"
   text	   data	    bss	    dec	    hex	filename
 135468	   4760	  80476	 220704	  35e20	xuartps_hello_world_example_1.elf
'Finished building: xuartps_hello_world_example_1.elf.size'
' '

15:56:51 Build Finished (took 758ms)

