Copyright 1986-2022 Xilinx, Inc. All Rights Reserved. Copyright 2022-2023 Advanced Micro Devices, Inc. All Rights Reserved.
---------------------------------------------------------------------------------------------------------------------------------------------
| Tool Version : Vivado v.2023.2 (win64) Build 4029153 Fri Oct 13 20:14:34 MDT 2023
| Date         : Wed Mar 19 15:12:34 2025
| Host         : linus_zenbook running 64-bit major release  (build 9200)
| Command      : report_drc -file design_1_wrapper_drc_routed.rpt -pb design_1_wrapper_drc_routed.pb -rpx design_1_wrapper_drc_routed.rpx
| Design       : design_1_wrapper
| Device       : xck26-sfvc784-2LV-c
| Speed File   : -2LV
| Design State : Fully Routed
---------------------------------------------------------------------------------------------------------------------------------------------

Report DRC

Table of Contents
-----------------
1. REPORT SUMMARY
2. REPORT DETAILS

1. REPORT SUMMARY
-----------------
            Netlist: netlist
          Floorplan: design_1
      Design limits: <entire design considered>
           Ruledeck: default
             Max violations: <unlimited>
             Violations found: 11
+-----------+----------+--------------------------------------+------------+
| Rule      | Severity | Description                          | Violations |
+-----------+----------+--------------------------------------+------------+
| DPOP-4    | Warning  | MREG Output pipelining               | 8          |
| REQP-1935 | Warning  | RAMB36E2_nochange_collision_advisory | 3          |
+-----------+----------+--------------------------------------+------------+

2. REPORT DETAILS
-----------------
DPOP-4#1 Warning
MREG Output pipelining  
DSP design_1_i/myip_v1_0_HLS_0/inst/Loop_VITIS_LOOP_92_3_proc_U0/mac_muladd_8ns_16s_16ns_16_4_1_U21/myip_v1_0_HLS_mac_muladd_8ns_16s_16ns_16_4_1_DSP48_0_U/p_reg_reg multiplier stage design_1_i/myip_v1_0_HLS_0/inst/Loop_VITIS_LOOP_92_3_proc_U0/mac_muladd_8ns_16s_16ns_16_4_1_U21/myip_v1_0_HLS_mac_muladd_8ns_16s_16ns_16_4_1_DSP48_0_U/p_reg_reg/P[47:0] is not pipelined (MREG=0). Pipelining the multiplier function will improve performance and will save significant power so it is suggested whenever possible to fully pipeline this function.  If this multiplier was inferred, it is suggested to describe an additional register stage after this function.  If there is no registered adder/accumulator following the multiply function, two pipeline stages are suggested to allow both the MREG and PREG registers to be used.  If the DSP48 was instantiated in the design, it is suggested to set both the MREG and PREG attributes to 1 when performing multiply functions.
Related violations: <none>

DPOP-4#2 Warning
MREG Output pipelining  
DSP design_1_i/myip_v1_0_HLS_0/inst/Loop_VITIS_LOOP_92_3_proc_U0/mac_muladd_8ns_16s_16ns_16_4_1_U22/myip_v1_0_HLS_mac_muladd_8ns_16s_16ns_16_4_1_DSP48_0_U/p_reg_reg multiplier stage design_1_i/myip_v1_0_HLS_0/inst/Loop_VITIS_LOOP_92_3_proc_U0/mac_muladd_8ns_16s_16ns_16_4_1_U22/myip_v1_0_HLS_mac_muladd_8ns_16s_16ns_16_4_1_DSP48_0_U/p_reg_reg/P[47:0] is not pipelined (MREG=0). Pipelining the multiplier function will improve performance and will save significant power so it is suggested whenever possible to fully pipeline this function.  If this multiplier was inferred, it is suggested to describe an additional register stage after this function.  If there is no registered adder/accumulator following the multiply function, two pipeline stages are suggested to allow both the MREG and PREG registers to be used.  If the DSP48 was instantiated in the design, it is suggested to set both the MREG and PREG attributes to 1 when performing multiply functions.
Related violations: <none>

DPOP-4#3 Warning
MREG Output pipelining  
DSP design_1_i/myip_v1_0_HLS_0/inst/Loop_VITIS_LOOP_92_3_proc_U0/mac_muladd_8ns_16s_16ns_16_4_1_U23/myip_v1_0_HLS_mac_muladd_8ns_16s_16ns_16_4_1_DSP48_0_U/p_reg_reg multiplier stage design_1_i/myip_v1_0_HLS_0/inst/Loop_VITIS_LOOP_92_3_proc_U0/mac_muladd_8ns_16s_16ns_16_4_1_U23/myip_v1_0_HLS_mac_muladd_8ns_16s_16ns_16_4_1_DSP48_0_U/p_reg_reg/P[47:0] is not pipelined (MREG=0). Pipelining the multiplier function will improve performance and will save significant power so it is suggested whenever possible to fully pipeline this function.  If this multiplier was inferred, it is suggested to describe an additional register stage after this function.  If there is no registered adder/accumulator following the multiply function, two pipeline stages are suggested to allow both the MREG and PREG registers to be used.  If the DSP48 was instantiated in the design, it is suggested to set both the MREG and PREG attributes to 1 when performing multiply functions.
Related violations: <none>

DPOP-4#4 Warning
MREG Output pipelining  
DSP design_1_i/myip_v1_0_HLS_0/inst/Loop_VITIS_LOOP_92_3_proc_U0/mac_muladd_8ns_16s_16ns_16_4_1_U24/myip_v1_0_HLS_mac_muladd_8ns_16s_16ns_16_4_1_DSP48_0_U/p_reg_reg multiplier stage design_1_i/myip_v1_0_HLS_0/inst/Loop_VITIS_LOOP_92_3_proc_U0/mac_muladd_8ns_16s_16ns_16_4_1_U24/myip_v1_0_HLS_mac_muladd_8ns_16s_16ns_16_4_1_DSP48_0_U/p_reg_reg/P[47:0] is not pipelined (MREG=0). Pipelining the multiplier function will improve performance and will save significant power so it is suggested whenever possible to fully pipeline this function.  If this multiplier was inferred, it is suggested to describe an additional register stage after this function.  If there is no registered adder/accumulator following the multiply function, two pipeline stages are suggested to allow both the MREG and PREG registers to be used.  If the DSP48 was instantiated in the design, it is suggested to set both the MREG and PREG attributes to 1 when performing multiply functions.
Related violations: <none>

DPOP-4#5 Warning
MREG Output pipelining  
DSP design_1_i/myip_v1_unoptimized_0/inst/grp_myip_v1_unoptimized_HLS_Pipeline_VITIS_LOOP_70_3_fu_166/mac_muladd_8ns_8ns_16ns_16_4_1_U29/myip_v1_unoptimized_HLS_mac_muladd_8ns_8ns_16ns_16_4_1_DSP48_0_U/p_reg_reg multiplier stage design_1_i/myip_v1_unoptimized_0/inst/grp_myip_v1_unoptimized_HLS_Pipeline_VITIS_LOOP_70_3_fu_166/mac_muladd_8ns_8ns_16ns_16_4_1_U29/myip_v1_unoptimized_HLS_mac_muladd_8ns_8ns_16ns_16_4_1_DSP48_0_U/p_reg_reg/P[47:0] is not pipelined (MREG=0). Pipelining the multiplier function will improve performance and will save significant power so it is suggested whenever possible to fully pipeline this function.  If this multiplier was inferred, it is suggested to describe an additional register stage after this function.  If there is no registered adder/accumulator following the multiply function, two pipeline stages are suggested to allow both the MREG and PREG registers to be used.  If the DSP48 was instantiated in the design, it is suggested to set both the MREG and PREG attributes to 1 when performing multiply functions.
Related violations: <none>

DPOP-4#6 Warning
MREG Output pipelining  
DSP design_1_i/myip_v1_unoptimized_0/inst/grp_myip_v1_unoptimized_HLS_Pipeline_VITIS_LOOP_70_3_fu_166/mac_muladd_8ns_8ns_16ns_16_4_1_U30/myip_v1_unoptimized_HLS_mac_muladd_8ns_8ns_16ns_16_4_1_DSP48_0_U/p_reg_reg multiplier stage design_1_i/myip_v1_unoptimized_0/inst/grp_myip_v1_unoptimized_HLS_Pipeline_VITIS_LOOP_70_3_fu_166/mac_muladd_8ns_8ns_16ns_16_4_1_U30/myip_v1_unoptimized_HLS_mac_muladd_8ns_8ns_16ns_16_4_1_DSP48_0_U/p_reg_reg/P[47:0] is not pipelined (MREG=0). Pipelining the multiplier function will improve performance and will save significant power so it is suggested whenever possible to fully pipeline this function.  If this multiplier was inferred, it is suggested to describe an additional register stage after this function.  If there is no registered adder/accumulator following the multiply function, two pipeline stages are suggested to allow both the MREG and PREG registers to be used.  If the DSP48 was instantiated in the design, it is suggested to set both the MREG and PREG attributes to 1 when performing multiply functions.
Related violations: <none>

DPOP-4#7 Warning
MREG Output pipelining  
DSP design_1_i/myip_v1_unoptimized_0/inst/grp_myip_v1_unoptimized_HLS_Pipeline_VITIS_LOOP_70_3_fu_166/mac_muladd_8ns_8ns_16ns_16_4_1_U31/myip_v1_unoptimized_HLS_mac_muladd_8ns_8ns_16ns_16_4_1_DSP48_0_U/p_reg_reg multiplier stage design_1_i/myip_v1_unoptimized_0/inst/grp_myip_v1_unoptimized_HLS_Pipeline_VITIS_LOOP_70_3_fu_166/mac_muladd_8ns_8ns_16ns_16_4_1_U31/myip_v1_unoptimized_HLS_mac_muladd_8ns_8ns_16ns_16_4_1_DSP48_0_U/p_reg_reg/P[47:0] is not pipelined (MREG=0). Pipelining the multiplier function will improve performance and will save significant power so it is suggested whenever possible to fully pipeline this function.  If this multiplier was inferred, it is suggested to describe an additional register stage after this function.  If there is no registered adder/accumulator following the multiply function, two pipeline stages are suggested to allow both the MREG and PREG registers to be used.  If the DSP48 was instantiated in the design, it is suggested to set both the MREG and PREG attributes to 1 when performing multiply functions.
Related violations: <none>

DPOP-4#8 Warning
MREG Output pipelining  
DSP design_1_i/myip_v1_unoptimized_0/inst/grp_myip_v1_unoptimized_HLS_Pipeline_VITIS_LOOP_70_3_fu_166/mac_muladd_8ns_8ns_16ns_16_4_1_U32/myip_v1_unoptimized_HLS_mac_muladd_8ns_8ns_16ns_16_4_1_DSP48_0_U/p_reg_reg multiplier stage design_1_i/myip_v1_unoptimized_0/inst/grp_myip_v1_unoptimized_HLS_Pipeline_VITIS_LOOP_70_3_fu_166/mac_muladd_8ns_8ns_16ns_16_4_1_U32/myip_v1_unoptimized_HLS_mac_muladd_8ns_8ns_16ns_16_4_1_DSP48_0_U/p_reg_reg/P[47:0] is not pipelined (MREG=0). Pipelining the multiplier function will improve performance and will save significant power so it is suggested whenever possible to fully pipeline this function.  If this multiplier was inferred, it is suggested to describe an additional register stage after this function.  If there is no registered adder/accumulator following the multiply function, two pipeline stages are suggested to allow both the MREG and PREG registers to be used.  If the DSP48 was instantiated in the design, it is suggested to set both the MREG and PREG attributes to 1 when performing multiply functions.
Related violations: <none>

REQP-1935#1 Warning
RAMB36E2_nochange_collision_advisory  
Synchronous clocking is detected for BRAM (design_1_i/axi_fifo_mm_s_0/U0/COMP_IPIC2AXI_S/grxd.COMP_RX_FIFO/gfifo_gen.COMP_AXIS_FG_FIFO/COMP_FIFO/xpm_fifo_base_inst/gen_sdpram.xpm_memory_base_inst/gen_wr_a.gen_word_narrow.mem_reg) in SDP mode with NO_CHANGE write-mode. This is the preferred mode for best power characteristics. However, NO_CHANGE may exhibit address collisions if the same address appears on both read and write ports resulting in unknown or corrupted read data. It is suggested to confirm via simulation that an address collision never occurs and if so it is suggested to try and avoid this situation. If address collisions cannot be avoided, the write-mode may be set to READ_FIRST which guarantees that the read data is the prior contents of the memory at the cost of additional power in the design. See the FPGA Memory Resources User Guide for additional information.
Related violations: <none>

REQP-1935#2 Warning
RAMB36E2_nochange_collision_advisory  
Synchronous clocking is detected for BRAM (design_1_i/axi_fifo_mm_s_1/U0/COMP_IPIC2AXI_S/grxd.COMP_RX_FIFO/gfifo_gen.COMP_AXIS_FG_FIFO/COMP_FIFO/xpm_fifo_base_inst/gen_sdpram.xpm_memory_base_inst/gen_wr_a.gen_word_narrow.mem_reg) in SDP mode with NO_CHANGE write-mode. This is the preferred mode for best power characteristics. However, NO_CHANGE may exhibit address collisions if the same address appears on both read and write ports resulting in unknown or corrupted read data. It is suggested to confirm via simulation that an address collision never occurs and if so it is suggested to try and avoid this situation. If address collisions cannot be avoided, the write-mode may be set to READ_FIRST which guarantees that the read data is the prior contents of the memory at the cost of additional power in the design. See the FPGA Memory Resources User Guide for additional information.
Related violations: <none>

REQP-1935#3 Warning
RAMB36E2_nochange_collision_advisory  
Synchronous clocking is detected for BRAM (design_1_i/axi_fifo_mm_s_2/U0/COMP_IPIC2AXI_S/grxd.COMP_RX_FIFO/gfifo_gen.COMP_AXIS_FG_FIFO/COMP_FIFO/xpm_fifo_base_inst/gen_sdpram.xpm_memory_base_inst/gen_wr_a.gen_word_narrow.mem_reg) in SDP mode with NO_CHANGE write-mode. This is the preferred mode for best power characteristics. However, NO_CHANGE may exhibit address collisions if the same address appears on both read and write ports resulting in unknown or corrupted read data. It is suggested to confirm via simulation that an address collision never occurs and if so it is suggested to try and avoid this situation. If address collisions cannot be avoided, the write-mode may be set to READ_FIRST which guarantees that the read data is the prior contents of the memory at the cost of additional power in the design. See the FPGA Memory Resources User Guide for additional information.
Related violations: <none>


