Copyright 1986-2022 Xilinx, Inc. All Rights Reserved. Copyright 2022-2023 Advanced Micro Devices, Inc. All Rights Reserved.
---------------------------------------------------------------------------------------------------------------------------------------------
| Tool Version : Vivado v.2023.2 (win64) Build 4029153 Fri Oct 13 20:14:34 MDT 2023
| Date         : Wed Mar 19 15:11:20 2025
| Host         : linus_zenbook running 64-bit major release  (build 9200)
| Command      : report_utilization -file design_1_wrapper_utilization_placed.rpt -pb design_1_wrapper_utilization_placed.pb
| Design       : design_1_wrapper
| Device       : xck26-sfvc784-2LV-c
| Speed File   : -2LV
| Design State : Fully Placed
---------------------------------------------------------------------------------------------------------------------------------------------

Utilization Design Information

Table of Contents
-----------------
1. CLB Logic
1.1 Summary of Registers by Type
2. CLB Logic Distribution
3. BLOCKRAM
4. ARITHMETIC
5. I/O
6. CLOCK
7. ADVANCED
8. CONFIGURATION
9. Primitives
10. Black Boxes
11. Instantiated Netlists

1. CLB Logic
------------

+----------------------------+-------+-------+------------+-----------+-------+
|          Site Type         |  Used | Fixed | Prohibited | Available | Util% |
+----------------------------+-------+-------+------------+-----------+-------+
| CLB LUTs                   |  8545 |     0 |          0 |    117120 |  7.30 |
|   LUT as Logic             |  7872 |     0 |          0 |    117120 |  6.72 |
|   LUT as Memory            |   673 |     0 |          0 |     57600 |  1.17 |
|     LUT as Distributed RAM |   258 |     0 |            |           |       |
|     LUT as Shift Register  |   415 |     0 |            |           |       |
| CLB Registers              | 10568 |     0 |          0 |    234240 |  4.51 |
|   Register as Flip Flop    | 10568 |     0 |          0 |    234240 |  4.51 |
|   Register as Latch        |     0 |     0 |          0 |    234240 |  0.00 |
| CARRY8                     |   165 |     0 |          0 |     14640 |  1.13 |
| F7 Muxes                   |    81 |     0 |          0 |     58560 |  0.14 |
| F8 Muxes                   |     0 |     0 |          0 |     29280 |  0.00 |
| F9 Muxes                   |     0 |     0 |          0 |     14640 |  0.00 |
+----------------------------+-------+-------+------------+-----------+-------+
* Warning! LUT value is adjusted to account for LUT combining.


1.1 Summary of Registers by Type
--------------------------------

+-------+--------------+-------------+--------------+
| Total | Clock Enable | Synchronous | Asynchronous |
+-------+--------------+-------------+--------------+
| 0     |            _ |           - |            - |
| 0     |            _ |           - |          Set |
| 0     |            _ |           - |        Reset |
| 0     |            _ |         Set |            - |
| 0     |            _ |       Reset |            - |
| 0     |          Yes |           - |            - |
| 0     |          Yes |           - |          Set |
| 0     |          Yes |           - |        Reset |
| 337   |          Yes |         Set |            - |
| 10231 |          Yes |       Reset |            - |
+-------+--------------+-------------+--------------+


2. CLB Logic Distribution
-------------------------

+--------------------------------------------+-------+-------+------------+-----------+-------+
|                  Site Type                 |  Used | Fixed | Prohibited | Available | Util% |
+--------------------------------------------+-------+-------+------------+-----------+-------+
| CLB                                        |  1893 |     0 |          0 |     14640 | 12.93 |
|   CLBL                                     |   859 |     0 |            |           |       |
|   CLBM                                     |  1034 |     0 |            |           |       |
| LUT as Logic                               |  7872 |     0 |          0 |    117120 |  6.72 |
|   using O5 output only                     |   251 |       |            |           |       |
|   using O6 output only                     |  5422 |       |            |           |       |
|   using O5 and O6                          |  2199 |       |            |           |       |
| LUT as Memory                              |   673 |     0 |          0 |     57600 |  1.17 |
|   LUT as Distributed RAM                   |   258 |     0 |            |           |       |
|     using O5 output only                   |     0 |       |            |           |       |
|     using O6 output only                   |   224 |       |            |           |       |
|     using O5 and O6                        |    34 |       |            |           |       |
|   LUT as Shift Register                    |   415 |     0 |            |           |       |
|     using O5 output only                   |     0 |       |            |           |       |
|     using O6 output only                   |   383 |       |            |           |       |
|     using O5 and O6                        |    32 |       |            |           |       |
| CLB Registers                              | 10568 |     0 |          0 |    234240 |  4.51 |
|   Register driven from within the CLB      |  4052 |       |            |           |       |
|   Register driven from outside the CLB     |  6516 |       |            |           |       |
|     LUT in front of the register is unused |  2958 |       |            |           |       |
|     LUT in front of the register is used   |  3558 |       |            |           |       |
| Unique Control Sets                        |   882 |       |          0 |     29280 |  3.01 |
+--------------------------------------------+-------+-------+------------+-----------+-------+
* * Note: Available Control Sets calculated as Slices * 2, Review the Control Sets Report for more information regarding control sets.


3. BLOCKRAM
-----------

+-------------------+------+-------+------------+-----------+-------+
|     Site Type     | Used | Fixed | Prohibited | Available | Util% |
+-------------------+------+-------+------------+-----------+-------+
| Block RAM Tile    |    8 |     0 |          0 |       144 |  5.56 |
|   RAMB36/FIFO*    |    6 |     0 |          0 |       144 |  4.17 |
|     RAMB36E2 only |    6 |       |            |           |       |
|   RAMB18          |    4 |     0 |          0 |       288 |  1.39 |
|     RAMB18E2 only |    4 |       |            |           |       |
| URAM              |    0 |     0 |          0 |        64 |  0.00 |
+-------------------+------+-------+------------+-----------+-------+
* Note: Each Block RAM Tile only has one FIFO logic available and therefore can accommodate only one FIFO36E2 or one FIFO18E2. However, if a FIFO18E2 occupies a Block RAM Tile, that tile can still accommodate a RAMB18E2


4. ARITHMETIC
-------------

+----------------+------+-------+------------+-----------+-------+
|    Site Type   | Used | Fixed | Prohibited | Available | Util% |
+----------------+------+-------+------------+-----------+-------+
| DSPs           |   16 |     0 |          0 |      1248 |  1.28 |
|   DSP48E2 only |   16 |       |            |           |       |
+----------------+------+-------+------------+-----------+-------+


5. I/O
------

+------------------+------+-------+------------+-----------+-------+
|     Site Type    | Used | Fixed | Prohibited | Available | Util% |
+------------------+------+-------+------------+-----------+-------+
| Bonded IOB       |    0 |     0 |          0 |       189 |  0.00 |
| HPIOB_M          |    0 |     0 |          0 |        58 |  0.00 |
| HPIOB_S          |    0 |     0 |          0 |        58 |  0.00 |
| HDIOB_M          |    0 |     0 |          0 |        35 |  0.00 |
| HDIOB_S          |    0 |     0 |          0 |        35 |  0.00 |
| HPIOB_SNGL       |    0 |     0 |          0 |         3 |  0.00 |
| HPIOBDIFFINBUF   |    0 |     0 |          0 |        82 |  0.00 |
| HPIOBDIFFOUTBUF  |    0 |     0 |          0 |        82 |  0.00 |
| HDIOBDIFFINBUF   |    0 |     0 |          0 |        35 |  0.00 |
| BITSLICE_CONTROL |    0 |     0 |          0 |        32 |  0.00 |
| BITSLICE_RX_TX   |    0 |     0 |          0 |      1248 |  0.00 |
| BITSLICE_TX      |    0 |     0 |          0 |        32 |  0.00 |
| RIU_OR           |    0 |     0 |          0 |        16 |  0.00 |
+------------------+------+-------+------------+-----------+-------+


6. CLOCK
--------

+----------------------+------+-------+------------+-----------+-------+
|       Site Type      | Used | Fixed | Prohibited | Available | Util% |
+----------------------+------+-------+------------+-----------+-------+
| GLOBAL CLOCK BUFFERs |    2 |     0 |          0 |       352 |  0.57 |
|   BUFGCE             |    1 |     0 |          0 |       112 |  0.89 |
|   BUFGCE_DIV         |    0 |     0 |          0 |        16 |  0.00 |
|   BUFG_GT            |    0 |     0 |          0 |        96 |  0.00 |
|   BUFG_PS            |    1 |     0 |          0 |        96 |  1.04 |
|   BUFGCTRL*          |    0 |     0 |          0 |        32 |  0.00 |
| PLL                  |    0 |     0 |          0 |         8 |  0.00 |
| MMCM                 |    0 |     0 |          0 |         4 |  0.00 |
+----------------------+------+-------+------------+-----------+-------+
* Note: Each used BUFGCTRL counts as two GLOBAL CLOCK BUFFERs. This table does not include global clocking resources, only buffer cell usage. See the Clock Utilization Report (report_clock_utilization) for detailed accounting of global clocking resource availability.


7. ADVANCED
-----------

+-----------------+------+-------+------------+-----------+--------+
|    Site Type    | Used | Fixed | Prohibited | Available |  Util% |
+-----------------+------+-------+------------+-----------+--------+
| GTHE4_CHANNEL   |    0 |     0 |          0 |         4 |   0.00 |
| GTHE4_COMMON    |    0 |     0 |          0 |         1 |   0.00 |
| OBUFDS_GTE4     |    0 |     0 |          0 |         2 |   0.00 |
| OBUFDS_GTE4_ADV |    0 |     0 |          0 |         2 |   0.00 |
| PCIE40E4        |    0 |     0 |          0 |         2 |   0.00 |
| PS8             |    1 |     0 |          0 |         1 | 100.00 |
| SYSMONE4        |    0 |     0 |          0 |         1 |   0.00 |
| VCU             |    0 |     0 |          0 |         1 |   0.00 |
+-----------------+------+-------+------------+-----------+--------+


8. CONFIGURATION
----------------

+-------------+------+-------+------------+-----------+-------+
|  Site Type  | Used | Fixed | Prohibited | Available | Util% |
+-------------+------+-------+------------+-----------+-------+
| BSCANE2     |    0 |     0 |          0 |         4 |  0.00 |
| DNA_PORTE2  |    0 |     0 |          0 |         1 |  0.00 |
| EFUSE_USR   |    0 |     0 |          0 |         1 |  0.00 |
| FRAME_ECCE4 |    0 |     0 |          0 |         1 |  0.00 |
| ICAPE3      |    0 |     0 |          0 |         2 |  0.00 |
| MASTER_JTAG |    0 |     0 |          0 |         1 |  0.00 |
| STARTUPE3   |    0 |     0 |          0 |         1 |  0.00 |
+-------------+------+-------+------------+-----------+-------+


9. Primitives
-------------

+----------+-------+---------------------+
| Ref Name |  Used | Functional Category |
+----------+-------+---------------------+
| FDRE     | 10231 |            Register |
| LUT6     |  3541 |                 CLB |
| LUT3     |  2235 |                 CLB |
| LUT5     |  1461 |                 CLB |
| LUT4     |  1405 |                 CLB |
| LUT2     |  1199 |                 CLB |
| SRLC32E  |   343 |                 CLB |
| FDSE     |   337 |            Register |
| LUT1     |   230 |                 CLB |
| CARRY8   |   165 |                 CLB |
| RAMD64E  |   144 |                 CLB |
| SRL16E   |   104 |                 CLB |
| MUXF7    |    81 |                 CLB |
| RAMS64E  |    80 |                 CLB |
| RAMD32   |    54 |                 CLB |
| DSP48E2  |    16 |          Arithmetic |
| RAMS32   |    14 |                 CLB |
| RAMB36E2 |     6 |            BLOCKRAM |
| RAMB18E2 |     4 |            BLOCKRAM |
| PS8      |     1 |            Advanced |
| BUFG_PS  |     1 |               Clock |
| BUFGCE   |     1 |               Clock |
+----------+-------+---------------------+


10. Black Boxes
---------------

+----------+------+
| Ref Name | Used |
+----------+------+


11. Instantiated Netlists
-------------------------

+----------------------------------+------+
|             Ref Name             | Used |
+----------------------------------+------+
| design_1_zynq_ultra_ps_e_0_0     |    1 |
| design_1_xbar_0                  |    1 |
| design_1_rst_ps8_0_99M_0         |    1 |
| design_1_myip_v1_unoptimized_0_0 |    1 |
| design_1_myip_v1_0_HLS_0_0       |    1 |
| design_1_myip_0_0                |    1 |
| design_1_axi_timer_0_0           |    1 |
| design_1_axi_fifo_mm_s_1_0       |    1 |
| design_1_axi_fifo_mm_s_0_1       |    1 |
| design_1_axi_fifo_mm_s_0_0       |    1 |
| design_1_auto_pc_3               |    1 |
| design_1_auto_pc_2               |    1 |
| design_1_auto_pc_1               |    1 |
| design_1_auto_pc_0               |    1 |
+----------------------------------+------+


