
*** Running vivado
    with args -log design_1_wrapper.vdi -applog -m64 -product Vivado -messageDb vivado.pb -mode batch -source design_1_wrapper.tcl -notrace


ECHO is off.
ECHO is off.

****** Vivado v2023.2 (64-bit)
  **** SW Build 4029153 on Fri Oct 13 20:14:34 MDT 2023
  **** IP Build 4028589 on Sat Oct 14 00:45:43 MDT 2023
  **** SharedData Build 4025554 on Tue Oct 10 17:18:54 MDT 2023
    ** Copyright 1986-2022 Xilinx, Inc. All Rights Reserved.
    ** Copyright 2022-2023 Advanced Micro Devices, Inc. All Rights Reserved.

source design_1_wrapper.tcl -notrace
create_project: Time (s): cpu = 00:00:06 ; elapsed = 00:00:06 . Memory (MB): peak = 455.312 ; gain = 182.969
INFO: [IP_Flow 19-234] Refreshing IP repositories
INFO: [IP_Flow 19-1700] Loaded user IP repository 'c:/Users/sunil/VivadoProjects/EE4218Labs/Lab4/ip_repo/myip_1_1'.
INFO: [IP_Flow 19-1700] Loaded user IP repository 'c:/Users/sunil/VitisHLSip/myip_v1_unoptimized_HLS'.
INFO: [IP_Flow 19-1700] Loaded user IP repository 'c:/Users/sunil/VitisHLSip/myip_v1_0_HLS/myip_v1_0_HLS'.
INFO: [IP_Flow 19-2313] Loaded Vivado IP repository 'C:/Xilinx/Vivado/2023.2/data/ip'.
WARNING: [IP_Flow 19-4995] The host OS only allows 260 characters in a normal path. The IP cache path is more than 80 characters. If you experience issues with IP caching, please consider changing the IP cache to a location with a shorter path. Alternately consider using the OS subst command to map part of the path to a drive letter. 
Current IP cache path is C:/Users/sunil/VivadoProjects/EE4218Labs/Lab4/integrated_coprocessor_v1/integrated_coprocessor_v1.cache/ip 
Command: link_design -top design_1_wrapper -part xck26-sfvc784-2LV-c
Design is defaulting to srcset: sources_1
Design is defaulting to constrset: constrs_1
INFO: [Device 21-403] Loading part xck26-sfvc784-2LV-c
INFO: [Project 1-454] Reading design checkpoint 'c:/Users/sunil/VivadoProjects/EE4218Labs/Lab4/integrated_coprocessor_v1/integrated_coprocessor_v1.gen/sources_1/bd/design_1/ip/design_1_axi_fifo_mm_s_0_0/design_1_axi_fifo_mm_s_0_0.dcp' for cell 'design_1_i/axi_fifo_mm_s_0'
INFO: [Project 1-454] Reading design checkpoint 'c:/Users/sunil/VivadoProjects/EE4218Labs/Lab4/integrated_coprocessor_v1/integrated_coprocessor_v1.gen/sources_1/bd/design_1/ip/design_1_axi_fifo_mm_s_0_1/design_1_axi_fifo_mm_s_0_1.dcp' for cell 'design_1_i/axi_fifo_mm_s_1'
INFO: [Project 1-454] Reading design checkpoint 'c:/Users/sunil/VivadoProjects/EE4218Labs/Lab4/integrated_coprocessor_v1/integrated_coprocessor_v1.gen/sources_1/bd/design_1/ip/design_1_axi_fifo_mm_s_1_0/design_1_axi_fifo_mm_s_1_0.dcp' for cell 'design_1_i/axi_fifo_mm_s_2'
INFO: [Project 1-454] Reading design checkpoint 'c:/Users/sunil/VivadoProjects/EE4218Labs/Lab4/integrated_coprocessor_v1/integrated_coprocessor_v1.gen/sources_1/bd/design_1/ip/design_1_axi_timer_0_0/design_1_axi_timer_0_0.dcp' for cell 'design_1_i/axi_timer_0'
INFO: [Project 1-454] Reading design checkpoint 'c:/Users/sunil/VivadoProjects/EE4218Labs/Lab4/integrated_coprocessor_v1/integrated_coprocessor_v1.srcs/sources_1/bd/design_1/ip/design_1_myip_0_0/design_1_myip_0_0.dcp' for cell 'design_1_i/myip_0'
INFO: [Project 1-454] Reading design checkpoint 'c:/Users/sunil/VivadoProjects/EE4218Labs/Lab4/integrated_coprocessor_v1/integrated_coprocessor_v1.gen/sources_1/bd/design_1/ip/design_1_myip_v1_0_HLS_0_0/design_1_myip_v1_0_HLS_0_0.dcp' for cell 'design_1_i/myip_v1_0_HLS_0'
INFO: [Project 1-454] Reading design checkpoint 'c:/Users/sunil/VivadoProjects/EE4218Labs/Lab4/integrated_coprocessor_v1/integrated_coprocessor_v1.gen/sources_1/bd/design_1/ip/design_1_myip_v1_unoptimized_0_0/design_1_myip_v1_unoptimized_0_0.dcp' for cell 'design_1_i/myip_v1_unoptimized_0'
INFO: [Project 1-454] Reading design checkpoint 'c:/Users/sunil/VivadoProjects/EE4218Labs/Lab4/integrated_coprocessor_v1/integrated_coprocessor_v1.gen/sources_1/bd/design_1/ip/design_1_rst_ps8_0_99M_0/design_1_rst_ps8_0_99M_0.dcp' for cell 'design_1_i/rst_ps8_0_99M'
INFO: [Project 1-454] Reading design checkpoint 'c:/Users/sunil/VivadoProjects/EE4218Labs/Lab4/integrated_coprocessor_v1/integrated_coprocessor_v1.gen/sources_1/bd/design_1/ip/design_1_zynq_ultra_ps_e_0_0/design_1_zynq_ultra_ps_e_0_0.dcp' for cell 'design_1_i/zynq_ultra_ps_e_0'
INFO: [Project 1-454] Reading design checkpoint 'c:/Users/sunil/VivadoProjects/EE4218Labs/Lab4/integrated_coprocessor_v1/integrated_coprocessor_v1.gen/sources_1/bd/design_1/ip/design_1_xbar_0/design_1_xbar_0.dcp' for cell 'design_1_i/ps8_0_axi_periph/xbar'
INFO: [Project 1-454] Reading design checkpoint 'c:/Users/sunil/VivadoProjects/EE4218Labs/Lab4/integrated_coprocessor_v1/integrated_coprocessor_v1.gen/sources_1/bd/design_1/ip/design_1_auto_pc_0/design_1_auto_pc_0.dcp' for cell 'design_1_i/ps8_0_axi_periph/m00_couplers/auto_pc'
INFO: [Project 1-454] Reading design checkpoint 'c:/Users/sunil/VivadoProjects/EE4218Labs/Lab4/integrated_coprocessor_v1/integrated_coprocessor_v1.gen/sources_1/bd/design_1/ip/design_1_auto_pc_1/design_1_auto_pc_1.dcp' for cell 'design_1_i/ps8_0_axi_periph/m02_couplers/auto_pc'
INFO: [Project 1-454] Reading design checkpoint 'c:/Users/sunil/VivadoProjects/EE4218Labs/Lab4/integrated_coprocessor_v1/integrated_coprocessor_v1.gen/sources_1/bd/design_1/ip/design_1_auto_pc_2/design_1_auto_pc_2.dcp' for cell 'design_1_i/ps8_0_axi_periph/m04_couplers/auto_pc'
INFO: [Project 1-454] Reading design checkpoint 'c:/Users/sunil/VivadoProjects/EE4218Labs/Lab4/integrated_coprocessor_v1/integrated_coprocessor_v1.gen/sources_1/bd/design_1/ip/design_1_auto_pc_3/design_1_auto_pc_3.dcp' for cell 'design_1_i/ps8_0_axi_periph/m05_couplers/auto_pc'
Netlist sorting complete. Time (s): cpu = 00:00:00 ; elapsed = 00:00:00.487 . Memory (MB): peak = 1512.879 ; gain = 0.969
INFO: [Netlist 29-17] Analyzing 377 Unisim elements for replacement
INFO: [Netlist 29-28] Unisim Transformation completed in 1 CPU seconds
INFO: [Project 1-479] Netlist was created with Vivado 2023.2
INFO: [Project 1-570] Preparing netlist for logic optimization
Parsing XDC File [c:/Users/sunil/VivadoProjects/EE4218Labs/Lab4/integrated_coprocessor_v1/integrated_coprocessor_v1.gen/sources_1/bd/design_1/ip/design_1_zynq_ultra_ps_e_0_0/design_1_zynq_ultra_ps_e_0_0.xdc] for cell 'design_1_i/zynq_ultra_ps_e_0/inst'
Finished Parsing XDC File [c:/Users/sunil/VivadoProjects/EE4218Labs/Lab4/integrated_coprocessor_v1/integrated_coprocessor_v1.gen/sources_1/bd/design_1/ip/design_1_zynq_ultra_ps_e_0_0/design_1_zynq_ultra_ps_e_0_0.xdc] for cell 'design_1_i/zynq_ultra_ps_e_0/inst'
Parsing XDC File [c:/Users/sunil/VivadoProjects/EE4218Labs/Lab4/integrated_coprocessor_v1/integrated_coprocessor_v1.gen/sources_1/bd/design_1/ip/design_1_rst_ps8_0_99M_0/design_1_rst_ps8_0_99M_0_board.xdc] for cell 'design_1_i/rst_ps8_0_99M/U0'
Finished Parsing XDC File [c:/Users/sunil/VivadoProjects/EE4218Labs/Lab4/integrated_coprocessor_v1/integrated_coprocessor_v1.gen/sources_1/bd/design_1/ip/design_1_rst_ps8_0_99M_0/design_1_rst_ps8_0_99M_0_board.xdc] for cell 'design_1_i/rst_ps8_0_99M/U0'
Parsing XDC File [c:/Users/sunil/VivadoProjects/EE4218Labs/Lab4/integrated_coprocessor_v1/integrated_coprocessor_v1.gen/sources_1/bd/design_1/ip/design_1_rst_ps8_0_99M_0/design_1_rst_ps8_0_99M_0.xdc] for cell 'design_1_i/rst_ps8_0_99M/U0'
Finished Parsing XDC File [c:/Users/sunil/VivadoProjects/EE4218Labs/Lab4/integrated_coprocessor_v1/integrated_coprocessor_v1.gen/sources_1/bd/design_1/ip/design_1_rst_ps8_0_99M_0/design_1_rst_ps8_0_99M_0.xdc] for cell 'design_1_i/rst_ps8_0_99M/U0'
Parsing XDC File [c:/Users/sunil/VivadoProjects/EE4218Labs/Lab4/integrated_coprocessor_v1/integrated_coprocessor_v1.gen/sources_1/bd/design_1/ip/design_1_axi_timer_0_0/design_1_axi_timer_0_0.xdc] for cell 'design_1_i/axi_timer_0/U0'
Finished Parsing XDC File [c:/Users/sunil/VivadoProjects/EE4218Labs/Lab4/integrated_coprocessor_v1/integrated_coprocessor_v1.gen/sources_1/bd/design_1/ip/design_1_axi_timer_0_0/design_1_axi_timer_0_0.xdc] for cell 'design_1_i/axi_timer_0/U0'
INFO: [Project 1-1714] 15 XPM XDC files have been applied to the design.
INFO: [Opt 31-138] Pushed 0 inverter(s) to 0 load pin(s).
Netlist sorting complete. Time (s): cpu = 00:00:00 ; elapsed = 00:00:00.014 . Memory (MB): peak = 2041.758 ; gain = 0.000
INFO: [Project 1-111] Unisim Transformation Summary:
  A total of 131 instances were transformed.
  DSP48E2 => DSP48E2 (DSP_ALU, DSP_A_B_DATA, DSP_C_DATA, DSP_MULTIPLIER, DSP_M_DATA, DSP_OUTPUT, DSP_PREADD, DSP_PREADD_DATA): 16 instances
  RAM16X1S => RAM32X1S (RAMS32): 8 instances
  RAM32M16 => RAM32M16 (RAMD32(x14), RAMS32(x2)): 3 instances
  RAM32X1D => RAM32X1D (RAMD32(x2)): 6 instances
  RAM64M8 => RAM64M8 (RAMD64E(x8)): 18 instances
  RAM64X1S => RAM64X1S (RAMS64E): 80 instances

The system cannot find the path specified.
27 Infos, 1 Warnings, 0 Critical Warnings and 0 Errors encountered.
link_design completed successfully
link_design: Time (s): cpu = 00:00:25 ; elapsed = 00:00:30 . Memory (MB): peak = 2041.758 ; gain = 1524.699
Command: opt_design
Attempting to get a license for feature 'Implementation' and/or device 'xck26'
INFO: [Common 17-349] Got license for feature 'Implementation' and/or device 'xck26'
Running DRC as a precondition to command opt_design

Starting DRC Task
INFO: [DRC 23-27] Running DRC with 2 threads
INFO: [Project 1-461] DRC finished with 0 Errors
INFO: [Project 1-462] Please refer to the DRC report (report_drc) for more information.

Time (s): cpu = 00:00:03 ; elapsed = 00:00:02 . Memory (MB): peak = 2041.758 ; gain = 0.000

Starting Cache Timing Information Task
INFO: [Timing 38-35] Done setting XDC timing constraints.
Ending Cache Timing Information Task | Checksum: ada5e2d4

Time (s): cpu = 00:00:02 ; elapsed = 00:00:02 . Memory (MB): peak = 2041.758 ; gain = 0.000

Starting Logic Optimization Task

Phase 1 Initialization

Phase 1.1 Core Generation And Design Setup
Phase 1.1 Core Generation And Design Setup | Checksum: ada5e2d4

Time (s): cpu = 00:00:00 ; elapsed = 00:00:00.014 . Memory (MB): peak = 2376.664 ; gain = 0.000

Phase 1.2 Setup Constraints And Sort Netlist
Phase 1.2 Setup Constraints And Sort Netlist | Checksum: ada5e2d4

Time (s): cpu = 00:00:00 ; elapsed = 00:00:00.034 . Memory (MB): peak = 2376.664 ; gain = 0.000
Phase 1 Initialization | Checksum: ada5e2d4

Time (s): cpu = 00:00:00 ; elapsed = 00:00:00.037 . Memory (MB): peak = 2376.664 ; gain = 0.000

Phase 2 Timer Update And Timing Data Collection

Phase 2.1 Timer Update
Phase 2.1 Timer Update | Checksum: ada5e2d4

Time (s): cpu = 00:00:00 ; elapsed = 00:00:00.684 . Memory (MB): peak = 2381.102 ; gain = 4.438

Phase 2.2 Timing Data Collection
Phase 2.2 Timing Data Collection | Checksum: ada5e2d4

Time (s): cpu = 00:00:00 ; elapsed = 00:00:00.755 . Memory (MB): peak = 2381.102 ; gain = 4.438
Phase 2 Timer Update And Timing Data Collection | Checksum: ada5e2d4

Time (s): cpu = 00:00:00 ; elapsed = 00:00:00.758 . Memory (MB): peak = 2381.102 ; gain = 4.438

Phase 3 Retarget
INFO: [Opt 31-1566] Pulled 13 inverters resulting in an inversion of 41 pins
INFO: [Opt 31-138] Pushed 24 inverter(s) to 1853 load pin(s).
INFO: [Opt 31-49] Retargeted 0 cell(s).
Phase 3 Retarget | Checksum: cfcc65c3

Time (s): cpu = 00:00:01 ; elapsed = 00:00:02 . Memory (MB): peak = 2381.102 ; gain = 4.438
Retarget | Checksum: cfcc65c3
INFO: [Opt 31-389] Phase Retarget created 38 cells and removed 331 cells

Phase 4 Constant propagation
INFO: [Opt 31-138] Pushed 0 inverter(s) to 0 load pin(s).
Phase 4 Constant propagation | Checksum: c015e9c9

Time (s): cpu = 00:00:01 ; elapsed = 00:00:02 . Memory (MB): peak = 2381.102 ; gain = 4.438
Constant propagation | Checksum: c015e9c9
INFO: [Opt 31-389] Phase Constant propagation created 18 cells and removed 146 cells

Phase 5 Sweep
Phase 5 Sweep | Checksum: d682187c

Time (s): cpu = 00:00:02 ; elapsed = 00:00:03 . Memory (MB): peak = 2381.102 ; gain = 4.438
Sweep | Checksum: d682187c
INFO: [Opt 31-389] Phase Sweep created 0 cells and removed 1427 cells
INFO: [Opt 31-1021] In phase Sweep, 7 netlist objects are constrained preventing optimization. Please run opt_design with -debug_log to get more detail. 

Phase 6 BUFG optimization
INFO: [Opt 31-1077] Phase BUFG optimization inserted 0 global clock buffer(s) for CLOCK_LOW_FANOUT.
Phase 6 BUFG optimization | Checksum: d682187c

Time (s): cpu = 00:00:03 ; elapsed = 00:00:03 . Memory (MB): peak = 2381.102 ; gain = 4.438
BUFG optimization | Checksum: d682187c
INFO: [Opt 31-662] Phase BUFG optimization created 0 cells of which 0 are BUFGs and removed 0 cells.

Phase 7 Shift Register Optimization
WARNING: [Opt 31-1131] Can not pull register out from design_1_i/myip_v1_0_HLS_0/inst/A_1_channel_U/U_myip_v1_0_HLS_fifo_w8_d64_S_ShiftReg/SRL_SIG_reg[63][0]_srl32 due to none static srl address bits
WARNING: [Opt 31-1131] Can not pull register out from design_1_i/myip_v1_0_HLS_0/inst/A_1_channel_U/U_myip_v1_0_HLS_fifo_w8_d64_S_ShiftReg/SRL_SIG_reg[63][0]_srl32__0 due to none static srl address bits
WARNING: [Opt 31-1131] Can not pull register out from design_1_i/myip_v1_0_HLS_0/inst/A_1_channel_U/U_myip_v1_0_HLS_fifo_w8_d64_S_ShiftReg/SRL_SIG_reg[63][1]_srl32 due to none static srl address bits
WARNING: [Opt 31-1131] Can not pull register out from design_1_i/myip_v1_0_HLS_0/inst/A_1_channel_U/U_myip_v1_0_HLS_fifo_w8_d64_S_ShiftReg/SRL_SIG_reg[63][1]_srl32__0 due to none static srl address bits
WARNING: [Opt 31-1131] Can not pull register out from design_1_i/myip_v1_0_HLS_0/inst/A_1_channel_U/U_myip_v1_0_HLS_fifo_w8_d64_S_ShiftReg/SRL_SIG_reg[63][2]_srl32 due to none static srl address bits
WARNING: [Opt 31-1131] Can not pull register out from design_1_i/myip_v1_0_HLS_0/inst/A_1_channel_U/U_myip_v1_0_HLS_fifo_w8_d64_S_ShiftReg/SRL_SIG_reg[63][2]_srl32__0 due to none static srl address bits
WARNING: [Opt 31-1131] Can not pull register out from design_1_i/myip_v1_0_HLS_0/inst/A_1_channel_U/U_myip_v1_0_HLS_fifo_w8_d64_S_ShiftReg/SRL_SIG_reg[63][3]_srl32 due to none static srl address bits
WARNING: [Opt 31-1131] Can not pull register out from design_1_i/myip_v1_0_HLS_0/inst/A_1_channel_U/U_myip_v1_0_HLS_fifo_w8_d64_S_ShiftReg/SRL_SIG_reg[63][3]_srl32__0 due to none static srl address bits
WARNING: [Opt 31-1131] Can not pull register out from design_1_i/myip_v1_0_HLS_0/inst/A_1_channel_U/U_myip_v1_0_HLS_fifo_w8_d64_S_ShiftReg/SRL_SIG_reg[63][4]_srl32 due to none static srl address bits
WARNING: [Opt 31-1131] Can not pull register out from design_1_i/myip_v1_0_HLS_0/inst/A_1_channel_U/U_myip_v1_0_HLS_fifo_w8_d64_S_ShiftReg/SRL_SIG_reg[63][4]_srl32__0 due to none static srl address bits
WARNING: [Opt 31-1131] Can not pull register out from design_1_i/myip_v1_0_HLS_0/inst/A_1_channel_U/U_myip_v1_0_HLS_fifo_w8_d64_S_ShiftReg/SRL_SIG_reg[63][5]_srl32 due to none static srl address bits
WARNING: [Opt 31-1131] Can not pull register out from design_1_i/myip_v1_0_HLS_0/inst/A_1_channel_U/U_myip_v1_0_HLS_fifo_w8_d64_S_ShiftReg/SRL_SIG_reg[63][5]_srl32__0 due to none static srl address bits
WARNING: [Opt 31-1131] Can not pull register out from design_1_i/myip_v1_0_HLS_0/inst/A_1_channel_U/U_myip_v1_0_HLS_fifo_w8_d64_S_ShiftReg/SRL_SIG_reg[63][6]_srl32 due to none static srl address bits
WARNING: [Opt 31-1131] Can not pull register out from design_1_i/myip_v1_0_HLS_0/inst/A_1_channel_U/U_myip_v1_0_HLS_fifo_w8_d64_S_ShiftReg/SRL_SIG_reg[63][6]_srl32__0 due to none static srl address bits
WARNING: [Opt 31-1131] Can not pull register out from design_1_i/myip_v1_0_HLS_0/inst/A_1_channel_U/U_myip_v1_0_HLS_fifo_w8_d64_S_ShiftReg/SRL_SIG_reg[63][7]_srl32 due to none static srl address bits
WARNING: [Opt 31-1131] Can not pull register out from design_1_i/myip_v1_0_HLS_0/inst/A_1_channel_U/U_myip_v1_0_HLS_fifo_w8_d64_S_ShiftReg/SRL_SIG_reg[63][7]_srl32__0 due to none static srl address bits
WARNING: [Opt 31-1131] Can not pull register out from design_1_i/myip_v1_0_HLS_0/inst/A_2_channel_U/U_myip_v1_0_HLS_fifo_w8_d64_S_ShiftReg/SRL_SIG_reg[63][0]_srl32 due to none static srl address bits
WARNING: [Opt 31-1131] Can not pull register out from design_1_i/myip_v1_0_HLS_0/inst/A_2_channel_U/U_myip_v1_0_HLS_fifo_w8_d64_S_ShiftReg/SRL_SIG_reg[63][0]_srl32__0 due to none static srl address bits
WARNING: [Opt 31-1131] Can not pull register out from design_1_i/myip_v1_0_HLS_0/inst/A_2_channel_U/U_myip_v1_0_HLS_fifo_w8_d64_S_ShiftReg/SRL_SIG_reg[63][1]_srl32 due to none static srl address bits
WARNING: [Opt 31-1131] Can not pull register out from design_1_i/myip_v1_0_HLS_0/inst/A_2_channel_U/U_myip_v1_0_HLS_fifo_w8_d64_S_ShiftReg/SRL_SIG_reg[63][1]_srl32__0 due to none static srl address bits
WARNING: [Opt 31-1131] Can not pull register out from design_1_i/myip_v1_0_HLS_0/inst/A_2_channel_U/U_myip_v1_0_HLS_fifo_w8_d64_S_ShiftReg/SRL_SIG_reg[63][2]_srl32 due to none static srl address bits
WARNING: [Opt 31-1131] Can not pull register out from design_1_i/myip_v1_0_HLS_0/inst/A_2_channel_U/U_myip_v1_0_HLS_fifo_w8_d64_S_ShiftReg/SRL_SIG_reg[63][2]_srl32__0 due to none static srl address bits
WARNING: [Opt 31-1131] Can not pull register out from design_1_i/myip_v1_0_HLS_0/inst/A_2_channel_U/U_myip_v1_0_HLS_fifo_w8_d64_S_ShiftReg/SRL_SIG_reg[63][3]_srl32 due to none static srl address bits
WARNING: [Opt 31-1131] Can not pull register out from design_1_i/myip_v1_0_HLS_0/inst/A_2_channel_U/U_myip_v1_0_HLS_fifo_w8_d64_S_ShiftReg/SRL_SIG_reg[63][3]_srl32__0 due to none static srl address bits
WARNING: [Opt 31-1131] Can not pull register out from design_1_i/myip_v1_0_HLS_0/inst/A_2_channel_U/U_myip_v1_0_HLS_fifo_w8_d64_S_ShiftReg/SRL_SIG_reg[63][4]_srl32 due to none static srl address bits
WARNING: [Opt 31-1131] Can not pull register out from design_1_i/myip_v1_0_HLS_0/inst/A_2_channel_U/U_myip_v1_0_HLS_fifo_w8_d64_S_ShiftReg/SRL_SIG_reg[63][4]_srl32__0 due to none static srl address bits
WARNING: [Opt 31-1131] Can not pull register out from design_1_i/myip_v1_0_HLS_0/inst/A_2_channel_U/U_myip_v1_0_HLS_fifo_w8_d64_S_ShiftReg/SRL_SIG_reg[63][5]_srl32 due to none static srl address bits
WARNING: [Opt 31-1131] Can not pull register out from design_1_i/myip_v1_0_HLS_0/inst/A_2_channel_U/U_myip_v1_0_HLS_fifo_w8_d64_S_ShiftReg/SRL_SIG_reg[63][5]_srl32__0 due to none static srl address bits
WARNING: [Opt 31-1131] Can not pull register out from design_1_i/myip_v1_0_HLS_0/inst/A_2_channel_U/U_myip_v1_0_HLS_fifo_w8_d64_S_ShiftReg/SRL_SIG_reg[63][6]_srl32 due to none static srl address bits
WARNING: [Opt 31-1131] Can not pull register out from design_1_i/myip_v1_0_HLS_0/inst/A_2_channel_U/U_myip_v1_0_HLS_fifo_w8_d64_S_ShiftReg/SRL_SIG_reg[63][6]_srl32__0 due to none static srl address bits
WARNING: [Opt 31-1131] Can not pull register out from design_1_i/myip_v1_0_HLS_0/inst/A_2_channel_U/U_myip_v1_0_HLS_fifo_w8_d64_S_ShiftReg/SRL_SIG_reg[63][7]_srl32 due to none static srl address bits
WARNING: [Opt 31-1131] Can not pull register out from design_1_i/myip_v1_0_HLS_0/inst/A_2_channel_U/U_myip_v1_0_HLS_fifo_w8_d64_S_ShiftReg/SRL_SIG_reg[63][7]_srl32__0 due to none static srl address bits
WARNING: [Opt 31-1131] Can not pull register out from design_1_i/myip_v1_0_HLS_0/inst/A_3_channel_U/U_myip_v1_0_HLS_fifo_w8_d64_S_ShiftReg/SRL_SIG_reg[63][0]_srl32 due to none static srl address bits
WARNING: [Opt 31-1131] Can not pull register out from design_1_i/myip_v1_0_HLS_0/inst/A_3_channel_U/U_myip_v1_0_HLS_fifo_w8_d64_S_ShiftReg/SRL_SIG_reg[63][0]_srl32__0 due to none static srl address bits
WARNING: [Opt 31-1131] Can not pull register out from design_1_i/myip_v1_0_HLS_0/inst/A_3_channel_U/U_myip_v1_0_HLS_fifo_w8_d64_S_ShiftReg/SRL_SIG_reg[63][1]_srl32 due to none static srl address bits
WARNING: [Opt 31-1131] Can not pull register out from design_1_i/myip_v1_0_HLS_0/inst/A_3_channel_U/U_myip_v1_0_HLS_fifo_w8_d64_S_ShiftReg/SRL_SIG_reg[63][1]_srl32__0 due to none static srl address bits
WARNING: [Opt 31-1131] Can not pull register out from design_1_i/myip_v1_0_HLS_0/inst/A_3_channel_U/U_myip_v1_0_HLS_fifo_w8_d64_S_ShiftReg/SRL_SIG_reg[63][2]_srl32 due to none static srl address bits
WARNING: [Opt 31-1131] Can not pull register out from design_1_i/myip_v1_0_HLS_0/inst/A_3_channel_U/U_myip_v1_0_HLS_fifo_w8_d64_S_ShiftReg/SRL_SIG_reg[63][2]_srl32__0 due to none static srl address bits
WARNING: [Opt 31-1131] Can not pull register out from design_1_i/myip_v1_0_HLS_0/inst/A_3_channel_U/U_myip_v1_0_HLS_fifo_w8_d64_S_ShiftReg/SRL_SIG_reg[63][3]_srl32 due to none static srl address bits
WARNING: [Opt 31-1131] Can not pull register out from design_1_i/myip_v1_0_HLS_0/inst/A_3_channel_U/U_myip_v1_0_HLS_fifo_w8_d64_S_ShiftReg/SRL_SIG_reg[63][3]_srl32__0 due to none static srl address bits
WARNING: [Opt 31-1131] Can not pull register out from design_1_i/myip_v1_0_HLS_0/inst/A_3_channel_U/U_myip_v1_0_HLS_fifo_w8_d64_S_ShiftReg/SRL_SIG_reg[63][4]_srl32 due to none static srl address bits
WARNING: [Opt 31-1131] Can not pull register out from design_1_i/myip_v1_0_HLS_0/inst/A_3_channel_U/U_myip_v1_0_HLS_fifo_w8_d64_S_ShiftReg/SRL_SIG_reg[63][4]_srl32__0 due to none static srl address bits
WARNING: [Opt 31-1131] Can not pull register out from design_1_i/myip_v1_0_HLS_0/inst/A_3_channel_U/U_myip_v1_0_HLS_fifo_w8_d64_S_ShiftReg/SRL_SIG_reg[63][5]_srl32 due to none static srl address bits
WARNING: [Opt 31-1131] Can not pull register out from design_1_i/myip_v1_0_HLS_0/inst/A_3_channel_U/U_myip_v1_0_HLS_fifo_w8_d64_S_ShiftReg/SRL_SIG_reg[63][5]_srl32__0 due to none static srl address bits
WARNING: [Opt 31-1131] Can not pull register out from design_1_i/myip_v1_0_HLS_0/inst/A_3_channel_U/U_myip_v1_0_HLS_fifo_w8_d64_S_ShiftReg/SRL_SIG_reg[63][6]_srl32 due to none static srl address bits
WARNING: [Opt 31-1131] Can not pull register out from design_1_i/myip_v1_0_HLS_0/inst/A_3_channel_U/U_myip_v1_0_HLS_fifo_w8_d64_S_ShiftReg/SRL_SIG_reg[63][6]_srl32__0 due to none static srl address bits
WARNING: [Opt 31-1131] Can not pull register out from design_1_i/myip_v1_0_HLS_0/inst/A_3_channel_U/U_myip_v1_0_HLS_fifo_w8_d64_S_ShiftReg/SRL_SIG_reg[63][7]_srl32 due to none static srl address bits
WARNING: [Opt 31-1131] Can not pull register out from design_1_i/myip_v1_0_HLS_0/inst/A_3_channel_U/U_myip_v1_0_HLS_fifo_w8_d64_S_ShiftReg/SRL_SIG_reg[63][7]_srl32__0 due to none static srl address bits
WARNING: [Opt 31-1131] Can not pull register out from design_1_i/myip_v1_0_HLS_0/inst/A_4_channel_U/U_myip_v1_0_HLS_fifo_w8_d64_S_ShiftReg/SRL_SIG_reg[63][0]_srl32 due to none static srl address bits
WARNING: [Opt 31-1131] Can not pull register out from design_1_i/myip_v1_0_HLS_0/inst/A_4_channel_U/U_myip_v1_0_HLS_fifo_w8_d64_S_ShiftReg/SRL_SIG_reg[63][0]_srl32__0 due to none static srl address bits
WARNING: [Opt 31-1131] Can not pull register out from design_1_i/myip_v1_0_HLS_0/inst/A_4_channel_U/U_myip_v1_0_HLS_fifo_w8_d64_S_ShiftReg/SRL_SIG_reg[63][1]_srl32 due to none static srl address bits
WARNING: [Opt 31-1131] Can not pull register out from design_1_i/myip_v1_0_HLS_0/inst/A_4_channel_U/U_myip_v1_0_HLS_fifo_w8_d64_S_ShiftReg/SRL_SIG_reg[63][1]_srl32__0 due to none static srl address bits
WARNING: [Opt 31-1131] Can not pull register out from design_1_i/myip_v1_0_HLS_0/inst/A_4_channel_U/U_myip_v1_0_HLS_fifo_w8_d64_S_ShiftReg/SRL_SIG_reg[63][2]_srl32 due to none static srl address bits
WARNING: [Opt 31-1131] Can not pull register out from design_1_i/myip_v1_0_HLS_0/inst/A_4_channel_U/U_myip_v1_0_HLS_fifo_w8_d64_S_ShiftReg/SRL_SIG_reg[63][2]_srl32__0 due to none static srl address bits
WARNING: [Opt 31-1131] Can not pull register out from design_1_i/myip_v1_0_HLS_0/inst/A_4_channel_U/U_myip_v1_0_HLS_fifo_w8_d64_S_ShiftReg/SRL_SIG_reg[63][3]_srl32 due to none static srl address bits
WARNING: [Opt 31-1131] Can not pull register out from design_1_i/myip_v1_0_HLS_0/inst/A_4_channel_U/U_myip_v1_0_HLS_fifo_w8_d64_S_ShiftReg/SRL_SIG_reg[63][3]_srl32__0 due to none static srl address bits
WARNING: [Opt 31-1131] Can not pull register out from design_1_i/myip_v1_0_HLS_0/inst/A_4_channel_U/U_myip_v1_0_HLS_fifo_w8_d64_S_ShiftReg/SRL_SIG_reg[63][4]_srl32 due to none static srl address bits
WARNING: [Opt 31-1131] Can not pull register out from design_1_i/myip_v1_0_HLS_0/inst/A_4_channel_U/U_myip_v1_0_HLS_fifo_w8_d64_S_ShiftReg/SRL_SIG_reg[63][4]_srl32__0 due to none static srl address bits
WARNING: [Opt 31-1131] Can not pull register out from design_1_i/myip_v1_0_HLS_0/inst/A_4_channel_U/U_myip_v1_0_HLS_fifo_w8_d64_S_ShiftReg/SRL_SIG_reg[63][5]_srl32 due to none static srl address bits
WARNING: [Opt 31-1131] Can not pull register out from design_1_i/myip_v1_0_HLS_0/inst/A_4_channel_U/U_myip_v1_0_HLS_fifo_w8_d64_S_ShiftReg/SRL_SIG_reg[63][5]_srl32__0 due to none static srl address bits
WARNING: [Opt 31-1131] Can not pull register out from design_1_i/myip_v1_0_HLS_0/inst/A_4_channel_U/U_myip_v1_0_HLS_fifo_w8_d64_S_ShiftReg/SRL_SIG_reg[63][6]_srl32 due to none static srl address bits
WARNING: [Opt 31-1131] Can not pull register out from design_1_i/myip_v1_0_HLS_0/inst/A_4_channel_U/U_myip_v1_0_HLS_fifo_w8_d64_S_ShiftReg/SRL_SIG_reg[63][6]_srl32__0 due to none static srl address bits
WARNING: [Opt 31-1131] Can not pull register out from design_1_i/myip_v1_0_HLS_0/inst/A_4_channel_U/U_myip_v1_0_HLS_fifo_w8_d64_S_ShiftReg/SRL_SIG_reg[63][7]_srl32 due to none static srl address bits
WARNING: [Opt 31-1131] Can not pull register out from design_1_i/myip_v1_0_HLS_0/inst/A_4_channel_U/U_myip_v1_0_HLS_fifo_w8_d64_S_ShiftReg/SRL_SIG_reg[63][7]_srl32__0 due to none static srl address bits
WARNING: [Opt 31-1131] Can not pull register out from design_1_i/myip_v1_0_HLS_0/inst/A_5_channel_U/U_myip_v1_0_HLS_fifo_w8_d64_S_ShiftReg/SRL_SIG_reg[63][0]_srl32 due to none static srl address bits
WARNING: [Opt 31-1131] Can not pull register out from design_1_i/myip_v1_0_HLS_0/inst/A_5_channel_U/U_myip_v1_0_HLS_fifo_w8_d64_S_ShiftReg/SRL_SIG_reg[63][0]_srl32__0 due to none static srl address bits
WARNING: [Opt 31-1131] Can not pull register out from design_1_i/myip_v1_0_HLS_0/inst/A_5_channel_U/U_myip_v1_0_HLS_fifo_w8_d64_S_ShiftReg/SRL_SIG_reg[63][1]_srl32 due to none static srl address bits
WARNING: [Opt 31-1131] Can not pull register out from design_1_i/myip_v1_0_HLS_0/inst/A_5_channel_U/U_myip_v1_0_HLS_fifo_w8_d64_S_ShiftReg/SRL_SIG_reg[63][1]_srl32__0 due to none static srl address bits
WARNING: [Opt 31-1131] Can not pull register out from design_1_i/myip_v1_0_HLS_0/inst/A_5_channel_U/U_myip_v1_0_HLS_fifo_w8_d64_S_ShiftReg/SRL_SIG_reg[63][2]_srl32 due to none static srl address bits
WARNING: [Opt 31-1131] Can not pull register out from design_1_i/myip_v1_0_HLS_0/inst/A_5_channel_U/U_myip_v1_0_HLS_fifo_w8_d64_S_ShiftReg/SRL_SIG_reg[63][2]_srl32__0 due to none static srl address bits
WARNING: [Opt 31-1131] Can not pull register out from design_1_i/myip_v1_0_HLS_0/inst/A_5_channel_U/U_myip_v1_0_HLS_fifo_w8_d64_S_ShiftReg/SRL_SIG_reg[63][3]_srl32 due to none static srl address bits
WARNING: [Opt 31-1131] Can not pull register out from design_1_i/myip_v1_0_HLS_0/inst/A_5_channel_U/U_myip_v1_0_HLS_fifo_w8_d64_S_ShiftReg/SRL_SIG_reg[63][3]_srl32__0 due to none static srl address bits
WARNING: [Opt 31-1131] Can not pull register out from design_1_i/myip_v1_0_HLS_0/inst/A_5_channel_U/U_myip_v1_0_HLS_fifo_w8_d64_S_ShiftReg/SRL_SIG_reg[63][4]_srl32 due to none static srl address bits
WARNING: [Opt 31-1131] Can not pull register out from design_1_i/myip_v1_0_HLS_0/inst/A_5_channel_U/U_myip_v1_0_HLS_fifo_w8_d64_S_ShiftReg/SRL_SIG_reg[63][4]_srl32__0 due to none static srl address bits
WARNING: [Opt 31-1131] Can not pull register out from design_1_i/myip_v1_0_HLS_0/inst/A_5_channel_U/U_myip_v1_0_HLS_fifo_w8_d64_S_ShiftReg/SRL_SIG_reg[63][5]_srl32 due to none static srl address bits
WARNING: [Opt 31-1131] Can not pull register out from design_1_i/myip_v1_0_HLS_0/inst/A_5_channel_U/U_myip_v1_0_HLS_fifo_w8_d64_S_ShiftReg/SRL_SIG_reg[63][5]_srl32__0 due to none static srl address bits
WARNING: [Opt 31-1131] Can not pull register out from design_1_i/myip_v1_0_HLS_0/inst/A_5_channel_U/U_myip_v1_0_HLS_fifo_w8_d64_S_ShiftReg/SRL_SIG_reg[63][6]_srl32 due to none static srl address bits
WARNING: [Opt 31-1131] Can not pull register out from design_1_i/myip_v1_0_HLS_0/inst/A_5_channel_U/U_myip_v1_0_HLS_fifo_w8_d64_S_ShiftReg/SRL_SIG_reg[63][6]_srl32__0 due to none static srl address bits
WARNING: [Opt 31-1131] Can not pull register out from design_1_i/myip_v1_0_HLS_0/inst/A_5_channel_U/U_myip_v1_0_HLS_fifo_w8_d64_S_ShiftReg/SRL_SIG_reg[63][7]_srl32 due to none static srl address bits
WARNING: [Opt 31-1131] Can not pull register out from design_1_i/myip_v1_0_HLS_0/inst/A_5_channel_U/U_myip_v1_0_HLS_fifo_w8_d64_S_ShiftReg/SRL_SIG_reg[63][7]_srl32__0 due to none static srl address bits
WARNING: [Opt 31-1131] Can not pull register out from design_1_i/myip_v1_0_HLS_0/inst/A_6_channel_U/U_myip_v1_0_HLS_fifo_w8_d64_S_ShiftReg/SRL_SIG_reg[63][0]_srl32 due to none static srl address bits
WARNING: [Opt 31-1131] Can not pull register out from design_1_i/myip_v1_0_HLS_0/inst/A_6_channel_U/U_myip_v1_0_HLS_fifo_w8_d64_S_ShiftReg/SRL_SIG_reg[63][0]_srl32__0 due to none static srl address bits
WARNING: [Opt 31-1131] Can not pull register out from design_1_i/myip_v1_0_HLS_0/inst/A_6_channel_U/U_myip_v1_0_HLS_fifo_w8_d64_S_ShiftReg/SRL_SIG_reg[63][1]_srl32 due to none static srl address bits
WARNING: [Opt 31-1131] Can not pull register out from design_1_i/myip_v1_0_HLS_0/inst/A_6_channel_U/U_myip_v1_0_HLS_fifo_w8_d64_S_ShiftReg/SRL_SIG_reg[63][1]_srl32__0 due to none static srl address bits
WARNING: [Opt 31-1131] Can not pull register out from design_1_i/myip_v1_0_HLS_0/inst/A_6_channel_U/U_myip_v1_0_HLS_fifo_w8_d64_S_ShiftReg/SRL_SIG_reg[63][2]_srl32 due to none static srl address bits
WARNING: [Opt 31-1131] Can not pull register out from design_1_i/myip_v1_0_HLS_0/inst/A_6_channel_U/U_myip_v1_0_HLS_fifo_w8_d64_S_ShiftReg/SRL_SIG_reg[63][2]_srl32__0 due to none static srl address bits
WARNING: [Opt 31-1131] Can not pull register out from design_1_i/myip_v1_0_HLS_0/inst/A_6_channel_U/U_myip_v1_0_HLS_fifo_w8_d64_S_ShiftReg/SRL_SIG_reg[63][3]_srl32 due to none static srl address bits
WARNING: [Opt 31-1131] Can not pull register out from design_1_i/myip_v1_0_HLS_0/inst/A_6_channel_U/U_myip_v1_0_HLS_fifo_w8_d64_S_ShiftReg/SRL_SIG_reg[63][3]_srl32__0 due to none static srl address bits
WARNING: [Opt 31-1131] Can not pull register out from design_1_i/myip_v1_0_HLS_0/inst/A_6_channel_U/U_myip_v1_0_HLS_fifo_w8_d64_S_ShiftReg/SRL_SIG_reg[63][4]_srl32 due to none static srl address bits
WARNING: [Opt 31-1131] Can not pull register out from design_1_i/myip_v1_0_HLS_0/inst/A_6_channel_U/U_myip_v1_0_HLS_fifo_w8_d64_S_ShiftReg/SRL_SIG_reg[63][4]_srl32__0 due to none static srl address bits
WARNING: [Opt 31-1131] Can not pull register out from design_1_i/myip_v1_0_HLS_0/inst/A_6_channel_U/U_myip_v1_0_HLS_fifo_w8_d64_S_ShiftReg/SRL_SIG_reg[63][5]_srl32 due to none static srl address bits
WARNING: [Opt 31-1131] Can not pull register out from design_1_i/myip_v1_0_HLS_0/inst/A_6_channel_U/U_myip_v1_0_HLS_fifo_w8_d64_S_ShiftReg/SRL_SIG_reg[63][5]_srl32__0 due to none static srl address bits
WARNING: [Opt 31-1131] Can not pull register out from design_1_i/myip_v1_0_HLS_0/inst/A_6_channel_U/U_myip_v1_0_HLS_fifo_w8_d64_S_ShiftReg/SRL_SIG_reg[63][6]_srl32 due to none static srl address bits
WARNING: [Opt 31-1131] Can not pull register out from design_1_i/myip_v1_0_HLS_0/inst/A_6_channel_U/U_myip_v1_0_HLS_fifo_w8_d64_S_ShiftReg/SRL_SIG_reg[63][6]_srl32__0 due to none static srl address bits
WARNING: [Opt 31-1131] Can not pull register out from design_1_i/myip_v1_0_HLS_0/inst/A_6_channel_U/U_myip_v1_0_HLS_fifo_w8_d64_S_ShiftReg/SRL_SIG_reg[63][7]_srl32 due to none static srl address bits
WARNING: [Opt 31-1131] Can not pull register out from design_1_i/myip_v1_0_HLS_0/inst/A_6_channel_U/U_myip_v1_0_HLS_fifo_w8_d64_S_ShiftReg/SRL_SIG_reg[63][7]_srl32__0 due to none static srl address bits
WARNING: [Opt 31-1131] Can not pull register out from design_1_i/myip_v1_0_HLS_0/inst/A_7_channel_U/U_myip_v1_0_HLS_fifo_w8_d64_S_ShiftReg/SRL_SIG_reg[63][0]_srl32 due to none static srl address bits
WARNING: [Opt 31-1131] Can not pull register out from design_1_i/myip_v1_0_HLS_0/inst/A_7_channel_U/U_myip_v1_0_HLS_fifo_w8_d64_S_ShiftReg/SRL_SIG_reg[63][0]_srl32__0 due to none static srl address bits
WARNING: [Opt 31-1131] Can not pull register out from design_1_i/myip_v1_0_HLS_0/inst/A_7_channel_U/U_myip_v1_0_HLS_fifo_w8_d64_S_ShiftReg/SRL_SIG_reg[63][1]_srl32 due to none static srl address bits
WARNING: [Opt 31-1131] Can not pull register out from design_1_i/myip_v1_0_HLS_0/inst/A_7_channel_U/U_myip_v1_0_HLS_fifo_w8_d64_S_ShiftReg/SRL_SIG_reg[63][1]_srl32__0 due to none static srl address bits
INFO: [Common 17-14] Message 'Opt 31-1131' appears 100 times and further instances of the messages will be disabled. Use the Tcl command set_msg_config to change the current settings.
INFO: [Opt 31-1064] SRL Remap converted 0 SRLs to 0 registers and converted 0 registers of register chains to 0 SRLs
Phase 7 Shift Register Optimization | Checksum: d682187c

Time (s): cpu = 00:00:03 ; elapsed = 00:00:03 . Memory (MB): peak = 2381.102 ; gain = 4.438
Shift Register Optimization | Checksum: d682187c
INFO: [Opt 31-389] Phase Shift Register Optimization created 0 cells and removed 0 cells

Phase 8 Post Processing Netlist
Phase 8 Post Processing Netlist | Checksum: f77b126b

Time (s): cpu = 00:00:03 ; elapsed = 00:00:03 . Memory (MB): peak = 2381.102 ; gain = 4.438
Post Processing Netlist | Checksum: f77b126b
INFO: [Opt 31-389] Phase Post Processing Netlist created 0 cells and removed 0 cells

Phase 9 Finalization

Phase 9.1 Finalizing Design Cores and Updating Shapes
Phase 9.1 Finalizing Design Cores and Updating Shapes | Checksum: 1b3069fe8

Time (s): cpu = 00:00:03 ; elapsed = 00:00:04 . Memory (MB): peak = 2381.102 ; gain = 4.438

Phase 9.2 Verifying Netlist Connectivity

Starting Connectivity Check Task

Time (s): cpu = 00:00:00 ; elapsed = 00:00:00.045 . Memory (MB): peak = 2381.102 ; gain = 0.000
Phase 9.2 Verifying Netlist Connectivity | Checksum: 1b3069fe8

Time (s): cpu = 00:00:03 ; elapsed = 00:00:04 . Memory (MB): peak = 2381.102 ; gain = 4.438
Phase 9 Finalization | Checksum: 1b3069fe8

Time (s): cpu = 00:00:03 ; elapsed = 00:00:04 . Memory (MB): peak = 2381.102 ; gain = 4.438
Opt_design Change Summary
=========================


-------------------------------------------------------------------------------------------------------------------------
|  Phase                        |  #Cells created  |  #Cells Removed  |  #Constrained objects preventing optimizations  |
-------------------------------------------------------------------------------------------------------------------------
|  Retarget                     |              38  |             331  |                                              0  |
|  Constant propagation         |              18  |             146  |                                              0  |
|  Sweep                        |               0  |            1427  |                                              7  |
|  BUFG optimization            |               0  |               0  |                                              0  |
|  Shift Register Optimization  |               0  |               0  |                                              0  |
|  Post Processing Netlist      |               0  |               0  |                                              0  |
-------------------------------------------------------------------------------------------------------------------------


Ending Logic Optimization Task | Checksum: 1b3069fe8

Time (s): cpu = 00:00:03 ; elapsed = 00:00:04 . Memory (MB): peak = 2381.102 ; gain = 4.438
INFO: [Constraints 18-11670] Building netlist checker database with flags, 0x8
Done building netlist checker database: Time (s): cpu = 00:00:00 ; elapsed = 00:00:00.015 . Memory (MB): peak = 2381.102 ; gain = 0.000

Starting Power Optimization Task
INFO: [Pwropt 34-132] Skipping clock gating for clocks with a period < 2.00 ns.
INFO: [Pwropt 34-9] Applying IDT optimizations ...
INFO: [Pwropt 34-10] Applying ODC optimizations ...
INFO: [Timing 38-35] Done setting XDC timing constraints.
Running Vector-less Activity Propagation...

Finished Running Vector-less Activity Propagation


Starting PowerOpt Patch Enables Task
INFO: [Pwropt 34-162] WRITE_MODE attribute of 0 BRAM(s) out of a total of 10 has been updated to save power. Run report_power_opt to get a complete listing of the BRAMs updated.
INFO: [Pwropt 34-201] Structural ODC has moved 6 WE to EN ports
Number of BRAM Ports augmented: 5 newly gated: 6 Total Ports: 20
Ending PowerOpt Patch Enables Task | Checksum: 19437c393

Time (s): cpu = 00:00:00 ; elapsed = 00:00:00.152 . Memory (MB): peak = 3068.727 ; gain = 0.000
Ending Power Optimization Task | Checksum: 19437c393

Time (s): cpu = 00:00:20 ; elapsed = 00:00:18 . Memory (MB): peak = 3068.727 ; gain = 687.625

Starting Final Cleanup Task
Ending Final Cleanup Task | Checksum: 19437c393

Time (s): cpu = 00:00:00 ; elapsed = 00:00:00.002 . Memory (MB): peak = 3068.727 ; gain = 0.000

Starting Netlist Obfuscation Task
Netlist sorting complete. Time (s): cpu = 00:00:00 ; elapsed = 00:00:00.058 . Memory (MB): peak = 3068.727 ; gain = 0.000
Ending Netlist Obfuscation Task | Checksum: 1c71bbb14

Time (s): cpu = 00:00:00 ; elapsed = 00:00:00.061 . Memory (MB): peak = 3068.727 ; gain = 0.000
INFO: [Common 17-83] Releasing license: Implementation
54 Infos, 101 Warnings, 0 Critical Warnings and 0 Errors encountered.
opt_design completed successfully
opt_design: Time (s): cpu = 00:00:31 ; elapsed = 00:00:28 . Memory (MB): peak = 3068.727 ; gain = 1026.969
INFO: [runtcl-4] Executing : report_drc -file design_1_wrapper_drc_opted.rpt -pb design_1_wrapper_drc_opted.pb -rpx design_1_wrapper_drc_opted.rpx
Command: report_drc -file design_1_wrapper_drc_opted.rpt -pb design_1_wrapper_drc_opted.pb -rpx design_1_wrapper_drc_opted.rpx
INFO: [IP_Flow 19-1839] IP Catalog is up to date.
INFO: [Timing 38-35] Done setting XDC timing constraints.
INFO: [DRC 23-27] Running DRC with 2 threads
INFO: [Vivado_Tcl 2-168] The results of DRC are in file C:/Users/sunil/VivadoProjects/EE4218Labs/Lab4/integrated_coprocessor_v1/integrated_coprocessor_v1.runs/impl_1/design_1_wrapper_drc_opted.rpt.
report_drc completed successfully
report_drc: Time (s): cpu = 00:00:29 ; elapsed = 00:00:29 . Memory (MB): peak = 4030.074 ; gain = 961.348
INFO: [Timing 38-480] Writing timing data to binary archive.
Write ShapeDB Complete: Time (s): cpu = 00:00:00 ; elapsed = 00:00:00.031 . Memory (MB): peak = 4030.074 ; gain = 0.000
INFO: [Common 17-1381] The checkpoint 'C:/Users/sunil/VivadoProjects/EE4218Labs/Lab4/integrated_coprocessor_v1/integrated_coprocessor_v1.runs/impl_1/design_1_wrapper_opt.dcp' has been generated.
Command: place_design
Attempting to get a license for feature 'Implementation' and/or device 'xck26'
INFO: [Common 17-349] Got license for feature 'Implementation' and/or device 'xck26'
INFO: [Common 17-83] Releasing license: Implementation
INFO: [DRC 23-27] Running DRC with 2 threads
INFO: [Vivado_Tcl 4-198] DRC finished with 0 Errors
INFO: [Vivado_Tcl 4-199] Please refer to the DRC report (report_drc) for more information.
Running DRC as a precondition to command place_design
INFO: [DRC 23-27] Running DRC with 2 threads
INFO: [Vivado_Tcl 4-198] DRC finished with 0 Errors
INFO: [Vivado_Tcl 4-199] Please refer to the DRC report (report_drc) for more information.
INFO: [Place 30-611] Multithreading enabled for place_design using a maximum of 2 CPUs

Starting Placer Task

Phase 1 Placer Initialization

Phase 1.1 Placer Initialization Netlist Sorting
Netlist sorting complete. Time (s): cpu = 00:00:00 ; elapsed = 00:00:00.013 . Memory (MB): peak = 4030.074 ; gain = 0.000
Phase 1.1 Placer Initialization Netlist Sorting | Checksum: d61a4792

Time (s): cpu = 00:00:00 ; elapsed = 00:00:00.034 . Memory (MB): peak = 4030.074 ; gain = 0.000
Netlist sorting complete. Time (s): cpu = 00:00:00 ; elapsed = 00:00:00.011 . Memory (MB): peak = 4030.074 ; gain = 0.000

Phase 1.2 IO Placement/ Clock Placement/ Build Placer Device
Phase 1.2 IO Placement/ Clock Placement/ Build Placer Device | Checksum: f128f083

Time (s): cpu = 00:00:02 ; elapsed = 00:00:02 . Memory (MB): peak = 4030.074 ; gain = 0.000

Phase 1.3 Build Placer Netlist Model
Phase 1.3 Build Placer Netlist Model | Checksum: 1e15d3c6b

Time (s): cpu = 00:00:06 ; elapsed = 00:00:07 . Memory (MB): peak = 4030.074 ; gain = 0.000

Phase 1.4 Constrain Clocks/Macros
Phase 1.4 Constrain Clocks/Macros | Checksum: 1e15d3c6b

Time (s): cpu = 00:00:06 ; elapsed = 00:00:07 . Memory (MB): peak = 4030.074 ; gain = 0.000
Phase 1 Placer Initialization | Checksum: 1e15d3c6b

Time (s): cpu = 00:00:06 ; elapsed = 00:00:07 . Memory (MB): peak = 4030.074 ; gain = 0.000

Phase 2 Global Placement

Phase 2.1 Floorplanning

Phase 2.1.1 Partition Driven Placement

Phase 2.1.1.1 PBP: Partition Driven Placement
Phase 2.1.1.1 PBP: Partition Driven Placement | Checksum: 187168562

Time (s): cpu = 00:00:10 ; elapsed = 00:00:11 . Memory (MB): peak = 4030.074 ; gain = 0.000

Phase 2.1.1.2 PBP: Clock Region Placement
INFO: [Place 30-3162] Check ILP status : ILP-based clock placer completed successfully.
Phase 2.1.1.2 PBP: Clock Region Placement | Checksum: 18d652d1b

Time (s): cpu = 00:00:11 ; elapsed = 00:00:12 . Memory (MB): peak = 4030.074 ; gain = 0.000

Phase 2.1.1.3 PBP: Compute Congestion
Phase 2.1.1.3 PBP: Compute Congestion | Checksum: 18d652d1b

Time (s): cpu = 00:00:23 ; elapsed = 00:00:19 . Memory (MB): peak = 4030.074 ; gain = 0.000

Phase 2.1.1.4 PBP: UpdateTiming
Phase 2.1.1.4 PBP: UpdateTiming | Checksum: 126e47e80

Time (s): cpu = 00:00:24 ; elapsed = 00:00:20 . Memory (MB): peak = 4030.074 ; gain = 0.000

Phase 2.1.1.5 PBP: Add part constraints
Phase 2.1.1.5 PBP: Add part constraints | Checksum: 126e47e80

Time (s): cpu = 00:00:24 ; elapsed = 00:00:20 . Memory (MB): peak = 4030.074 ; gain = 0.000
Phase 2.1.1 Partition Driven Placement | Checksum: 126e47e80

Time (s): cpu = 00:00:24 ; elapsed = 00:00:20 . Memory (MB): peak = 4030.074 ; gain = 0.000
Phase 2.1 Floorplanning | Checksum: 175f1412b

Time (s): cpu = 00:00:24 ; elapsed = 00:00:20 . Memory (MB): peak = 4030.074 ; gain = 0.000

Phase 2.2 Update Timing before SLR Path Opt
Phase 2.2 Update Timing before SLR Path Opt | Checksum: 175f1412b

Time (s): cpu = 00:00:24 ; elapsed = 00:00:20 . Memory (MB): peak = 4030.074 ; gain = 0.000

Phase 2.3 Post-Processing in Floorplanning
Phase 2.3 Post-Processing in Floorplanning | Checksum: 175f1412b

Time (s): cpu = 00:00:24 ; elapsed = 00:00:20 . Memory (MB): peak = 4030.074 ; gain = 0.000

Phase 2.4 Global Placement Core

Phase 2.4.1 UpdateTiming Before Physical Synthesis
Phase 2.4.1 UpdateTiming Before Physical Synthesis | Checksum: 144842af8

Time (s): cpu = 00:01:05 ; elapsed = 00:00:47 . Memory (MB): peak = 4039.648 ; gain = 9.574

Phase 2.4.2 Physical Synthesis In Placer
INFO: [Physopt 32-1035] Found 0 LUTNM shape to break, 507 LUT instances to create LUTNM shape
INFO: [Physopt 32-1044] Break lutnm for timing: one critical 0, two critical 0, total 0, new lutff created 0
INFO: [Physopt 32-1138] End 1 Pass. Optimized 209 nets or LUTs. Breaked 0 LUT, combined 209 existing LUTs and moved 0 existing LUT
INFO: [Physopt 32-1030] Pass 1. Identified 10 candidate driver sets for equivalent driver rewiring.
INFO: [Physopt 32-661] Optimized 9 nets.  Re-placed 72 instances.
INFO: [Physopt 32-775] End 1 Pass. Optimized 9 nets or cells. Created 0 new cell, deleted 0 existing cell and moved 72 existing cells
Netlist sorting complete. Time (s): cpu = 00:00:00 ; elapsed = 00:00:00.128 . Memory (MB): peak = 4039.648 ; gain = 0.000
INFO: [Physopt 32-65] No nets found for high-fanout optimization.
INFO: [Physopt 32-232] Optimized 0 net. Created 0 new instance.
INFO: [Physopt 32-775] End 1 Pass. Optimized 0 net or cell. Created 0 new cell, deleted 0 existing cell and moved 0 existing cell
INFO: [Physopt 32-670] No setup violation found.  DSP Register Optimization was not performed.
INFO: [Physopt 32-670] No setup violation found.  Shift Register to Pipeline Optimization was not performed.
INFO: [Physopt 32-670] No setup violation found.  Shift Register Optimization was not performed.
INFO: [Physopt 32-670] No setup violation found.  BRAM Register Optimization was not performed.
INFO: [Physopt 32-670] No setup violation found.  URAM Register Optimization was not performed.
INFO: [Physopt 32-949] No candidate nets found for dynamic/static region interface net replication
INFO: [Physopt 32-775] End 1 Pass. Optimized 0 net or cell. Created 0 new cell, deleted 0 existing cell and moved 0 existing cell
Netlist sorting complete. Time (s): cpu = 00:00:00 ; elapsed = 00:00:00.009 . Memory (MB): peak = 4039.648 ; gain = 0.000

Summary of Physical Synthesis Optimizations
============================================


-----------------------------------------------------------------------------------------------------------------------------------------------------------
|  Optimization                                     |  Added Cells  |  Removed Cells  |  Optimized Cells/Nets  |  Dont Touch  |  Iterations  |  Elapsed   |
-----------------------------------------------------------------------------------------------------------------------------------------------------------
|  LUT Combining                                    |            0  |            209  |                   209  |           0  |           1  |  00:00:00  |
|  Retime                                           |            0  |              0  |                     0  |           0  |           1  |  00:00:00  |
|  Equivalent Driver Rewiring                       |            0  |              0  |                     9  |           0  |           1  |  00:00:01  |
|  Very High Fanout                                 |            0  |              0  |                     0  |           0  |           1  |  00:00:00  |
|  DSP Register                                     |            0  |              0  |                     0  |           0  |           0  |  00:00:00  |
|  Shift Register to Pipeline                       |            0  |              0  |                     0  |           0  |           0  |  00:00:00  |
|  Shift Register                                   |            0  |              0  |                     0  |           0  |           0  |  00:00:00  |
|  BRAM Register                                    |            0  |              0  |                     0  |           0  |           0  |  00:00:00  |
|  URAM Register                                    |            0  |              0  |                     0  |           0  |           0  |  00:00:00  |
|  Dynamic/Static Region Interface Net Replication  |            0  |              0  |                     0  |           0  |           1  |  00:00:00  |
|  Total                                            |            0  |            209  |                   218  |           0  |           5  |  00:00:02  |
-----------------------------------------------------------------------------------------------------------------------------------------------------------


Phase 2.4.2 Physical Synthesis In Placer | Checksum: c3fc5422

Time (s): cpu = 00:01:08 ; elapsed = 00:00:50 . Memory (MB): peak = 4039.648 ; gain = 9.574
Phase 2.4 Global Placement Core | Checksum: 185698c52

Time (s): cpu = 00:01:20 ; elapsed = 00:00:58 . Memory (MB): peak = 4039.648 ; gain = 9.574
Phase 2 Global Placement | Checksum: 185698c52

Time (s): cpu = 00:01:20 ; elapsed = 00:00:58 . Memory (MB): peak = 4039.648 ; gain = 9.574

Phase 3 Detail Placement

Phase 3.1 Commit Multi Column Macros
Phase 3.1 Commit Multi Column Macros | Checksum: 1623ad1e3

Time (s): cpu = 00:01:34 ; elapsed = 00:01:06 . Memory (MB): peak = 4039.648 ; gain = 9.574

Phase 3.2 Commit Most Macros & LUTRAMs
Phase 3.2 Commit Most Macros & LUTRAMs | Checksum: 1f4a85344

Time (s): cpu = 00:01:36 ; elapsed = 00:01:07 . Memory (MB): peak = 4039.648 ; gain = 9.574

Phase 3.3 Small Shape DP

Phase 3.3.1 Small Shape Clustering
Phase 3.3.1 Small Shape Clustering | Checksum: 1ca115ae6

Time (s): cpu = 00:02:01 ; elapsed = 00:01:22 . Memory (MB): peak = 4039.648 ; gain = 9.574

Phase 3.3.2 Slice Area Swap

Phase 3.3.2.1 Slice Area Swap Initial
Phase 3.3.2.1 Slice Area Swap Initial | Checksum: 164d687e8

Time (s): cpu = 00:02:14 ; elapsed = 00:01:31 . Memory (MB): peak = 4039.648 ; gain = 9.574
Phase 3.3.2 Slice Area Swap | Checksum: 164d687e8

Time (s): cpu = 00:02:14 ; elapsed = 00:01:31 . Memory (MB): peak = 4039.648 ; gain = 9.574
Phase 3.3 Small Shape DP | Checksum: 19535cc3c

Time (s): cpu = 00:02:45 ; elapsed = 00:01:48 . Memory (MB): peak = 4039.648 ; gain = 9.574

Phase 3.4 Re-assign LUT pins
Phase 3.4 Re-assign LUT pins | Checksum: 18a79cbf8

Time (s): cpu = 00:02:46 ; elapsed = 00:01:49 . Memory (MB): peak = 4039.648 ; gain = 9.574

Phase 3.5 Pipeline Register Optimization
Phase 3.5 Pipeline Register Optimization | Checksum: 1abfe6171

Time (s): cpu = 00:02:46 ; elapsed = 00:01:49 . Memory (MB): peak = 4039.648 ; gain = 9.574
Phase 3 Detail Placement | Checksum: 1abfe6171

Time (s): cpu = 00:02:46 ; elapsed = 00:01:49 . Memory (MB): peak = 4039.648 ; gain = 9.574

Phase 4 Post Placement Optimization and Clean-Up

Phase 4.1 Post Commit Optimization
INFO: [Timing 38-35] Done setting XDC timing constraints.

Phase 4.1.1 Post Placement Optimization
Post Placement Optimization Initialization | Checksum: 1e9b5653a

Phase 4.1.1.1 BUFG Insertion

Starting Physical Synthesis Task

Phase 1 Physical Synthesis Initialization
INFO: [Physopt 32-721] Multithreading enabled for phys_opt_design using a maximum of 2 CPUs
INFO: [Physopt 32-619] Estimated Timing Summary | WNS=4.920 | TNS=0.000 |
Phase 1 Physical Synthesis Initialization | Checksum: 171c5b6dc

Time (s): cpu = 00:00:00 ; elapsed = 00:00:00.609 . Memory (MB): peak = 4039.648 ; gain = 0.000
INFO: [Place 46-35] Processed net design_1_i/rst_ps8_0_99M/U0/peripheral_aresetn[0], inserted BUFG to drive 1057 loads.
INFO: [Place 46-45] Replicated bufg driver design_1_i/rst_ps8_0_99M/U0/ACTIVE_LOW_PR_OUT_DFF[0].FDRE_PER_N_replica
INFO: [Place 46-56] BUFG insertion identified 1 candidate nets. Inserted BUFG: 1, Replicated BUFG Driver: 1, Skipped due to Placement/Routing Conflicts: 0, Skipped due to Timing Degradation: 0, Skipped due to netlist editing failed: 0.
Ending Physical Synthesis Task | Checksum: fed793b3

Time (s): cpu = 00:00:01 ; elapsed = 00:00:02 . Memory (MB): peak = 4039.648 ; gain = 0.000
Phase 4.1.1.1 BUFG Insertion | Checksum: 1c900adc0

Time (s): cpu = 00:03:08 ; elapsed = 00:02:05 . Memory (MB): peak = 4039.648 ; gain = 9.574

Phase 4.1.1.2 Post Placement Timing Optimization
INFO: [Place 30-746] Post Placement Timing Summary WNS=5.240. For the most accurate timing information please run report_timing.
Phase 4.1.1.2 Post Placement Timing Optimization | Checksum: 1957fad02

Time (s): cpu = 00:03:09 ; elapsed = 00:02:05 . Memory (MB): peak = 4039.648 ; gain = 9.574

Time (s): cpu = 00:03:09 ; elapsed = 00:02:05 . Memory (MB): peak = 4039.648 ; gain = 9.574
Phase 4.1 Post Commit Optimization | Checksum: 1957fad02

Time (s): cpu = 00:03:09 ; elapsed = 00:02:06 . Memory (MB): peak = 4039.648 ; gain = 9.574
Netlist sorting complete. Time (s): cpu = 00:00:00 ; elapsed = 00:00:00.269 . Memory (MB): peak = 4039.648 ; gain = 0.000

Phase 4.2 Post Placement Cleanup
Phase 4.2 Post Placement Cleanup | Checksum: 1efc508f1

Time (s): cpu = 00:03:24 ; elapsed = 00:02:16 . Memory (MB): peak = 4039.648 ; gain = 9.574

Phase 4.3 Placer Reporting

Phase 4.3.1 Print Estimated Congestion
INFO: [Place 30-612] Post-Placement Estimated Congestion 
 ________________________________________________________________________
|           | Global Congestion | Long Congestion   | Short Congestion  |
| Direction | Region Size       | Region Size       | Region Size       |
|___________|___________________|___________________|___________________|
|      North|                1x1|                1x1|                1x1|
|___________|___________________|___________________|___________________|
|      South|                1x1|                1x1|                1x1|
|___________|___________________|___________________|___________________|
|       East|                1x1|                1x1|                1x1|
|___________|___________________|___________________|___________________|
|       West|                1x1|                1x1|                1x1|
|___________|___________________|___________________|___________________|

Phase 4.3.1 Print Estimated Congestion | Checksum: 1efc508f1

Time (s): cpu = 00:03:24 ; elapsed = 00:02:16 . Memory (MB): peak = 4039.648 ; gain = 9.574
Phase 4.3 Placer Reporting | Checksum: 1efc508f1

Time (s): cpu = 00:03:25 ; elapsed = 00:02:16 . Memory (MB): peak = 4039.648 ; gain = 9.574

Phase 4.4 Final Placement Cleanup
Netlist sorting complete. Time (s): cpu = 00:00:00 ; elapsed = 00:00:00.011 . Memory (MB): peak = 4039.648 ; gain = 0.000

Time (s): cpu = 00:03:25 ; elapsed = 00:02:16 . Memory (MB): peak = 4039.648 ; gain = 9.574
Phase 4 Post Placement Optimization and Clean-Up | Checksum: 1b2446316

Time (s): cpu = 00:03:25 ; elapsed = 00:02:16 . Memory (MB): peak = 4039.648 ; gain = 9.574
Ending Placer Task | Checksum: fbe96134

Time (s): cpu = 00:03:25 ; elapsed = 00:02:16 . Memory (MB): peak = 4039.648 ; gain = 9.574
95 Infos, 101 Warnings, 0 Critical Warnings and 0 Errors encountered.
place_design completed successfully
place_design: Time (s): cpu = 00:03:28 ; elapsed = 00:02:18 . Memory (MB): peak = 4039.648 ; gain = 9.574
INFO: [runtcl-4] Executing : report_io -file design_1_wrapper_io_placed.rpt
report_io: Time (s): cpu = 00:00:00 ; elapsed = 00:00:00.092 . Memory (MB): peak = 4039.648 ; gain = 0.000
INFO: [runtcl-4] Executing : report_utilization -file design_1_wrapper_utilization_placed.rpt -pb design_1_wrapper_utilization_placed.pb
INFO: [runtcl-4] Executing : report_control_sets -verbose -file design_1_wrapper_control_sets_placed.rpt
report_control_sets: Time (s): cpu = 00:00:00 ; elapsed = 00:00:00.089 . Memory (MB): peak = 4039.648 ; gain = 0.000
INFO: [Timing 38-480] Writing timing data to binary archive.
Write ShapeDB Complete: Time (s): cpu = 00:00:01 ; elapsed = 00:00:00.070 . Memory (MB): peak = 4039.648 ; gain = 0.000
Wrote PlaceDB: Time (s): cpu = 00:00:04 ; elapsed = 00:00:01 . Memory (MB): peak = 4039.648 ; gain = 0.000
Wrote PulsedLatchDB: Time (s): cpu = 00:00:00 ; elapsed = 00:00:00 . Memory (MB): peak = 4039.648 ; gain = 0.000
Writing XDEF routing.
Writing XDEF routing logical nets.
Writing XDEF routing special nets.
Wrote RouteStorage: Time (s): cpu = 00:00:00 ; elapsed = 00:00:00.102 . Memory (MB): peak = 4039.648 ; gain = 0.000
Wrote Netlist Cache: Time (s): cpu = 00:00:00 ; elapsed = 00:00:00.030 . Memory (MB): peak = 4039.648 ; gain = 0.000
Wrote Device Cache: Time (s): cpu = 00:00:00 ; elapsed = 00:00:00.034 . Memory (MB): peak = 4039.648 ; gain = 0.000
Write Physdb Complete: Time (s): cpu = 00:00:04 ; elapsed = 00:00:02 . Memory (MB): peak = 4039.648 ; gain = 0.000
INFO: [Common 17-1381] The checkpoint 'C:/Users/sunil/VivadoProjects/EE4218Labs/Lab4/integrated_coprocessor_v1/integrated_coprocessor_v1.runs/impl_1/design_1_wrapper_placed.dcp' has been generated.
write_checkpoint: Time (s): cpu = 00:00:07 ; elapsed = 00:00:05 . Memory (MB): peak = 4039.648 ; gain = 0.000
Command: phys_opt_design
Attempting to get a license for feature 'Implementation' and/or device 'xck26'
INFO: [Common 17-349] Got license for feature 'Implementation' and/or device 'xck26'

Starting Initial Update Timing Task

Time (s): cpu = 00:00:05 ; elapsed = 00:00:04 . Memory (MB): peak = 4039.648 ; gain = 0.000
INFO: [Vivado_Tcl 4-383] Design worst setup slack (WNS) is greater than or equal to 0.000 ns. Skipping all physical synthesis optimizations.
INFO: [Vivado_Tcl 4-232] No setup violation found. The netlist was not modified.
INFO: [Common 17-83] Releasing license: Implementation
104 Infos, 101 Warnings, 0 Critical Warnings and 0 Errors encountered.
phys_opt_design completed successfully
INFO: [Timing 38-480] Writing timing data to binary archive.
Write ShapeDB Complete: Time (s): cpu = 00:00:00 ; elapsed = 00:00:00.080 . Memory (MB): peak = 4039.648 ; gain = 0.000
Wrote PlaceDB: Time (s): cpu = 00:00:04 ; elapsed = 00:00:01 . Memory (MB): peak = 4039.648 ; gain = 0.000
Wrote PulsedLatchDB: Time (s): cpu = 00:00:00 ; elapsed = 00:00:00.001 . Memory (MB): peak = 4039.648 ; gain = 0.000
Writing XDEF routing.
Writing XDEF routing logical nets.
Writing XDEF routing special nets.
Wrote RouteStorage: Time (s): cpu = 00:00:00 ; elapsed = 00:00:00.099 . Memory (MB): peak = 4039.648 ; gain = 0.000
Wrote Netlist Cache: Time (s): cpu = 00:00:00 ; elapsed = 00:00:00.032 . Memory (MB): peak = 4039.648 ; gain = 0.000
Wrote Device Cache: Time (s): cpu = 00:00:00 ; elapsed = 00:00:00.037 . Memory (MB): peak = 4039.648 ; gain = 0.000
Write Physdb Complete: Time (s): cpu = 00:00:04 ; elapsed = 00:00:02 . Memory (MB): peak = 4039.648 ; gain = 0.000
INFO: [Common 17-1381] The checkpoint 'C:/Users/sunil/VivadoProjects/EE4218Labs/Lab4/integrated_coprocessor_v1/integrated_coprocessor_v1.runs/impl_1/design_1_wrapper_physopt.dcp' has been generated.
Command: route_design
Attempting to get a license for feature 'Implementation' and/or device 'xck26'
INFO: [Common 17-349] Got license for feature 'Implementation' and/or device 'xck26'
Running DRC as a precondition to command route_design
INFO: [DRC 23-27] Running DRC with 2 threads
INFO: [Vivado_Tcl 4-198] DRC finished with 0 Errors
INFO: [Vivado_Tcl 4-199] Please refer to the DRC report (report_drc) for more information.


Starting Routing Task
INFO: [Route 35-254] Multithreading enabled for route_design using a maximum of 8 CPUs

Phase 1 Build RT Design
Checksum: PlaceDB: 6984a89c ConstDB: 0 ShapeSum: 381f5ca9 RouteDB: 5a455bef
Nodegraph reading from file.  Time (s): cpu = 00:00:01 ; elapsed = 00:00:01 . Memory (MB): peak = 4039.648 ; gain = 0.000
Post Restoration Checksum: NetGraph: 64792bcc | NumContArr: 569a7fe2 | Constraints: 8a4970c2 | Timing: c2a8fa9d
Phase 1 Build RT Design | Checksum: 20806170d

Time (s): cpu = 00:00:09 ; elapsed = 00:00:07 . Memory (MB): peak = 4039.648 ; gain = 0.000

Phase 2 Router Initialization

Phase 2.1 Fix Topology Constraints
Phase 2.1 Fix Topology Constraints | Checksum: 20806170d

Time (s): cpu = 00:00:09 ; elapsed = 00:00:07 . Memory (MB): peak = 4039.648 ; gain = 0.000

Phase 2.2 Pre Route Cleanup
Phase 2.2 Pre Route Cleanup | Checksum: 20806170d

Time (s): cpu = 00:00:09 ; elapsed = 00:00:07 . Memory (MB): peak = 4039.648 ; gain = 0.000

Phase 2.3 Global Clock Net Routing
 Number of Nodes with overlaps = 0
Phase 2.3 Global Clock Net Routing | Checksum: 1f47a6e48

Time (s): cpu = 00:00:12 ; elapsed = 00:00:08 . Memory (MB): peak = 4111.461 ; gain = 71.812

Phase 2.4 Update Timing
Phase 2.4 Update Timing | Checksum: 1ed47f476

Time (s): cpu = 00:00:14 ; elapsed = 00:00:11 . Memory (MB): peak = 4111.461 ; gain = 71.812
INFO: [Route 35-416] Intermediate Timing Summary | WNS=5.478  | TNS=0.000  | WHS=-0.065 | THS=-14.482|


Router Utilization Summary
  Global Vertical Routing Utilization    = 0 %
  Global Horizontal Routing Utilization  = 0 %
  Routable Net Status*
  *Does not include unroutable nets such as driverless and loadless.
  Run report_route_status for detailed report.
  Number of Failed Nets               = 18246
    (Failed Nets is the sum of unrouted and partially routed nets)
  Number of Unrouted Nets             = 13975
  Number of Partially Routed Nets     = 4271
  Number of Node Overlaps             = 0

Phase 2 Router Initialization | Checksum: 1393f7a94

Time (s): cpu = 00:00:20 ; elapsed = 00:00:17 . Memory (MB): peak = 4134.129 ; gain = 94.480

Phase 3 Initial Routing

Phase 3.1 Global Routing
Phase 3.1 Global Routing | Checksum: 1393f7a94

Time (s): cpu = 00:00:20 ; elapsed = 00:00:17 . Memory (MB): peak = 4134.129 ; gain = 94.480

Phase 3.2 Initial Net Routing
Phase 3.2 Initial Net Routing | Checksum: 34cac0c64

Time (s): cpu = 00:00:23 ; elapsed = 00:00:19 . Memory (MB): peak = 4134.129 ; gain = 94.480
Phase 3 Initial Routing | Checksum: 286fc061e

Time (s): cpu = 00:00:24 ; elapsed = 00:00:19 . Memory (MB): peak = 4134.129 ; gain = 94.480

Phase 4 Rip-up And Reroute

Phase 4.1 Global Iteration 0
 Number of Nodes with overlaps = 3610
 Number of Nodes with overlaps = 268
 Number of Nodes with overlaps = 13
 Number of Nodes with overlaps = 3
 Number of Nodes with overlaps = 2
 Number of Nodes with overlaps = 1
 Number of Nodes with overlaps = 1
 Number of Nodes with overlaps = 0
INFO: [Route 35-416] Intermediate Timing Summary | WNS=4.287  | TNS=0.000  | WHS=-0.024 | THS=-0.186 |

Phase 4.1 Global Iteration 0 | Checksum: 199e60f4e

Time (s): cpu = 00:00:46 ; elapsed = 00:00:39 . Memory (MB): peak = 4134.129 ; gain = 94.480

Phase 4.2 Additional Iteration for Hold
Phase 4.2 Additional Iteration for Hold | Checksum: 1d915e063

Time (s): cpu = 00:00:46 ; elapsed = 00:00:40 . Memory (MB): peak = 4134.129 ; gain = 94.480
Phase 4 Rip-up And Reroute | Checksum: 1d915e063

Time (s): cpu = 00:00:46 ; elapsed = 00:00:40 . Memory (MB): peak = 4134.129 ; gain = 94.480

Phase 5 Delay and Skew Optimization

Phase 5.1 Delay CleanUp

Phase 5.1.1 Update Timing
Phase 5.1.1 Update Timing | Checksum: 27651f2e0

Time (s): cpu = 00:00:48 ; elapsed = 00:00:42 . Memory (MB): peak = 4134.129 ; gain = 94.480
INFO: [Route 35-416] Intermediate Timing Summary | WNS=4.287  | TNS=0.000  | WHS=0.011  | THS=0.000  |


Phase 5.1.2 Update Timing
Phase 5.1.2 Update Timing | Checksum: 191511ab0

Time (s): cpu = 00:00:50 ; elapsed = 00:00:44 . Memory (MB): peak = 4134.129 ; gain = 94.480
INFO: [Route 35-416] Intermediate Timing Summary | WNS=4.287  | TNS=0.000  | WHS=0.011  | THS=0.000  |

Phase 5.1 Delay CleanUp | Checksum: 191511ab0

Time (s): cpu = 00:00:50 ; elapsed = 00:00:44 . Memory (MB): peak = 4134.129 ; gain = 94.480

Phase 5.2 Clock Skew Optimization
Phase 5.2 Clock Skew Optimization | Checksum: 191511ab0

Time (s): cpu = 00:00:50 ; elapsed = 00:00:44 . Memory (MB): peak = 4134.129 ; gain = 94.480
Phase 5 Delay and Skew Optimization | Checksum: 191511ab0

Time (s): cpu = 00:00:50 ; elapsed = 00:00:44 . Memory (MB): peak = 4134.129 ; gain = 94.480

Phase 6 Post Hold Fix

Phase 6.1 Hold Fix Iter

Phase 6.1.1 Update Timing
Phase 6.1.1 Update Timing | Checksum: 24f9ac834

Time (s): cpu = 00:00:52 ; elapsed = 00:00:46 . Memory (MB): peak = 4134.129 ; gain = 94.480
INFO: [Route 35-416] Intermediate Timing Summary | WNS=4.287  | TNS=0.000  | WHS=0.011  | THS=0.000  |

Phase 6.1 Hold Fix Iter | Checksum: 1f0594dea

Time (s): cpu = 00:00:52 ; elapsed = 00:00:46 . Memory (MB): peak = 4134.129 ; gain = 94.480
Phase 6 Post Hold Fix | Checksum: 1f0594dea

Time (s): cpu = 00:00:52 ; elapsed = 00:00:46 . Memory (MB): peak = 4134.129 ; gain = 94.480

Phase 7 Route finalize

Router Utilization Summary
  Global Vertical Routing Utilization    = 1.29307 %
  Global Horizontal Routing Utilization  = 1.56651 %
  Routable Net Status*
  *Does not include unroutable nets such as driverless and loadless.
  Run report_route_status for detailed report.
  Number of Failed Nets               = 0
    (Failed Nets is the sum of unrouted and partially routed nets)
  Number of Unrouted Nets             = 0
  Number of Partially Routed Nets     = 0
  Number of Node Overlaps             = 0

Phase 7 Route finalize | Checksum: 1f0594dea

Time (s): cpu = 00:00:52 ; elapsed = 00:00:46 . Memory (MB): peak = 4134.129 ; gain = 94.480

Phase 8 Verifying routed nets

 Verification completed successfully
Phase 8 Verifying routed nets | Checksum: 1f0594dea

Time (s): cpu = 00:00:52 ; elapsed = 00:00:46 . Memory (MB): peak = 4134.129 ; gain = 94.480

Phase 9 Depositing Routes
Phase 9 Depositing Routes | Checksum: 1f0594dea

Time (s): cpu = 00:00:54 ; elapsed = 00:00:47 . Memory (MB): peak = 4134.129 ; gain = 94.480

Phase 10 Resolve XTalk
Phase 10 Resolve XTalk | Checksum: 1f0594dea

Time (s): cpu = 00:00:54 ; elapsed = 00:00:47 . Memory (MB): peak = 4134.129 ; gain = 94.480

Phase 11 Post Router Timing
INFO: [Route 35-57] Estimated Timing Summary | WNS=4.287  | TNS=0.000  | WHS=0.011  | THS=0.000  |

INFO: [Route 35-327] The final timing numbers are based on the router estimated timing analysis. For a complete and accurate timing signoff, please run report_timing_summary.
Phase 11 Post Router Timing | Checksum: 1f0594dea

Time (s): cpu = 00:00:54 ; elapsed = 00:00:48 . Memory (MB): peak = 4134.129 ; gain = 94.480
INFO: [Route 35-16] Router Completed Successfully

Phase 12 Post-Route Event Processing
Phase 12 Post-Route Event Processing | Checksum: 216ab8265

Time (s): cpu = 00:00:55 ; elapsed = 00:00:49 . Memory (MB): peak = 4134.129 ; gain = 94.480
Ending Routing Task | Checksum: 216ab8265

Time (s): cpu = 00:00:55 ; elapsed = 00:00:49 . Memory (MB): peak = 4134.129 ; gain = 94.480

Routing Is Done.
INFO: [Common 17-83] Releasing license: Implementation
120 Infos, 101 Warnings, 0 Critical Warnings and 0 Errors encountered.
route_design completed successfully
route_design: Time (s): cpu = 00:01:01 ; elapsed = 00:00:53 . Memory (MB): peak = 4134.129 ; gain = 94.480
INFO: [runtcl-4] Executing : report_drc -file design_1_wrapper_drc_routed.rpt -pb design_1_wrapper_drc_routed.pb -rpx design_1_wrapper_drc_routed.rpx
Command: report_drc -file design_1_wrapper_drc_routed.rpt -pb design_1_wrapper_drc_routed.pb -rpx design_1_wrapper_drc_routed.rpx
INFO: [IP_Flow 19-1839] IP Catalog is up to date.
INFO: [DRC 23-27] Running DRC with 2 threads
INFO: [Vivado_Tcl 2-168] The results of DRC are in file C:/Users/sunil/VivadoProjects/EE4218Labs/Lab4/integrated_coprocessor_v1/integrated_coprocessor_v1.runs/impl_1/design_1_wrapper_drc_routed.rpt.
report_drc completed successfully
report_drc: Time (s): cpu = 00:00:10 ; elapsed = 00:00:07 . Memory (MB): peak = 4134.129 ; gain = 0.000
INFO: [runtcl-4] Executing : report_methodology -file design_1_wrapper_methodology_drc_routed.rpt -pb design_1_wrapper_methodology_drc_routed.pb -rpx design_1_wrapper_methodology_drc_routed.rpx
Command: report_methodology -file design_1_wrapper_methodology_drc_routed.rpt -pb design_1_wrapper_methodology_drc_routed.pb -rpx design_1_wrapper_methodology_drc_routed.rpx
INFO: [Timing 38-35] Done setting XDC timing constraints.
INFO: [DRC 23-133] Running Methodology with 2 threads
INFO: [Vivado_Tcl 2-1520] The results of Report Methodology are in file C:/Users/sunil/VivadoProjects/EE4218Labs/Lab4/integrated_coprocessor_v1/integrated_coprocessor_v1.runs/impl_1/design_1_wrapper_methodology_drc_routed.rpt.
report_methodology completed successfully
report_methodology: Time (s): cpu = 00:00:07 ; elapsed = 00:00:05 . Memory (MB): peak = 4134.129 ; gain = 0.000
INFO: [runtcl-4] Executing : report_power -file design_1_wrapper_power_routed.rpt -pb design_1_wrapper_power_summary_routed.pb -rpx design_1_wrapper_power_routed.rpx
Command: report_power -file design_1_wrapper_power_routed.rpt -pb design_1_wrapper_power_summary_routed.pb -rpx design_1_wrapper_power_routed.rpx
INFO: [Timing 38-35] Done setting XDC timing constraints.
Running Vector-less Activity Propagation...

Finished Running Vector-less Activity Propagation
130 Infos, 101 Warnings, 0 Critical Warnings and 0 Errors encountered.
report_power completed successfully
report_power: Time (s): cpu = 00:00:16 ; elapsed = 00:00:15 . Memory (MB): peak = 4134.129 ; gain = 0.000
INFO: [runtcl-4] Executing : report_route_status -file design_1_wrapper_route_status.rpt -pb design_1_wrapper_route_status.pb
INFO: [runtcl-4] Executing : report_timing_summary -max_paths 10 -report_unconstrained -file design_1_wrapper_timing_summary_routed.rpt -pb design_1_wrapper_timing_summary_routed.pb -rpx design_1_wrapper_timing_summary_routed.rpx -warn_on_violation 
INFO: [Timing 38-91] UpdateTimingParams: Speed grade: -2LV, Temperature grade: C, Delay Type: min_max.
INFO: [Timing 38-191] Multithreading enabled for timing update using a maximum of 2 CPUs
INFO: [runtcl-4] Executing : report_incremental_reuse -file design_1_wrapper_incremental_reuse_routed.rpt
INFO: [Vivado_Tcl 4-1062] Incremental flow is disabled. No incremental reuse Info to report.
INFO: [runtcl-4] Executing : report_clock_utilization -file design_1_wrapper_clock_utilization_routed.rpt
INFO: [runtcl-4] Executing : report_bus_skew -warn_on_violation -file design_1_wrapper_bus_skew_routed.rpt -pb design_1_wrapper_bus_skew_routed.pb -rpx design_1_wrapper_bus_skew_routed.rpx
INFO: [Timing 38-91] UpdateTimingParams: Speed grade: -2LV, Temperature grade: C, Delay Type: min_max.
INFO: [Timing 38-191] Multithreading enabled for timing update using a maximum of 2 CPUs
INFO: [Timing 38-480] Writing timing data to binary archive.
Write ShapeDB Complete: Time (s): cpu = 00:00:00 ; elapsed = 00:00:00.077 . Memory (MB): peak = 4134.129 ; gain = 0.000
Wrote PlaceDB: Time (s): cpu = 00:00:04 ; elapsed = 00:00:01 . Memory (MB): peak = 4134.129 ; gain = 0.000
Wrote PulsedLatchDB: Time (s): cpu = 00:00:00 ; elapsed = 00:00:00 . Memory (MB): peak = 4134.129 ; gain = 0.000
Writing XDEF routing.
Writing XDEF routing logical nets.
Writing XDEF routing special nets.
Wrote RouteStorage: Time (s): cpu = 00:00:01 ; elapsed = 00:00:00.343 . Memory (MB): peak = 4134.129 ; gain = 0.000
Wrote Netlist Cache: Time (s): cpu = 00:00:00 ; elapsed = 00:00:00.031 . Memory (MB): peak = 4134.129 ; gain = 0.000
Wrote Device Cache: Time (s): cpu = 00:00:00 ; elapsed = 00:00:00.034 . Memory (MB): peak = 4134.129 ; gain = 0.000
Write Physdb Complete: Time (s): cpu = 00:00:05 ; elapsed = 00:00:02 . Memory (MB): peak = 4134.129 ; gain = 0.000
INFO: [Common 17-1381] The checkpoint 'C:/Users/sunil/VivadoProjects/EE4218Labs/Lab4/integrated_coprocessor_v1/integrated_coprocessor_v1.runs/impl_1/design_1_wrapper_routed.dcp' has been generated.

WARNING::74 - Unsupported FPGA device name 'xck26-sfvc784-2LV-c'. Verify that the specified device is a valid customer supported device.
-p xck26-sfvc784-2LV-c
   ^

INFO: [Memdata 28-208] The XPM instance: <design_1_i/axi_fifo_mm_s_2/U0/COMP_IPIC2AXI_S/gtxd.COMP_TXD_FIFO/gfifo_gen.COMP_AXIS_FG_FIFO/COMP_FIFO/xpm_fifo_base_inst/gen_sdpram.xpm_memory_base_inst> is part of IP: <design_1_i/axi_fifo_mm_s_2>. This XPM instance will be excluded from the .mmi because updatemem is prohibited from making changes to an XPM that is part of an IP.
INFO: [Memdata 28-167] Found XPM memory block design_1_i/axi_fifo_mm_s_2/U0/COMP_IPIC2AXI_S/grxd.COMP_rx_len_fifo/xpm_fifo_base_inst/gen_sdpram.xpm_memory_base_inst with a P_MEMORY_PRIMITIVE property set to distributed. A value of block is required. You will not be able to use the updatemem program to update the bitstream with new data for the design_1_i/axi_fifo_mm_s_2/U0/COMP_IPIC2AXI_S/grxd.COMP_rx_len_fifo/xpm_fifo_base_inst/gen_sdpram.xpm_memory_base_inst block.
INFO: [Memdata 28-208] The XPM instance: <design_1_i/axi_fifo_mm_s_2/U0/COMP_IPIC2AXI_S/grxd.COMP_RX_FIFO/gfifo_gen.COMP_AXIS_FG_FIFO/COMP_FIFO/xpm_fifo_base_inst/gen_sdpram.xpm_memory_base_inst> is part of IP: <design_1_i/axi_fifo_mm_s_2>. This XPM instance will be excluded from the .mmi because updatemem is prohibited from making changes to an XPM that is part of an IP.
INFO: [Memdata 28-208] The XPM instance: <design_1_i/axi_fifo_mm_s_1/U0/COMP_IPIC2AXI_S/gtxd.COMP_TXD_FIFO/gfifo_gen.COMP_AXIS_FG_FIFO/COMP_FIFO/xpm_fifo_base_inst/gen_sdpram.xpm_memory_base_inst> is part of IP: <design_1_i/axi_fifo_mm_s_1>. This XPM instance will be excluded from the .mmi because updatemem is prohibited from making changes to an XPM that is part of an IP.
INFO: [Memdata 28-167] Found XPM memory block design_1_i/axi_fifo_mm_s_1/U0/COMP_IPIC2AXI_S/grxd.COMP_rx_len_fifo/xpm_fifo_base_inst/gen_sdpram.xpm_memory_base_inst with a P_MEMORY_PRIMITIVE property set to distributed. A value of block is required. You will not be able to use the updatemem program to update the bitstream with new data for the design_1_i/axi_fifo_mm_s_1/U0/COMP_IPIC2AXI_S/grxd.COMP_rx_len_fifo/xpm_fifo_base_inst/gen_sdpram.xpm_memory_base_inst block.
INFO: [Memdata 28-208] The XPM instance: <design_1_i/axi_fifo_mm_s_1/U0/COMP_IPIC2AXI_S/grxd.COMP_RX_FIFO/gfifo_gen.COMP_AXIS_FG_FIFO/COMP_FIFO/xpm_fifo_base_inst/gen_sdpram.xpm_memory_base_inst> is part of IP: <design_1_i/axi_fifo_mm_s_1>. This XPM instance will be excluded from the .mmi because updatemem is prohibited from making changes to an XPM that is part of an IP.
INFO: [Memdata 28-208] The XPM instance: <design_1_i/axi_fifo_mm_s_0/U0/COMP_IPIC2AXI_S/gtxd.COMP_TXD_FIFO/gfifo_gen.COMP_AXIS_FG_FIFO/COMP_FIFO/xpm_fifo_base_inst/gen_sdpram.xpm_memory_base_inst> is part of IP: <design_1_i/axi_fifo_mm_s_0>. This XPM instance will be excluded from the .mmi because updatemem is prohibited from making changes to an XPM that is part of an IP.
INFO: [Memdata 28-167] Found XPM memory block design_1_i/axi_fifo_mm_s_0/U0/COMP_IPIC2AXI_S/grxd.COMP_rx_len_fifo/xpm_fifo_base_inst/gen_sdpram.xpm_memory_base_inst with a P_MEMORY_PRIMITIVE property set to distributed. A value of block is required. You will not be able to use the updatemem program to update the bitstream with new data for the design_1_i/axi_fifo_mm_s_0/U0/COMP_IPIC2AXI_S/grxd.COMP_rx_len_fifo/xpm_fifo_base_inst/gen_sdpram.xpm_memory_base_inst block.
INFO: [Memdata 28-208] The XPM instance: <design_1_i/axi_fifo_mm_s_0/U0/COMP_IPIC2AXI_S/grxd.COMP_RX_FIFO/gfifo_gen.COMP_AXIS_FG_FIFO/COMP_FIFO/xpm_fifo_base_inst/gen_sdpram.xpm_memory_base_inst> is part of IP: <design_1_i/axi_fifo_mm_s_0>. This XPM instance will be excluded from the .mmi because updatemem is prohibited from making changes to an XPM that is part of an IP.
Command: write_bitstream -force design_1_wrapper.bit
Attempting to get a license for feature 'Implementation' and/or device 'xck26'
INFO: [Common 17-349] Got license for feature 'Implementation' and/or device 'xck26'
Running DRC as a precondition to command write_bitstream
INFO: [IP_Flow 19-1839] IP Catalog is up to date.
INFO: [DRC 23-27] Running DRC with 2 threads
WARNING: [DRC DPOP-4] MREG Output pipelining: DSP design_1_i/myip_v1_0_HLS_0/inst/Loop_VITIS_LOOP_92_3_proc_U0/mac_muladd_8ns_16s_16ns_16_4_1_U21/myip_v1_0_HLS_mac_muladd_8ns_16s_16ns_16_4_1_DSP48_0_U/p_reg_reg multiplier stage design_1_i/myip_v1_0_HLS_0/inst/Loop_VITIS_LOOP_92_3_proc_U0/mac_muladd_8ns_16s_16ns_16_4_1_U21/myip_v1_0_HLS_mac_muladd_8ns_16s_16ns_16_4_1_DSP48_0_U/p_reg_reg/P[47:0] is not pipelined (MREG=0). Pipelining the multiplier function will improve performance and will save significant power so it is suggested whenever possible to fully pipeline this function.  If this multiplier was inferred, it is suggested to describe an additional register stage after this function.  If there is no registered adder/accumulator following the multiply function, two pipeline stages are suggested to allow both the MREG and PREG registers to be used.  If the DSP48 was instantiated in the design, it is suggested to set both the MREG and PREG attributes to 1 when performing multiply functions.
WARNING: [DRC DPOP-4] MREG Output pipelining: DSP design_1_i/myip_v1_0_HLS_0/inst/Loop_VITIS_LOOP_92_3_proc_U0/mac_muladd_8ns_16s_16ns_16_4_1_U22/myip_v1_0_HLS_mac_muladd_8ns_16s_16ns_16_4_1_DSP48_0_U/p_reg_reg multiplier stage design_1_i/myip_v1_0_HLS_0/inst/Loop_VITIS_LOOP_92_3_proc_U0/mac_muladd_8ns_16s_16ns_16_4_1_U22/myip_v1_0_HLS_mac_muladd_8ns_16s_16ns_16_4_1_DSP48_0_U/p_reg_reg/P[47:0] is not pipelined (MREG=0). Pipelining the multiplier function will improve performance and will save significant power so it is suggested whenever possible to fully pipeline this function.  If this multiplier was inferred, it is suggested to describe an additional register stage after this function.  If there is no registered adder/accumulator following the multiply function, two pipeline stages are suggested to allow both the MREG and PREG registers to be used.  If the DSP48 was instantiated in the design, it is suggested to set both the MREG and PREG attributes to 1 when performing multiply functions.
WARNING: [DRC DPOP-4] MREG Output pipelining: DSP design_1_i/myip_v1_0_HLS_0/inst/Loop_VITIS_LOOP_92_3_proc_U0/mac_muladd_8ns_16s_16ns_16_4_1_U23/myip_v1_0_HLS_mac_muladd_8ns_16s_16ns_16_4_1_DSP48_0_U/p_reg_reg multiplier stage design_1_i/myip_v1_0_HLS_0/inst/Loop_VITIS_LOOP_92_3_proc_U0/mac_muladd_8ns_16s_16ns_16_4_1_U23/myip_v1_0_HLS_mac_muladd_8ns_16s_16ns_16_4_1_DSP48_0_U/p_reg_reg/P[47:0] is not pipelined (MREG=0). Pipelining the multiplier function will improve performance and will save significant power so it is suggested whenever possible to fully pipeline this function.  If this multiplier was inferred, it is suggested to describe an additional register stage after this function.  If there is no registered adder/accumulator following the multiply function, two pipeline stages are suggested to allow both the MREG and PREG registers to be used.  If the DSP48 was instantiated in the design, it is suggested to set both the MREG and PREG attributes to 1 when performing multiply functions.
WARNING: [DRC DPOP-4] MREG Output pipelining: DSP design_1_i/myip_v1_0_HLS_0/inst/Loop_VITIS_LOOP_92_3_proc_U0/mac_muladd_8ns_16s_16ns_16_4_1_U24/myip_v1_0_HLS_mac_muladd_8ns_16s_16ns_16_4_1_DSP48_0_U/p_reg_reg multiplier stage design_1_i/myip_v1_0_HLS_0/inst/Loop_VITIS_LOOP_92_3_proc_U0/mac_muladd_8ns_16s_16ns_16_4_1_U24/myip_v1_0_HLS_mac_muladd_8ns_16s_16ns_16_4_1_DSP48_0_U/p_reg_reg/P[47:0] is not pipelined (MREG=0). Pipelining the multiplier function will improve performance and will save significant power so it is suggested whenever possible to fully pipeline this function.  If this multiplier was inferred, it is suggested to describe an additional register stage after this function.  If there is no registered adder/accumulator following the multiply function, two pipeline stages are suggested to allow both the MREG and PREG registers to be used.  If the DSP48 was instantiated in the design, it is suggested to set both the MREG and PREG attributes to 1 when performing multiply functions.
WARNING: [DRC DPOP-4] MREG Output pipelining: DSP design_1_i/myip_v1_unoptimized_0/inst/grp_myip_v1_unoptimized_HLS_Pipeline_VITIS_LOOP_70_3_fu_166/mac_muladd_8ns_8ns_16ns_16_4_1_U29/myip_v1_unoptimized_HLS_mac_muladd_8ns_8ns_16ns_16_4_1_DSP48_0_U/p_reg_reg multiplier stage design_1_i/myip_v1_unoptimized_0/inst/grp_myip_v1_unoptimized_HLS_Pipeline_VITIS_LOOP_70_3_fu_166/mac_muladd_8ns_8ns_16ns_16_4_1_U29/myip_v1_unoptimized_HLS_mac_muladd_8ns_8ns_16ns_16_4_1_DSP48_0_U/p_reg_reg/P[47:0] is not pipelined (MREG=0). Pipelining the multiplier function will improve performance and will save significant power so it is suggested whenever possible to fully pipeline this function.  If this multiplier was inferred, it is suggested to describe an additional register stage after this function.  If there is no registered adder/accumulator following the multiply function, two pipeline stages are suggested to allow both the MREG and PREG registers to be used.  If the DSP48 was instantiated in the design, it is suggested to set both the MREG and PREG attributes to 1 when performing multiply functions.
WARNING: [DRC DPOP-4] MREG Output pipelining: DSP design_1_i/myip_v1_unoptimized_0/inst/grp_myip_v1_unoptimized_HLS_Pipeline_VITIS_LOOP_70_3_fu_166/mac_muladd_8ns_8ns_16ns_16_4_1_U30/myip_v1_unoptimized_HLS_mac_muladd_8ns_8ns_16ns_16_4_1_DSP48_0_U/p_reg_reg multiplier stage design_1_i/myip_v1_unoptimized_0/inst/grp_myip_v1_unoptimized_HLS_Pipeline_VITIS_LOOP_70_3_fu_166/mac_muladd_8ns_8ns_16ns_16_4_1_U30/myip_v1_unoptimized_HLS_mac_muladd_8ns_8ns_16ns_16_4_1_DSP48_0_U/p_reg_reg/P[47:0] is not pipelined (MREG=0). Pipelining the multiplier function will improve performance and will save significant power so it is suggested whenever possible to fully pipeline this function.  If this multiplier was inferred, it is suggested to describe an additional register stage after this function.  If there is no registered adder/accumulator following the multiply function, two pipeline stages are suggested to allow both the MREG and PREG registers to be used.  If the DSP48 was instantiated in the design, it is suggested to set both the MREG and PREG attributes to 1 when performing multiply functions.
WARNING: [DRC DPOP-4] MREG Output pipelining: DSP design_1_i/myip_v1_unoptimized_0/inst/grp_myip_v1_unoptimized_HLS_Pipeline_VITIS_LOOP_70_3_fu_166/mac_muladd_8ns_8ns_16ns_16_4_1_U31/myip_v1_unoptimized_HLS_mac_muladd_8ns_8ns_16ns_16_4_1_DSP48_0_U/p_reg_reg multiplier stage design_1_i/myip_v1_unoptimized_0/inst/grp_myip_v1_unoptimized_HLS_Pipeline_VITIS_LOOP_70_3_fu_166/mac_muladd_8ns_8ns_16ns_16_4_1_U31/myip_v1_unoptimized_HLS_mac_muladd_8ns_8ns_16ns_16_4_1_DSP48_0_U/p_reg_reg/P[47:0] is not pipelined (MREG=0). Pipelining the multiplier function will improve performance and will save significant power so it is suggested whenever possible to fully pipeline this function.  If this multiplier was inferred, it is suggested to describe an additional register stage after this function.  If there is no registered adder/accumulator following the multiply function, two pipeline stages are suggested to allow both the MREG and PREG registers to be used.  If the DSP48 was instantiated in the design, it is suggested to set both the MREG and PREG attributes to 1 when performing multiply functions.
WARNING: [DRC DPOP-4] MREG Output pipelining: DSP design_1_i/myip_v1_unoptimized_0/inst/grp_myip_v1_unoptimized_HLS_Pipeline_VITIS_LOOP_70_3_fu_166/mac_muladd_8ns_8ns_16ns_16_4_1_U32/myip_v1_unoptimized_HLS_mac_muladd_8ns_8ns_16ns_16_4_1_DSP48_0_U/p_reg_reg multiplier stage design_1_i/myip_v1_unoptimized_0/inst/grp_myip_v1_unoptimized_HLS_Pipeline_VITIS_LOOP_70_3_fu_166/mac_muladd_8ns_8ns_16ns_16_4_1_U32/myip_v1_unoptimized_HLS_mac_muladd_8ns_8ns_16ns_16_4_1_DSP48_0_U/p_reg_reg/P[47:0] is not pipelined (MREG=0). Pipelining the multiplier function will improve performance and will save significant power so it is suggested whenever possible to fully pipeline this function.  If this multiplier was inferred, it is suggested to describe an additional register stage after this function.  If there is no registered adder/accumulator following the multiply function, two pipeline stages are suggested to allow both the MREG and PREG registers to be used.  If the DSP48 was instantiated in the design, it is suggested to set both the MREG and PREG attributes to 1 when performing multiply functions.
WARNING: [DRC REQP-1935] RAMB36E2_nochange_collision_advisory: Synchronous clocking is detected for BRAM (design_1_i/axi_fifo_mm_s_0/U0/COMP_IPIC2AXI_S/grxd.COMP_RX_FIFO/gfifo_gen.COMP_AXIS_FG_FIFO/COMP_FIFO/xpm_fifo_base_inst/gen_sdpram.xpm_memory_base_inst/gen_wr_a.gen_word_narrow.mem_reg) in SDP mode with NO_CHANGE write-mode. This is the preferred mode for best power characteristics. However, NO_CHANGE may exhibit address collisions if the same address appears on both read and write ports resulting in unknown or corrupted read data. It is suggested to confirm via simulation that an address collision never occurs and if so it is suggested to try and avoid this situation. If address collisions cannot be avoided, the write-mode may be set to READ_FIRST which guarantees that the read data is the prior contents of the memory at the cost of additional power in the design. See the FPGA Memory Resources User Guide for additional information.
WARNING: [DRC REQP-1935] RAMB36E2_nochange_collision_advisory: Synchronous clocking is detected for BRAM (design_1_i/axi_fifo_mm_s_1/U0/COMP_IPIC2AXI_S/grxd.COMP_RX_FIFO/gfifo_gen.COMP_AXIS_FG_FIFO/COMP_FIFO/xpm_fifo_base_inst/gen_sdpram.xpm_memory_base_inst/gen_wr_a.gen_word_narrow.mem_reg) in SDP mode with NO_CHANGE write-mode. This is the preferred mode for best power characteristics. However, NO_CHANGE may exhibit address collisions if the same address appears on both read and write ports resulting in unknown or corrupted read data. It is suggested to confirm via simulation that an address collision never occurs and if so it is suggested to try and avoid this situation. If address collisions cannot be avoided, the write-mode may be set to READ_FIRST which guarantees that the read data is the prior contents of the memory at the cost of additional power in the design. See the FPGA Memory Resources User Guide for additional information.
WARNING: [DRC REQP-1935] RAMB36E2_nochange_collision_advisory: Synchronous clocking is detected for BRAM (design_1_i/axi_fifo_mm_s_2/U0/COMP_IPIC2AXI_S/grxd.COMP_RX_FIFO/gfifo_gen.COMP_AXIS_FG_FIFO/COMP_FIFO/xpm_fifo_base_inst/gen_sdpram.xpm_memory_base_inst/gen_wr_a.gen_word_narrow.mem_reg) in SDP mode with NO_CHANGE write-mode. This is the preferred mode for best power characteristics. However, NO_CHANGE may exhibit address collisions if the same address appears on both read and write ports resulting in unknown or corrupted read data. It is suggested to confirm via simulation that an address collision never occurs and if so it is suggested to try and avoid this situation. If address collisions cannot be avoided, the write-mode may be set to READ_FIRST which guarantees that the read data is the prior contents of the memory at the cost of additional power in the design. See the FPGA Memory Resources User Guide for additional information.
INFO: [Vivado 12-3199] DRC finished with 0 Errors, 11 Warnings
INFO: [Vivado 12-3200] Please refer to the DRC report (report_drc) for more information.
INFO: [Designutils 20-2272] Running write_bitstream with 2 threads.
Loading data files...
Loading site data...
Loading route data...
Processing options...
Creating bitmap...
Creating bitstream...
Writing bitstream ./design_1_wrapper.bit...
INFO: [Vivado 12-1842] Bitgen Completed Successfully.
INFO: [Project 1-1876] WebTalk data collection is mandatory when using a ULT device. To see the specific WebTalk data collected for your design, open the usage_statistics_webtalk.html or usage_statistics_webtalk.xml file in the implementation directory.
INFO: [Common 17-83] Releasing license: Implementation
23 Infos, 11 Warnings, 0 Critical Warnings and 0 Errors encountered.
write_bitstream completed successfully
write_bitstream: Time (s): cpu = 00:00:27 ; elapsed = 00:00:20 . Memory (MB): peak = 4156.867 ; gain = 22.738
INFO: [Common 17-206] Exiting Vivado at Wed Mar 19 15:13:25 2025...
