#-----------------------------------------------------------
# Vivado v2023.2 (64-bit)
# SW Build 4029153 on Fri Oct 13 20:14:34 MDT 2023
# IP Build 4028589 on Sat Oct 14 00:45:43 MDT 2023
# SharedData Build 4025554 on Tue Oct 10 17:18:54 MDT 2023
# Start of session at: Tue Mar  4 13:33:42 2025
# Process ID: 34992
# Current directory: C:/Users/sunil/desktop/NUS/EE4218/EE4218_Labs_clone/Lab_3
# Command line: vivado.exe -gui_launcher_event rodinguilauncherevent15176 C:\Users\sunil\desktop\NUS\EE4218\EE4218_Labs_clone\Lab_1\project_1\project_1.sim\sim_1\behav\xsim\tb_myip_v1_0_behav.wdb
# Log file: C:/Users/sunil/desktop/NUS/EE4218/EE4218_Labs_clone/Lab_3/vivado.log
# Journal file: C:/Users/sunil/desktop/NUS/EE4218/EE4218_Labs_clone/Lab_3\vivado.jou
# Running On: LAPTOP-MBJHTN7L, OS: Windows, CPU Frequency: 2304 MHz, CPU Physical cores: 4, Host memory: 16968 MB
#-----------------------------------------------------------
start_gui
open_wave_database {C:\Users\sunil\desktop\NUS\EE4218\EE4218_Labs_clone\Lab_1\project_1\project_1.sim\sim_1\behav\xsim\tb_myip_v1_0_behav.wdb}
