13:47:18 DEBUG : Logs will be stored at 'C:/Users/sunil/desktop/NUS/EE4218/EE4218_Labs_clone/Lab_3/integrated_coprocessor_v1/IDE.log'.
13:47:23 INFO  : Registering command handlers for Vitis TCF services
13:47:23 INFO  : Launching XSCT server: xsct.bat -n  -interactive C:\Users\sunil\desktop\NUS\EE4218\EE4218_Labs_clone\Lab_3\integrated_coprocessor_v1\temp_xsdb_launch_script.tcl
13:47:24 INFO  : Platform repository initialization has completed.
13:47:28 INFO  : XSCT server has started successfully.
13:47:28 INFO  : plnx-install-location is set to ''
13:47:32 INFO  : Successfully done setting XSCT server connection channel  
13:47:32 INFO  : Successfully done query RDI_DATADIR 
13:47:32 INFO  : Successfully done setting workspace for the tool. 
13:49:16 INFO  : Result from executing command 'getProjects': integrated_coprocessor_fifo
13:49:16 INFO  : Result from executing command 'getPlatforms': xilinx_zcu102_base_202320_1|C:/Xilinx/Vitis/2023.2/base_platforms/xilinx_zcu102_base_202320_1/xilinx_zcu102_base_202320_1.xpfm;xilinx_zcu102_base_dfx_202320_1|C:/Xilinx/Vitis/2023.2/base_platforms/xilinx_zcu102_base_dfx_202320_1/xilinx_zcu102_base_dfx_202320_1.xpfm;xilinx_zcu104_base_202320_1|C:/Xilinx/Vitis/2023.2/base_platforms/xilinx_zcu104_base_202320_1/xilinx_zcu104_base_202320_1.xpfm
13:56:20 INFO  : Example project xuartps_hello_world_example_1 has been created successfully.
14:27:42 INFO  : Result from executing command 'getProjects': integrated_coprocessor_fifo
14:27:42 INFO  : Result from executing command 'getPlatforms': integrated_coprocessor_fifo|C:/Users/sunil/desktop/NUS/EE4218/EE4218_Labs_clone/Lab_3/integrated_coprocessor_v1/integrated_coprocessor_fifo/export/integrated_coprocessor_fifo/integrated_coprocessor_fifo.xpfm;xilinx_zcu102_base_202320_1|C:/Xilinx/Vitis/2023.2/base_platforms/xilinx_zcu102_base_202320_1/xilinx_zcu102_base_202320_1.xpfm;xilinx_zcu102_base_dfx_202320_1|C:/Xilinx/Vitis/2023.2/base_platforms/xilinx_zcu102_base_dfx_202320_1/xilinx_zcu102_base_dfx_202320_1.xpfm;xilinx_zcu104_base_202320_1|C:/Xilinx/Vitis/2023.2/base_platforms/xilinx_zcu104_base_202320_1/xilinx_zcu104_base_202320_1.xpfm
14:27:43 INFO  : Checking for BSP changes to sync application flags for project 'xuartps_hello_world_example_1'...
14:28:59 INFO  : Connected to target on host '127.0.0.1' and port '3121'.
14:29:00 INFO  : Jtag cable 'Xilinx X-MLCC-01 XFL1NH42KNRVA' is selected.
14:29:00 INFO  : 'jtag frequency' command is executed.
14:29:00 INFO  : Sourcing of 'C:/Xilinx/Vitis/2023.2/scripts/vitis/util/zynqmp_utils.tcl' is done.
14:29:00 INFO  : Context for 'APU' is selected.
14:29:00 INFO  : System reset is completed.
14:29:03 INFO  : 'after 3000' command is executed.
14:29:04 INFO  : 'targets -set -filter {jtag_cable_name =~ "Xilinx X-MLCC-01 XFL1NH42KNRVA" && level==0 && jtag_device_ctx=="jsn-X-MLCC-01-XFL1NH42KNRVA-04724093-0"}' command is executed.
14:29:08 INFO  : Device configured successfully with "C:/Users/sunil/desktop/NUS/EE4218/EE4218_Labs_clone/Lab_3/integrated_coprocessor_v1/xuartps_hello_world_example_1/_ide/bitstream/design_1_wrapper.bit"
14:29:08 INFO  : Context for 'APU' is selected.
14:29:09 INFO  : Hardware design and registers information is loaded from 'C:/Users/sunil/desktop/NUS/EE4218/EE4218_Labs_clone/Lab_3/integrated_coprocessor_v1/integrated_coprocessor_fifo/export/integrated_coprocessor_fifo/hw/design_1_wrapper.xsa'.
14:29:09 INFO  : 'configparams force-mem-access 1' command is executed.
14:29:10 INFO  : Context for 'APU' is selected.
14:29:10 INFO  : Boot mode is read from the target.
14:30:39 INFO  : ----------------XSDB Script----------------
connect -url tcp:127.0.0.1:3121
source C:/Xilinx/Vitis/2023.2/scripts/vitis/util/zynqmp_utils.tcl
targets -set -nocase -filter {name =~"APU*"}
rst -system
after 3000
targets -set -filter {jtag_cable_name =~ "Xilinx X-MLCC-01 XFL1NH42KNRVA" && level==0 && jtag_device_ctx=="jsn-X-MLCC-01-XFL1NH42KNRVA-04724093-0"}
fpga -file C:/Users/sunil/desktop/NUS/EE4218/EE4218_Labs_clone/Lab_3/integrated_coprocessor_v1/xuartps_hello_world_example_1/_ide/bitstream/design_1_wrapper.bit
targets -set -nocase -filter {name =~"APU*"}
loadhw -hw C:/Users/sunil/desktop/NUS/EE4218/EE4218_Labs_clone/Lab_3/integrated_coprocessor_v1/integrated_coprocessor_fifo/export/integrated_coprocessor_fifo/hw/design_1_wrapper.xsa -mem-ranges [list {0x80000000 0xbfffffff} {0x400000000 0x5ffffffff} {0x1000000000 0x7fffffffff}] -regs
configparams force-mem-access 1
targets -set -nocase -filter {name =~"APU*"}
set mode [expr [mrd -value 0xFF5E0200] & 0xf]
----------------End of Script----------------

14:31:14 INFO  : Connected to target on host '127.0.0.1' and port '3121'.
14:31:14 INFO  : Jtag cable 'Xilinx X-MLCC-01 XFL1NH42KNRVA' is selected.
14:31:14 INFO  : 'jtag frequency' command is executed.
14:31:14 INFO  : Sourcing of 'C:/Xilinx/Vitis/2023.2/scripts/vitis/util/zynqmp_utils.tcl' is done.
14:31:14 INFO  : Context for 'APU' is selected.
14:31:14 INFO  : System reset is completed.
14:31:17 INFO  : 'after 3000' command is executed.
14:31:17 INFO  : 'targets -set -filter {jtag_cable_name =~ "Xilinx X-MLCC-01 XFL1NH42KNRVA" && level==0 && jtag_device_ctx=="jsn-X-MLCC-01-XFL1NH42KNRVA-04724093-0"}' command is executed.
14:31:22 INFO  : Device configured successfully with "C:/Users/sunil/desktop/NUS/EE4218/EE4218_Labs_clone/Lab_3/integrated_coprocessor_v1/xuartps_hello_world_example_1/_ide/bitstream/design_1_wrapper.bit"
14:31:22 INFO  : Context for 'APU' is selected.
14:31:22 INFO  : Hardware design and registers information is loaded from 'C:/Users/sunil/desktop/NUS/EE4218/EE4218_Labs_clone/Lab_3/integrated_coprocessor_v1/integrated_coprocessor_fifo/export/integrated_coprocessor_fifo/hw/design_1_wrapper.xsa'.
14:31:22 INFO  : 'configparams force-mem-access 1' command is executed.
14:31:22 INFO  : Context for 'APU' is selected.
14:31:22 INFO  : Boot mode is read from the target.
14:31:24 INFO  : ----------------XSDB Script----------------
connect -url tcp:127.0.0.1:3121
source C:/Xilinx/Vitis/2023.2/scripts/vitis/util/zynqmp_utils.tcl
targets -set -nocase -filter {name =~"APU*"}
rst -system
after 3000
targets -set -filter {jtag_cable_name =~ "Xilinx X-MLCC-01 XFL1NH42KNRVA" && level==0 && jtag_device_ctx=="jsn-X-MLCC-01-XFL1NH42KNRVA-04724093-0"}
fpga -file C:/Users/sunil/desktop/NUS/EE4218/EE4218_Labs_clone/Lab_3/integrated_coprocessor_v1/xuartps_hello_world_example_1/_ide/bitstream/design_1_wrapper.bit
targets -set -nocase -filter {name =~"APU*"}
loadhw -hw C:/Users/sunil/desktop/NUS/EE4218/EE4218_Labs_clone/Lab_3/integrated_coprocessor_v1/integrated_coprocessor_fifo/export/integrated_coprocessor_fifo/hw/design_1_wrapper.xsa -mem-ranges [list {0x80000000 0xbfffffff} {0x400000000 0x5ffffffff} {0x1000000000 0x7fffffffff}] -regs
configparams force-mem-access 1
targets -set -nocase -filter {name =~"APU*"}
set mode [expr [mrd -value 0xFF5E0200] & 0xf]
----------------End of Script----------------

14:31:52 INFO  : Connected to target on host '127.0.0.1' and port '3121'.
14:31:52 INFO  : Jtag cable 'Xilinx X-MLCC-01 XFL1NH42KNRVA' is selected.
14:31:52 INFO  : 'jtag frequency' command is executed.
14:31:52 INFO  : Sourcing of 'C:/Xilinx/Vitis/2023.2/scripts/vitis/util/zynqmp_utils.tcl' is done.
14:31:52 INFO  : Context for 'APU' is selected.
14:31:53 INFO  : System reset is completed.
14:31:56 INFO  : 'after 3000' command is executed.
14:31:56 INFO  : 'targets -set -filter {jtag_cable_name =~ "Xilinx X-MLCC-01 XFL1NH42KNRVA" && level==0 && jtag_device_ctx=="jsn-X-MLCC-01-XFL1NH42KNRVA-04724093-0"}' command is executed.
14:32:00 INFO  : Device configured successfully with "C:/Users/sunil/desktop/NUS/EE4218/EE4218_Labs_clone/Lab_3/integrated_coprocessor_v1/xuartps_hello_world_example_1/_ide/bitstream/design_1_wrapper.bit"
14:32:00 INFO  : Context for 'APU' is selected.
14:32:00 INFO  : Hardware design and registers information is loaded from 'C:/Users/sunil/desktop/NUS/EE4218/EE4218_Labs_clone/Lab_3/integrated_coprocessor_v1/integrated_coprocessor_fifo/export/integrated_coprocessor_fifo/hw/design_1_wrapper.xsa'.
14:32:00 INFO  : 'configparams force-mem-access 1' command is executed.
14:32:00 INFO  : Context for 'APU' is selected.
14:32:00 INFO  : Sourcing of 'C:/Users/sunil/desktop/NUS/EE4218/EE4218_Labs_clone/Lab_3/integrated_coprocessor_v1/xuartps_hello_world_example_1/_ide/psinit/psu_init.tcl' is done.
14:32:02 INFO  : 'psu_init' command is executed.
14:32:03 INFO  : 'after 1000' command is executed.
14:32:03 INFO  : 'psu_ps_pl_isolation_removal' command is executed.
14:32:04 INFO  : 'after 1000' command is executed.
14:32:04 INFO  : 'psu_ps_pl_reset_config' command is executed.
14:32:04 INFO  : 'catch {psu_protection}' command is executed.
14:32:04 INFO  : Context for processor 'psu_cortexa53_0' is selected.
14:32:04 INFO  : Processor reset is completed for 'psu_cortexa53_0'.
14:32:04 INFO  : The application 'C:/Users/sunil/desktop/NUS/EE4218/EE4218_Labs_clone/Lab_3/integrated_coprocessor_v1/xuartps_hello_world_example_1/Debug/xuartps_hello_world_example_1.elf' is downloaded to processor 'psu_cortexa53_0'.
14:32:04 INFO  : 'configparams force-mem-access 0' command is executed.
14:32:04 INFO  : ----------------XSDB Script----------------
connect -url tcp:127.0.0.1:3121
source C:/Xilinx/Vitis/2023.2/scripts/vitis/util/zynqmp_utils.tcl
targets -set -nocase -filter {name =~"APU*"}
rst -system
after 3000
targets -set -filter {jtag_cable_name =~ "Xilinx X-MLCC-01 XFL1NH42KNRVA" && level==0 && jtag_device_ctx=="jsn-X-MLCC-01-XFL1NH42KNRVA-04724093-0"}
fpga -file C:/Users/sunil/desktop/NUS/EE4218/EE4218_Labs_clone/Lab_3/integrated_coprocessor_v1/xuartps_hello_world_example_1/_ide/bitstream/design_1_wrapper.bit
targets -set -nocase -filter {name =~"APU*"}
loadhw -hw C:/Users/sunil/desktop/NUS/EE4218/EE4218_Labs_clone/Lab_3/integrated_coprocessor_v1/integrated_coprocessor_fifo/export/integrated_coprocessor_fifo/hw/design_1_wrapper.xsa -mem-ranges [list {0x80000000 0xbfffffff} {0x400000000 0x5ffffffff} {0x1000000000 0x7fffffffff}] -regs
configparams force-mem-access 1
targets -set -nocase -filter {name =~"APU*"}
source C:/Users/sunil/desktop/NUS/EE4218/EE4218_Labs_clone/Lab_3/integrated_coprocessor_v1/xuartps_hello_world_example_1/_ide/psinit/psu_init.tcl
psu_init
after 1000
psu_ps_pl_isolation_removal
after 1000
psu_ps_pl_reset_config
catch {psu_protection}
targets -set -nocase -filter {name =~ "*A53*#0"}
rst -processor
dow C:/Users/sunil/desktop/NUS/EE4218/EE4218_Labs_clone/Lab_3/integrated_coprocessor_v1/xuartps_hello_world_example_1/Debug/xuartps_hello_world_example_1.elf
configparams force-mem-access 0
----------------End of Script----------------

14:32:04 INFO  : Context for processor 'psu_cortexa53_0' is selected.
14:32:04 INFO  : 'con' command is executed.
14:32:04 INFO  : ----------------XSDB Script (After Launch)----------------
targets -set -nocase -filter {name =~ "*A53*#0"}
con
----------------End of Script----------------

14:32:04 INFO  : Launch script is exported to file 'C:\Users\sunil\desktop\NUS\EE4218\EE4218_Labs_clone\Lab_3\integrated_coprocessor_v1\xuartps_hello_world_example_1_system\_ide\scripts\debugger_xuartps_hello_world_example_1-default.tcl'
14:34:48 INFO  : Checking for BSP changes to sync application flags for project 'xuartps_hello_world_example_1'...
14:34:53 INFO  : Disconnected from the channel tcfchan#2.
14:34:58 INFO  : Connected to target on host '127.0.0.1' and port '3121'.
14:34:58 INFO  : Jtag cable 'Xilinx X-MLCC-01 XFL1NH42KNRVA' is selected.
14:34:58 INFO  : 'jtag frequency' command is executed.
14:34:58 INFO  : Sourcing of 'C:/Xilinx/Vitis/2023.2/scripts/vitis/util/zynqmp_utils.tcl' is done.
14:34:58 INFO  : Context for 'APU' is selected.
14:34:59 INFO  : System reset is completed.
14:35:02 INFO  : 'after 3000' command is executed.
14:35:02 INFO  : 'targets -set -filter {jtag_cable_name =~ "Xilinx X-MLCC-01 XFL1NH42KNRVA" && level==0 && jtag_device_ctx=="jsn-X-MLCC-01-XFL1NH42KNRVA-04724093-0"}' command is executed.
14:35:06 INFO  : Device configured successfully with "C:/Users/sunil/desktop/NUS/EE4218/EE4218_Labs_clone/Lab_3/integrated_coprocessor_v1/xuartps_hello_world_example_1/_ide/bitstream/design_1_wrapper.bit"
14:35:06 INFO  : Context for 'APU' is selected.
14:35:06 INFO  : Hardware design and registers information is loaded from 'C:/Users/sunil/desktop/NUS/EE4218/EE4218_Labs_clone/Lab_3/integrated_coprocessor_v1/integrated_coprocessor_fifo/export/integrated_coprocessor_fifo/hw/design_1_wrapper.xsa'.
14:35:06 INFO  : 'configparams force-mem-access 1' command is executed.
14:35:06 INFO  : Context for 'APU' is selected.
14:35:06 INFO  : Sourcing of 'C:/Users/sunil/desktop/NUS/EE4218/EE4218_Labs_clone/Lab_3/integrated_coprocessor_v1/xuartps_hello_world_example_1/_ide/psinit/psu_init.tcl' is done.
14:35:07 INFO  : 'psu_init' command is executed.
14:35:08 INFO  : 'after 1000' command is executed.
14:35:09 INFO  : 'psu_ps_pl_isolation_removal' command is executed.
14:35:10 INFO  : 'after 1000' command is executed.
14:35:10 INFO  : 'psu_ps_pl_reset_config' command is executed.
14:35:10 INFO  : 'catch {psu_protection}' command is executed.
14:35:10 INFO  : Context for processor 'psu_cortexa53_0' is selected.
14:35:10 INFO  : Processor reset is completed for 'psu_cortexa53_0'.
14:35:10 INFO  : The application 'C:/Users/sunil/desktop/NUS/EE4218/EE4218_Labs_clone/Lab_3/integrated_coprocessor_v1/xuartps_hello_world_example_1/Debug/xuartps_hello_world_example_1.elf' is downloaded to processor 'psu_cortexa53_0'.
14:35:10 INFO  : 'configparams force-mem-access 0' command is executed.
14:35:10 INFO  : ----------------XSDB Script----------------
connect -url tcp:127.0.0.1:3121
source C:/Xilinx/Vitis/2023.2/scripts/vitis/util/zynqmp_utils.tcl
targets -set -nocase -filter {name =~"APU*"}
rst -system
after 3000
targets -set -filter {jtag_cable_name =~ "Xilinx X-MLCC-01 XFL1NH42KNRVA" && level==0 && jtag_device_ctx=="jsn-X-MLCC-01-XFL1NH42KNRVA-04724093-0"}
fpga -file C:/Users/sunil/desktop/NUS/EE4218/EE4218_Labs_clone/Lab_3/integrated_coprocessor_v1/xuartps_hello_world_example_1/_ide/bitstream/design_1_wrapper.bit
targets -set -nocase -filter {name =~"APU*"}
loadhw -hw C:/Users/sunil/desktop/NUS/EE4218/EE4218_Labs_clone/Lab_3/integrated_coprocessor_v1/integrated_coprocessor_fifo/export/integrated_coprocessor_fifo/hw/design_1_wrapper.xsa -mem-ranges [list {0x80000000 0xbfffffff} {0x400000000 0x5ffffffff} {0x1000000000 0x7fffffffff}] -regs
configparams force-mem-access 1
targets -set -nocase -filter {name =~"APU*"}
source C:/Users/sunil/desktop/NUS/EE4218/EE4218_Labs_clone/Lab_3/integrated_coprocessor_v1/xuartps_hello_world_example_1/_ide/psinit/psu_init.tcl
psu_init
after 1000
psu_ps_pl_isolation_removal
after 1000
psu_ps_pl_reset_config
catch {psu_protection}
targets -set -nocase -filter {name =~ "*A53*#0"}
rst -processor
dow C:/Users/sunil/desktop/NUS/EE4218/EE4218_Labs_clone/Lab_3/integrated_coprocessor_v1/xuartps_hello_world_example_1/Debug/xuartps_hello_world_example_1.elf
configparams force-mem-access 0
----------------End of Script----------------

14:35:10 INFO  : Context for processor 'psu_cortexa53_0' is selected.
14:35:10 INFO  : 'con' command is executed.
14:35:10 INFO  : ----------------XSDB Script (After Launch)----------------
targets -set -nocase -filter {name =~ "*A53*#0"}
con
----------------End of Script----------------

14:35:10 INFO  : Launch script is exported to file 'C:\Users\sunil\desktop\NUS\EE4218\EE4218_Labs_clone\Lab_3\integrated_coprocessor_v1\xuartps_hello_world_example_1_system\_ide\scripts\debugger_xuartps_hello_world_example_1-default.tcl'
14:38:20 INFO  : Disconnected from the channel tcfchan#3.
14:45:41 DEBUG : Logs will be stored at 'C:/Users/sunil/desktop/NUS/EE4218/EE4218_Labs_clone/Lab_3/integrated_coprocessor_v1/IDE.log'.
14:45:42 INFO  : Launching XSCT server: xsct.bat -n  -interactive C:\Users\sunil\desktop\NUS\EE4218\EE4218_Labs_clone\Lab_3\integrated_coprocessor_v1\temp_xsdb_launch_script.tcl
14:45:45 INFO  : XSCT server has started successfully.
14:45:45 INFO  : Successfully done setting XSCT server connection channel  
14:45:45 INFO  : plnx-install-location is set to ''
14:45:45 INFO  : Successfully done setting workspace for the tool. 
14:45:48 INFO  : Registering command handlers for Vitis TCF services
14:45:48 INFO  : Successfully done query RDI_DATADIR 
14:45:49 INFO  : Platform repository initialization has completed.
15:07:48 INFO  : Checking for BSP changes to sync application flags for project 'xuartps_hello_world_example_1'...
15:07:58 INFO  : Checking for BSP changes to sync application flags for project 'xuartps_hello_world_example_1'...
15:08:32 INFO  : Connected to target on host '127.0.0.1' and port '3121'.
15:08:33 INFO  : Jtag cable 'Xilinx X-MLCC-01 XFL1NH42KNRVA' is selected.
15:08:33 INFO  : 'jtag frequency' command is executed.
15:08:33 INFO  : Sourcing of 'C:/Xilinx/Vitis/2023.2/scripts/vitis/util/zynqmp_utils.tcl' is done.
15:08:33 INFO  : Context for 'APU' is selected.
15:08:33 INFO  : System reset is completed.
15:08:36 INFO  : 'after 3000' command is executed.
15:08:36 INFO  : 'targets -set -filter {jtag_cable_name =~ "Xilinx X-MLCC-01 XFL1NH42KNRVA" && level==0 && jtag_device_ctx=="jsn-X-MLCC-01-XFL1NH42KNRVA-04724093-0"}' command is executed.
15:08:41 INFO  : Device configured successfully with "C:/Users/sunil/desktop/NUS/EE4218/EE4218_Labs_clone/Lab_3/integrated_coprocessor_v1/xuartps_hello_world_example_1/_ide/bitstream/design_1_wrapper.bit"
15:08:41 INFO  : Context for 'APU' is selected.
15:08:41 INFO  : Hardware design and registers information is loaded from 'C:/Users/sunil/desktop/NUS/EE4218/EE4218_Labs_clone/Lab_3/integrated_coprocessor_v1/integrated_coprocessor_fifo/export/integrated_coprocessor_fifo/hw/design_1_wrapper.xsa'.
15:08:41 INFO  : 'configparams force-mem-access 1' command is executed.
15:08:41 INFO  : Context for 'APU' is selected.
15:08:41 INFO  : Sourcing of 'C:/Users/sunil/desktop/NUS/EE4218/EE4218_Labs_clone/Lab_3/integrated_coprocessor_v1/xuartps_hello_world_example_1/_ide/psinit/psu_init.tcl' is done.
15:08:42 INFO  : 'psu_init' command is executed.
15:08:43 INFO  : 'after 1000' command is executed.
15:08:43 INFO  : 'psu_ps_pl_isolation_removal' command is executed.
15:08:44 INFO  : 'after 1000' command is executed.
15:08:44 INFO  : 'psu_ps_pl_reset_config' command is executed.
15:08:44 INFO  : 'catch {psu_protection}' command is executed.
15:08:44 INFO  : Context for processor 'psu_cortexa53_0' is selected.
15:08:45 INFO  : Processor reset is completed for 'psu_cortexa53_0'.
15:08:45 INFO  : The application 'C:/Users/sunil/desktop/NUS/EE4218/EE4218_Labs_clone/Lab_3/integrated_coprocessor_v1/xuartps_hello_world_example_1/Debug/xuartps_hello_world_example_1.elf' is downloaded to processor 'psu_cortexa53_0'.
15:08:45 INFO  : 'configparams force-mem-access 0' command is executed.
15:08:45 INFO  : ----------------XSDB Script----------------
connect -url tcp:127.0.0.1:3121
source C:/Xilinx/Vitis/2023.2/scripts/vitis/util/zynqmp_utils.tcl
targets -set -nocase -filter {name =~"APU*"}
rst -system
after 3000
targets -set -filter {jtag_cable_name =~ "Xilinx X-MLCC-01 XFL1NH42KNRVA" && level==0 && jtag_device_ctx=="jsn-X-MLCC-01-XFL1NH42KNRVA-04724093-0"}
fpga -file C:/Users/sunil/desktop/NUS/EE4218/EE4218_Labs_clone/Lab_3/integrated_coprocessor_v1/xuartps_hello_world_example_1/_ide/bitstream/design_1_wrapper.bit
targets -set -nocase -filter {name =~"APU*"}
loadhw -hw C:/Users/sunil/desktop/NUS/EE4218/EE4218_Labs_clone/Lab_3/integrated_coprocessor_v1/integrated_coprocessor_fifo/export/integrated_coprocessor_fifo/hw/design_1_wrapper.xsa -mem-ranges [list {0x80000000 0xbfffffff} {0x400000000 0x5ffffffff} {0x1000000000 0x7fffffffff}] -regs
configparams force-mem-access 1
targets -set -nocase -filter {name =~"APU*"}
source C:/Users/sunil/desktop/NUS/EE4218/EE4218_Labs_clone/Lab_3/integrated_coprocessor_v1/xuartps_hello_world_example_1/_ide/psinit/psu_init.tcl
psu_init
after 1000
psu_ps_pl_isolation_removal
after 1000
psu_ps_pl_reset_config
catch {psu_protection}
targets -set -nocase -filter {name =~ "*A53*#0"}
rst -processor
dow C:/Users/sunil/desktop/NUS/EE4218/EE4218_Labs_clone/Lab_3/integrated_coprocessor_v1/xuartps_hello_world_example_1/Debug/xuartps_hello_world_example_1.elf
configparams force-mem-access 0
----------------End of Script----------------

15:08:45 INFO  : Context for processor 'psu_cortexa53_0' is selected.
15:08:45 INFO  : 'con' command is executed.
15:08:45 INFO  : ----------------XSDB Script (After Launch)----------------
targets -set -nocase -filter {name =~ "*A53*#0"}
con
----------------End of Script----------------

15:08:45 INFO  : Launch script is exported to file 'C:\Users\sunil\desktop\NUS\EE4218\EE4218_Labs_clone\Lab_3\integrated_coprocessor_v1\xuartps_hello_world_example_1_system\_ide\scripts\debugger_xuartps_hello_world_example_1-default.tcl'
15:16:42 INFO  : Disconnected from the channel tcfchan#1.
15:16:44 INFO  : Checking for BSP changes to sync application flags for project 'xuartps_hello_world_example_1'...
15:16:54 INFO  : Checking for BSP changes to sync application flags for project 'xuartps_hello_world_example_1'...
15:16:57 ERROR : (XSDB Server)ERROR: [Hsi 55-1571] The design file C:/Users/sunil/desktop/NUS/EE4218/EE4218_Labs_clone/Lab_3/integrated_coprocessor_v1/integrated_coprocessor_fifo/export/integrated_coprocessor_fifo/hw/design_1_wrapper.xsa is already opened

15:17:12 INFO  : Connected to target on host '127.0.0.1' and port '3121'.
15:17:13 INFO  : Jtag cable 'Xilinx X-MLCC-01 XFL1NH42KNRVA' is selected.
15:17:13 INFO  : 'jtag frequency' command is executed.
15:17:13 INFO  : Sourcing of 'C:/Xilinx/Vitis/2023.2/scripts/vitis/util/zynqmp_utils.tcl' is done.
15:17:13 INFO  : Context for 'APU' is selected.
15:17:13 INFO  : System reset is completed.
15:17:16 INFO  : 'after 3000' command is executed.
15:17:16 INFO  : 'targets -set -filter {jtag_cable_name =~ "Xilinx X-MLCC-01 XFL1NH42KNRVA" && level==0 && jtag_device_ctx=="jsn-X-MLCC-01-XFL1NH42KNRVA-04724093-0"}' command is executed.
15:17:21 INFO  : Device configured successfully with "C:/Users/sunil/desktop/NUS/EE4218/EE4218_Labs_clone/Lab_3/integrated_coprocessor_v1/xuartps_hello_world_example_1/_ide/bitstream/design_1_wrapper.bit"
15:17:21 INFO  : Context for 'APU' is selected.
15:17:22 INFO  : Hardware design and registers information is loaded from 'C:/Users/sunil/desktop/NUS/EE4218/EE4218_Labs_clone/Lab_3/integrated_coprocessor_v1/integrated_coprocessor_fifo/export/integrated_coprocessor_fifo/hw/design_1_wrapper.xsa'.
15:17:22 INFO  : 'configparams force-mem-access 1' command is executed.
15:17:22 INFO  : Context for 'APU' is selected.
15:17:22 INFO  : Sourcing of 'C:/Users/sunil/desktop/NUS/EE4218/EE4218_Labs_clone/Lab_3/integrated_coprocessor_v1/xuartps_hello_world_example_1/_ide/psinit/psu_init.tcl' is done.
15:17:23 INFO  : 'psu_init' command is executed.
15:17:24 INFO  : 'after 1000' command is executed.
15:17:24 INFO  : 'psu_ps_pl_isolation_removal' command is executed.
15:17:25 INFO  : 'after 1000' command is executed.
15:17:25 INFO  : 'psu_ps_pl_reset_config' command is executed.
15:17:25 INFO  : 'catch {psu_protection}' command is executed.
15:17:25 INFO  : Context for processor 'psu_cortexa53_0' is selected.
15:17:25 INFO  : Processor reset is completed for 'psu_cortexa53_0'.
15:17:26 INFO  : The application 'C:/Users/sunil/desktop/NUS/EE4218/EE4218_Labs_clone/Lab_3/integrated_coprocessor_v1/xuartps_hello_world_example_1/Debug/xuartps_hello_world_example_1.elf' is downloaded to processor 'psu_cortexa53_0'.
15:17:26 INFO  : 'configparams force-mem-access 0' command is executed.
15:17:26 INFO  : ----------------XSDB Script----------------
connect -url tcp:127.0.0.1:3121
source C:/Xilinx/Vitis/2023.2/scripts/vitis/util/zynqmp_utils.tcl
targets -set -nocase -filter {name =~"APU*"}
rst -system
after 3000
targets -set -filter {jtag_cable_name =~ "Xilinx X-MLCC-01 XFL1NH42KNRVA" && level==0 && jtag_device_ctx=="jsn-X-MLCC-01-XFL1NH42KNRVA-04724093-0"}
fpga -file C:/Users/sunil/desktop/NUS/EE4218/EE4218_Labs_clone/Lab_3/integrated_coprocessor_v1/xuartps_hello_world_example_1/_ide/bitstream/design_1_wrapper.bit
targets -set -nocase -filter {name =~"APU*"}
loadhw -hw C:/Users/sunil/desktop/NUS/EE4218/EE4218_Labs_clone/Lab_3/integrated_coprocessor_v1/integrated_coprocessor_fifo/export/integrated_coprocessor_fifo/hw/design_1_wrapper.xsa -mem-ranges [list {0x80000000 0xbfffffff} {0x400000000 0x5ffffffff} {0x1000000000 0x7fffffffff}] -regs
configparams force-mem-access 1
targets -set -nocase -filter {name =~"APU*"}
source C:/Users/sunil/desktop/NUS/EE4218/EE4218_Labs_clone/Lab_3/integrated_coprocessor_v1/xuartps_hello_world_example_1/_ide/psinit/psu_init.tcl
psu_init
after 1000
psu_ps_pl_isolation_removal
after 1000
psu_ps_pl_reset_config
catch {psu_protection}
targets -set -nocase -filter {name =~ "*A53*#0"}
rst -processor
dow C:/Users/sunil/desktop/NUS/EE4218/EE4218_Labs_clone/Lab_3/integrated_coprocessor_v1/xuartps_hello_world_example_1/Debug/xuartps_hello_world_example_1.elf
configparams force-mem-access 0
----------------End of Script----------------

15:17:26 INFO  : Context for processor 'psu_cortexa53_0' is selected.
15:17:26 INFO  : 'con' command is executed.
15:17:26 INFO  : ----------------XSDB Script (After Launch)----------------
targets -set -nocase -filter {name =~ "*A53*#0"}
con
----------------End of Script----------------

15:17:26 INFO  : Launch script is exported to file 'C:\Users\sunil\desktop\NUS\EE4218\EE4218_Labs_clone\Lab_3\integrated_coprocessor_v1\xuartps_hello_world_example_1_system\_ide\scripts\debugger_xuartps_hello_world_example_1-default.tcl'
15:30:58 INFO  : Disconnected from the channel tcfchan#3.
15:38:06 INFO  : Result from executing command 'getProjects': integrated_coprocessor_fifo
15:38:06 INFO  : Result from executing command 'getPlatforms': integrated_coprocessor_fifo|C:/Users/sunil/desktop/NUS/EE4218/EE4218_Labs_clone/Lab_3/integrated_coprocessor_v1/integrated_coprocessor_fifo/export/integrated_coprocessor_fifo/integrated_coprocessor_fifo.xpfm;xilinx_zcu102_base_202320_1|C:/Xilinx/Vitis/2023.2/base_platforms/xilinx_zcu102_base_202320_1/xilinx_zcu102_base_202320_1.xpfm;xilinx_zcu102_base_dfx_202320_1|C:/Xilinx/Vitis/2023.2/base_platforms/xilinx_zcu102_base_dfx_202320_1/xilinx_zcu102_base_dfx_202320_1.xpfm;xilinx_zcu104_base_202320_1|C:/Xilinx/Vitis/2023.2/base_platforms/xilinx_zcu104_base_202320_1/xilinx_zcu104_base_202320_1.xpfm
15:38:07 INFO  : Checking for BSP changes to sync application flags for project 'xuartps_hello_world_example_1'...
15:40:01 INFO  : Checking for BSP changes to sync application flags for project 'xuartps_hello_world_example_1'...
15:40:13 INFO  : Connected to target on host '127.0.0.1' and port '3121'.
15:40:14 INFO  : Jtag cable 'Xilinx X-MLCC-01 XFL1NH42KNRVA' is selected.
15:40:14 INFO  : 'jtag frequency' command is executed.
15:40:14 INFO  : Sourcing of 'C:/Xilinx/Vitis/2023.2/scripts/vitis/util/zynqmp_utils.tcl' is done.
15:40:14 INFO  : Context for 'APU' is selected.
15:40:14 INFO  : System reset is completed.
15:40:17 INFO  : 'after 3000' command is executed.
15:40:17 INFO  : 'targets -set -filter {jtag_cable_name =~ "Xilinx X-MLCC-01 XFL1NH42KNRVA" && level==0 && jtag_device_ctx=="jsn-X-MLCC-01-XFL1NH42KNRVA-04724093-0"}' command is executed.
15:40:22 INFO  : Device configured successfully with "C:/Users/sunil/desktop/NUS/EE4218/EE4218_Labs_clone/Lab_3/integrated_coprocessor_v1/xuartps_hello_world_example_1/_ide/bitstream/design_1_wrapper.bit"
15:40:22 INFO  : Context for 'APU' is selected.
15:40:23 INFO  : Hardware design and registers information is loaded from 'C:/Users/sunil/desktop/NUS/EE4218/EE4218_Labs_clone/Lab_3/integrated_coprocessor_v1/integrated_coprocessor_fifo/export/integrated_coprocessor_fifo/hw/design_1_wrapper.xsa'.
15:40:23 INFO  : 'configparams force-mem-access 1' command is executed.
15:40:23 INFO  : Context for 'APU' is selected.
15:40:23 INFO  : Sourcing of 'C:/Users/sunil/desktop/NUS/EE4218/EE4218_Labs_clone/Lab_3/integrated_coprocessor_v1/xuartps_hello_world_example_1/_ide/psinit/psu_init.tcl' is done.
15:40:24 INFO  : 'psu_init' command is executed.
15:40:25 INFO  : 'after 1000' command is executed.
15:40:25 INFO  : 'psu_ps_pl_isolation_removal' command is executed.
15:40:26 INFO  : 'after 1000' command is executed.
15:40:26 INFO  : 'psu_ps_pl_reset_config' command is executed.
15:40:26 INFO  : 'catch {psu_protection}' command is executed.
15:40:26 INFO  : Context for processor 'psu_cortexa53_0' is selected.
15:40:26 INFO  : Processor reset is completed for 'psu_cortexa53_0'.
15:40:27 INFO  : The application 'C:/Users/sunil/desktop/NUS/EE4218/EE4218_Labs_clone/Lab_3/integrated_coprocessor_v1/xuartps_hello_world_example_1/Debug/xuartps_hello_world_example_1.elf' is downloaded to processor 'psu_cortexa53_0'.
15:40:27 INFO  : 'configparams force-mem-access 0' command is executed.
15:40:27 INFO  : ----------------XSDB Script----------------
connect -url tcp:127.0.0.1:3121
source C:/Xilinx/Vitis/2023.2/scripts/vitis/util/zynqmp_utils.tcl
targets -set -nocase -filter {name =~"APU*"}
rst -system
after 3000
targets -set -filter {jtag_cable_name =~ "Xilinx X-MLCC-01 XFL1NH42KNRVA" && level==0 && jtag_device_ctx=="jsn-X-MLCC-01-XFL1NH42KNRVA-04724093-0"}
fpga -file C:/Users/sunil/desktop/NUS/EE4218/EE4218_Labs_clone/Lab_3/integrated_coprocessor_v1/xuartps_hello_world_example_1/_ide/bitstream/design_1_wrapper.bit
targets -set -nocase -filter {name =~"APU*"}
loadhw -hw C:/Users/sunil/desktop/NUS/EE4218/EE4218_Labs_clone/Lab_3/integrated_coprocessor_v1/integrated_coprocessor_fifo/export/integrated_coprocessor_fifo/hw/design_1_wrapper.xsa -mem-ranges [list {0x80000000 0xbfffffff} {0x400000000 0x5ffffffff} {0x1000000000 0x7fffffffff}] -regs
configparams force-mem-access 1
targets -set -nocase -filter {name =~"APU*"}
source C:/Users/sunil/desktop/NUS/EE4218/EE4218_Labs_clone/Lab_3/integrated_coprocessor_v1/xuartps_hello_world_example_1/_ide/psinit/psu_init.tcl
psu_init
after 1000
psu_ps_pl_isolation_removal
after 1000
psu_ps_pl_reset_config
catch {psu_protection}
targets -set -nocase -filter {name =~ "*A53*#0"}
rst -processor
dow C:/Users/sunil/desktop/NUS/EE4218/EE4218_Labs_clone/Lab_3/integrated_coprocessor_v1/xuartps_hello_world_example_1/Debug/xuartps_hello_world_example_1.elf
configparams force-mem-access 0
----------------End of Script----------------

15:40:27 INFO  : Context for processor 'psu_cortexa53_0' is selected.
15:40:27 INFO  : 'con' command is executed.
15:40:27 INFO  : ----------------XSDB Script (After Launch)----------------
targets -set -nocase -filter {name =~ "*A53*#0"}
con
----------------End of Script----------------

15:40:27 INFO  : Launch script is exported to file 'C:\Users\sunil\desktop\NUS\EE4218\EE4218_Labs_clone\Lab_3\integrated_coprocessor_v1\xuartps_hello_world_example_1_system\_ide\scripts\debugger_xuartps_hello_world_example_1-default.tcl'
15:44:28 INFO  : Disconnected from the channel tcfchan#5.
15:44:32 INFO  : Checking for BSP changes to sync application flags for project 'xuartps_hello_world_example_1'...
15:44:37 INFO  : Connected to target on host '127.0.0.1' and port '3121'.
15:44:37 INFO  : Jtag cable 'Xilinx X-MLCC-01 XFL1NH42KNRVA' is selected.
15:44:37 INFO  : 'jtag frequency' command is executed.
15:44:37 INFO  : Sourcing of 'C:/Xilinx/Vitis/2023.2/scripts/vitis/util/zynqmp_utils.tcl' is done.
15:44:37 INFO  : Context for 'APU' is selected.
15:44:37 INFO  : System reset is completed.
15:44:41 INFO  : 'after 3000' command is executed.
15:44:41 INFO  : 'targets -set -filter {jtag_cable_name =~ "Xilinx X-MLCC-01 XFL1NH42KNRVA" && level==0 && jtag_device_ctx=="jsn-X-MLCC-01-XFL1NH42KNRVA-04724093-0"}' command is executed.
15:44:45 INFO  : Device configured successfully with "C:/Users/sunil/desktop/NUS/EE4218/EE4218_Labs_clone/Lab_3/integrated_coprocessor_v1/xuartps_hello_world_example_1/_ide/bitstream/design_1_wrapper.bit"
15:44:45 INFO  : Context for 'APU' is selected.
15:44:45 INFO  : Hardware design and registers information is loaded from 'C:/Users/sunil/desktop/NUS/EE4218/EE4218_Labs_clone/Lab_3/integrated_coprocessor_v1/integrated_coprocessor_fifo/export/integrated_coprocessor_fifo/hw/design_1_wrapper.xsa'.
15:44:45 INFO  : 'configparams force-mem-access 1' command is executed.
15:44:45 INFO  : Context for 'APU' is selected.
15:44:45 INFO  : Sourcing of 'C:/Users/sunil/desktop/NUS/EE4218/EE4218_Labs_clone/Lab_3/integrated_coprocessor_v1/xuartps_hello_world_example_1/_ide/psinit/psu_init.tcl' is done.
15:44:46 INFO  : 'psu_init' command is executed.
15:44:47 INFO  : 'after 1000' command is executed.
15:44:47 INFO  : 'psu_ps_pl_isolation_removal' command is executed.
15:44:48 INFO  : 'after 1000' command is executed.
15:44:48 INFO  : 'psu_ps_pl_reset_config' command is executed.
15:44:48 INFO  : 'catch {psu_protection}' command is executed.
15:44:48 INFO  : Context for processor 'psu_cortexa53_0' is selected.
15:44:48 INFO  : Processor reset is completed for 'psu_cortexa53_0'.
15:44:49 INFO  : The application 'C:/Users/sunil/desktop/NUS/EE4218/EE4218_Labs_clone/Lab_3/integrated_coprocessor_v1/xuartps_hello_world_example_1/Debug/xuartps_hello_world_example_1.elf' is downloaded to processor 'psu_cortexa53_0'.
15:44:49 INFO  : 'configparams force-mem-access 0' command is executed.
15:44:49 INFO  : ----------------XSDB Script----------------
connect -url tcp:127.0.0.1:3121
source C:/Xilinx/Vitis/2023.2/scripts/vitis/util/zynqmp_utils.tcl
targets -set -nocase -filter {name =~"APU*"}
rst -system
after 3000
targets -set -filter {jtag_cable_name =~ "Xilinx X-MLCC-01 XFL1NH42KNRVA" && level==0 && jtag_device_ctx=="jsn-X-MLCC-01-XFL1NH42KNRVA-04724093-0"}
fpga -file C:/Users/sunil/desktop/NUS/EE4218/EE4218_Labs_clone/Lab_3/integrated_coprocessor_v1/xuartps_hello_world_example_1/_ide/bitstream/design_1_wrapper.bit
targets -set -nocase -filter {name =~"APU*"}
loadhw -hw C:/Users/sunil/desktop/NUS/EE4218/EE4218_Labs_clone/Lab_3/integrated_coprocessor_v1/integrated_coprocessor_fifo/export/integrated_coprocessor_fifo/hw/design_1_wrapper.xsa -mem-ranges [list {0x80000000 0xbfffffff} {0x400000000 0x5ffffffff} {0x1000000000 0x7fffffffff}] -regs
configparams force-mem-access 1
targets -set -nocase -filter {name =~"APU*"}
source C:/Users/sunil/desktop/NUS/EE4218/EE4218_Labs_clone/Lab_3/integrated_coprocessor_v1/xuartps_hello_world_example_1/_ide/psinit/psu_init.tcl
psu_init
after 1000
psu_ps_pl_isolation_removal
after 1000
psu_ps_pl_reset_config
catch {psu_protection}
targets -set -nocase -filter {name =~ "*A53*#0"}
rst -processor
dow C:/Users/sunil/desktop/NUS/EE4218/EE4218_Labs_clone/Lab_3/integrated_coprocessor_v1/xuartps_hello_world_example_1/Debug/xuartps_hello_world_example_1.elf
configparams force-mem-access 0
----------------End of Script----------------

15:44:50 INFO  : Context for processor 'psu_cortexa53_0' is selected.
15:44:50 INFO  : 'con' command is executed.
15:44:50 INFO  : ----------------XSDB Script (After Launch)----------------
targets -set -nocase -filter {name =~ "*A53*#0"}
con
----------------End of Script----------------

15:44:50 INFO  : Launch script is exported to file 'C:\Users\sunil\desktop\NUS\EE4218\EE4218_Labs_clone\Lab_3\integrated_coprocessor_v1\xuartps_hello_world_example_1_system\_ide\scripts\debugger_xuartps_hello_world_example_1-default.tcl'
15:48:43 INFO  : Disconnected from the channel tcfchan#6.
15:48:45 INFO  : Connected to target on host '127.0.0.1' and port '3121'.
15:48:46 INFO  : Jtag cable 'Xilinx X-MLCC-01 XFL1NH42KNRVA' is selected.
15:48:46 INFO  : 'jtag frequency' command is executed.
15:48:46 INFO  : Sourcing of 'C:/Xilinx/Vitis/2023.2/scripts/vitis/util/zynqmp_utils.tcl' is done.
15:48:46 INFO  : Context for 'APU' is selected.
15:48:46 INFO  : System reset is completed.
15:48:49 INFO  : 'after 3000' command is executed.
15:48:49 INFO  : 'targets -set -filter {jtag_cable_name =~ "Xilinx X-MLCC-01 XFL1NH42KNRVA" && level==0 && jtag_device_ctx=="jsn-X-MLCC-01-XFL1NH42KNRVA-04724093-0"}' command is executed.
15:48:53 INFO  : Device configured successfully with "C:/Users/sunil/desktop/NUS/EE4218/EE4218_Labs_clone/Lab_3/integrated_coprocessor_v1/xuartps_hello_world_example_1/_ide/bitstream/design_1_wrapper.bit"
15:48:53 INFO  : Context for 'APU' is selected.
15:48:53 INFO  : Hardware design and registers information is loaded from 'C:/Users/sunil/desktop/NUS/EE4218/EE4218_Labs_clone/Lab_3/integrated_coprocessor_v1/integrated_coprocessor_fifo/export/integrated_coprocessor_fifo/hw/design_1_wrapper.xsa'.
15:48:53 INFO  : 'configparams force-mem-access 1' command is executed.
15:48:53 INFO  : Context for 'APU' is selected.
15:48:53 INFO  : Sourcing of 'C:/Users/sunil/desktop/NUS/EE4218/EE4218_Labs_clone/Lab_3/integrated_coprocessor_v1/xuartps_hello_world_example_1/_ide/psinit/psu_init.tcl' is done.
15:48:54 INFO  : 'psu_init' command is executed.
15:48:55 INFO  : 'after 1000' command is executed.
15:48:55 INFO  : 'psu_ps_pl_isolation_removal' command is executed.
15:48:56 INFO  : 'after 1000' command is executed.
15:48:56 INFO  : 'psu_ps_pl_reset_config' command is executed.
15:48:56 INFO  : 'catch {psu_protection}' command is executed.
15:48:56 INFO  : Context for processor 'psu_cortexa53_0' is selected.
15:48:57 INFO  : Processor reset is completed for 'psu_cortexa53_0'.
15:48:58 INFO  : The application 'C:/Users/sunil/desktop/NUS/EE4218/EE4218_Labs_clone/Lab_3/integrated_coprocessor_v1/xuartps_hello_world_example_1/Debug/xuartps_hello_world_example_1.elf' is downloaded to processor 'psu_cortexa53_0'.
15:48:58 INFO  : 'configparams force-mem-access 0' command is executed.
15:48:58 INFO  : ----------------XSDB Script----------------
connect -url tcp:127.0.0.1:3121
source C:/Xilinx/Vitis/2023.2/scripts/vitis/util/zynqmp_utils.tcl
targets -set -nocase -filter {name =~"APU*"}
rst -system
after 3000
targets -set -filter {jtag_cable_name =~ "Xilinx X-MLCC-01 XFL1NH42KNRVA" && level==0 && jtag_device_ctx=="jsn-X-MLCC-01-XFL1NH42KNRVA-04724093-0"}
fpga -file C:/Users/sunil/desktop/NUS/EE4218/EE4218_Labs_clone/Lab_3/integrated_coprocessor_v1/xuartps_hello_world_example_1/_ide/bitstream/design_1_wrapper.bit
targets -set -nocase -filter {name =~"APU*"}
loadhw -hw C:/Users/sunil/desktop/NUS/EE4218/EE4218_Labs_clone/Lab_3/integrated_coprocessor_v1/integrated_coprocessor_fifo/export/integrated_coprocessor_fifo/hw/design_1_wrapper.xsa -mem-ranges [list {0x80000000 0xbfffffff} {0x400000000 0x5ffffffff} {0x1000000000 0x7fffffffff}] -regs
configparams force-mem-access 1
targets -set -nocase -filter {name =~"APU*"}
source C:/Users/sunil/desktop/NUS/EE4218/EE4218_Labs_clone/Lab_3/integrated_coprocessor_v1/xuartps_hello_world_example_1/_ide/psinit/psu_init.tcl
psu_init
after 1000
psu_ps_pl_isolation_removal
after 1000
psu_ps_pl_reset_config
catch {psu_protection}
targets -set -nocase -filter {name =~ "*A53*#0"}
rst -processor
dow C:/Users/sunil/desktop/NUS/EE4218/EE4218_Labs_clone/Lab_3/integrated_coprocessor_v1/xuartps_hello_world_example_1/Debug/xuartps_hello_world_example_1.elf
configparams force-mem-access 0
----------------End of Script----------------

15:48:58 INFO  : Context for processor 'psu_cortexa53_0' is selected.
15:48:58 INFO  : 'con' command is executed.
15:48:58 INFO  : ----------------XSDB Script (After Launch)----------------
targets -set -nocase -filter {name =~ "*A53*#0"}
con
----------------End of Script----------------

15:48:58 INFO  : Launch script is exported to file 'C:\Users\sunil\desktop\NUS\EE4218\EE4218_Labs_clone\Lab_3\integrated_coprocessor_v1\xuartps_hello_world_example_1_system\_ide\scripts\debugger_xuartps_hello_world_example_1-default.tcl'
15:51:46 INFO  : Disconnected from the channel tcfchan#7.
15:51:52 INFO  : Connected to target on host '127.0.0.1' and port '3121'.
15:51:52 INFO  : Jtag cable 'Xilinx X-MLCC-01 XFL1NH42KNRVA' is selected.
15:51:52 INFO  : 'jtag frequency' command is executed.
15:51:52 INFO  : Sourcing of 'C:/Xilinx/Vitis/2023.2/scripts/vitis/util/zynqmp_utils.tcl' is done.
15:51:52 INFO  : Context for 'APU' is selected.
15:51:52 INFO  : System reset is completed.
15:51:55 INFO  : 'after 3000' command is executed.
15:51:55 INFO  : 'targets -set -filter {jtag_cable_name =~ "Xilinx X-MLCC-01 XFL1NH42KNRVA" && level==0 && jtag_device_ctx=="jsn-X-MLCC-01-XFL1NH42KNRVA-04724093-0"}' command is executed.
15:52:00 INFO  : Device configured successfully with "C:/Users/sunil/desktop/NUS/EE4218/EE4218_Labs_clone/Lab_3/integrated_coprocessor_v1/xuartps_hello_world_example_1/_ide/bitstream/design_1_wrapper.bit"
15:52:00 INFO  : Context for 'APU' is selected.
15:52:00 INFO  : Hardware design and registers information is loaded from 'C:/Users/sunil/desktop/NUS/EE4218/EE4218_Labs_clone/Lab_3/integrated_coprocessor_v1/integrated_coprocessor_fifo/export/integrated_coprocessor_fifo/hw/design_1_wrapper.xsa'.
15:52:00 INFO  : 'configparams force-mem-access 1' command is executed.
15:52:00 INFO  : Context for 'APU' is selected.
15:52:00 INFO  : Sourcing of 'C:/Users/sunil/desktop/NUS/EE4218/EE4218_Labs_clone/Lab_3/integrated_coprocessor_v1/xuartps_hello_world_example_1/_ide/psinit/psu_init.tcl' is done.
15:52:01 INFO  : 'psu_init' command is executed.
15:52:02 INFO  : 'after 1000' command is executed.
15:52:02 INFO  : 'psu_ps_pl_isolation_removal' command is executed.
15:52:03 INFO  : 'after 1000' command is executed.
15:52:03 INFO  : 'psu_ps_pl_reset_config' command is executed.
15:52:03 INFO  : 'catch {psu_protection}' command is executed.
15:52:03 INFO  : Context for processor 'psu_cortexa53_0' is selected.
15:52:03 INFO  : Processor reset is completed for 'psu_cortexa53_0'.
15:52:04 INFO  : The application 'C:/Users/sunil/desktop/NUS/EE4218/EE4218_Labs_clone/Lab_3/integrated_coprocessor_v1/xuartps_hello_world_example_1/Debug/xuartps_hello_world_example_1.elf' is downloaded to processor 'psu_cortexa53_0'.
15:52:04 INFO  : 'configparams force-mem-access 0' command is executed.
15:52:04 INFO  : ----------------XSDB Script----------------
connect -url tcp:127.0.0.1:3121
source C:/Xilinx/Vitis/2023.2/scripts/vitis/util/zynqmp_utils.tcl
targets -set -nocase -filter {name =~"APU*"}
rst -system
after 3000
targets -set -filter {jtag_cable_name =~ "Xilinx X-MLCC-01 XFL1NH42KNRVA" && level==0 && jtag_device_ctx=="jsn-X-MLCC-01-XFL1NH42KNRVA-04724093-0"}
fpga -file C:/Users/sunil/desktop/NUS/EE4218/EE4218_Labs_clone/Lab_3/integrated_coprocessor_v1/xuartps_hello_world_example_1/_ide/bitstream/design_1_wrapper.bit
targets -set -nocase -filter {name =~"APU*"}
loadhw -hw C:/Users/sunil/desktop/NUS/EE4218/EE4218_Labs_clone/Lab_3/integrated_coprocessor_v1/integrated_coprocessor_fifo/export/integrated_coprocessor_fifo/hw/design_1_wrapper.xsa -mem-ranges [list {0x80000000 0xbfffffff} {0x400000000 0x5ffffffff} {0x1000000000 0x7fffffffff}] -regs
configparams force-mem-access 1
targets -set -nocase -filter {name =~"APU*"}
source C:/Users/sunil/desktop/NUS/EE4218/EE4218_Labs_clone/Lab_3/integrated_coprocessor_v1/xuartps_hello_world_example_1/_ide/psinit/psu_init.tcl
psu_init
after 1000
psu_ps_pl_isolation_removal
after 1000
psu_ps_pl_reset_config
catch {psu_protection}
targets -set -nocase -filter {name =~ "*A53*#0"}
rst -processor
dow C:/Users/sunil/desktop/NUS/EE4218/EE4218_Labs_clone/Lab_3/integrated_coprocessor_v1/xuartps_hello_world_example_1/Debug/xuartps_hello_world_example_1.elf
configparams force-mem-access 0
----------------End of Script----------------

15:52:04 INFO  : Context for processor 'psu_cortexa53_0' is selected.
15:52:04 INFO  : 'con' command is executed.
15:52:04 INFO  : ----------------XSDB Script (After Launch)----------------
targets -set -nocase -filter {name =~ "*A53*#0"}
con
----------------End of Script----------------

15:52:04 INFO  : Launch script is exported to file 'C:\Users\sunil\desktop\NUS\EE4218\EE4218_Labs_clone\Lab_3\integrated_coprocessor_v1\xuartps_hello_world_example_1_system\_ide\scripts\debugger_xuartps_hello_world_example_1-default.tcl'
15:54:25 INFO  : Disconnected from the channel tcfchan#8.
15:54:34 INFO  : Connected to target on host '127.0.0.1' and port '3121'.
15:54:34 INFO  : Jtag cable 'Xilinx X-MLCC-01 XFL1NH42KNRVA' is selected.
15:54:34 INFO  : 'jtag frequency' command is executed.
15:54:34 INFO  : Sourcing of 'C:/Xilinx/Vitis/2023.2/scripts/vitis/util/zynqmp_utils.tcl' is done.
15:54:34 INFO  : Context for 'APU' is selected.
15:54:34 INFO  : System reset is completed.
15:54:37 INFO  : 'after 3000' command is executed.
15:54:37 INFO  : 'targets -set -filter {jtag_cable_name =~ "Xilinx X-MLCC-01 XFL1NH42KNRVA" && level==0 && jtag_device_ctx=="jsn-X-MLCC-01-XFL1NH42KNRVA-04724093-0"}' command is executed.
15:54:42 INFO  : Device configured successfully with "C:/Users/sunil/desktop/NUS/EE4218/EE4218_Labs_clone/Lab_3/integrated_coprocessor_v1/xuartps_hello_world_example_1/_ide/bitstream/design_1_wrapper.bit"
15:54:42 INFO  : Context for 'APU' is selected.
15:54:42 INFO  : Hardware design and registers information is loaded from 'C:/Users/sunil/desktop/NUS/EE4218/EE4218_Labs_clone/Lab_3/integrated_coprocessor_v1/integrated_coprocessor_fifo/export/integrated_coprocessor_fifo/hw/design_1_wrapper.xsa'.
15:54:42 INFO  : 'configparams force-mem-access 1' command is executed.
15:54:42 INFO  : Context for 'APU' is selected.
15:54:42 INFO  : Sourcing of 'C:/Users/sunil/desktop/NUS/EE4218/EE4218_Labs_clone/Lab_3/integrated_coprocessor_v1/xuartps_hello_world_example_1/_ide/psinit/psu_init.tcl' is done.
15:54:43 INFO  : 'psu_init' command is executed.
15:54:44 INFO  : 'after 1000' command is executed.
15:54:44 INFO  : 'psu_ps_pl_isolation_removal' command is executed.
15:54:45 INFO  : 'after 1000' command is executed.
15:54:45 INFO  : 'psu_ps_pl_reset_config' command is executed.
15:54:45 INFO  : 'catch {psu_protection}' command is executed.
15:54:45 INFO  : Context for processor 'psu_cortexa53_0' is selected.
15:54:45 INFO  : Processor reset is completed for 'psu_cortexa53_0'.
15:54:46 INFO  : The application 'C:/Users/sunil/desktop/NUS/EE4218/EE4218_Labs_clone/Lab_3/integrated_coprocessor_v1/xuartps_hello_world_example_1/Debug/xuartps_hello_world_example_1.elf' is downloaded to processor 'psu_cortexa53_0'.
15:54:46 INFO  : 'configparams force-mem-access 0' command is executed.
15:54:46 INFO  : ----------------XSDB Script----------------
connect -url tcp:127.0.0.1:3121
source C:/Xilinx/Vitis/2023.2/scripts/vitis/util/zynqmp_utils.tcl
targets -set -nocase -filter {name =~"APU*"}
rst -system
after 3000
targets -set -filter {jtag_cable_name =~ "Xilinx X-MLCC-01 XFL1NH42KNRVA" && level==0 && jtag_device_ctx=="jsn-X-MLCC-01-XFL1NH42KNRVA-04724093-0"}
fpga -file C:/Users/sunil/desktop/NUS/EE4218/EE4218_Labs_clone/Lab_3/integrated_coprocessor_v1/xuartps_hello_world_example_1/_ide/bitstream/design_1_wrapper.bit
targets -set -nocase -filter {name =~"APU*"}
loadhw -hw C:/Users/sunil/desktop/NUS/EE4218/EE4218_Labs_clone/Lab_3/integrated_coprocessor_v1/integrated_coprocessor_fifo/export/integrated_coprocessor_fifo/hw/design_1_wrapper.xsa -mem-ranges [list {0x80000000 0xbfffffff} {0x400000000 0x5ffffffff} {0x1000000000 0x7fffffffff}] -regs
configparams force-mem-access 1
targets -set -nocase -filter {name =~"APU*"}
source C:/Users/sunil/desktop/NUS/EE4218/EE4218_Labs_clone/Lab_3/integrated_coprocessor_v1/xuartps_hello_world_example_1/_ide/psinit/psu_init.tcl
psu_init
after 1000
psu_ps_pl_isolation_removal
after 1000
psu_ps_pl_reset_config
catch {psu_protection}
targets -set -nocase -filter {name =~ "*A53*#0"}
rst -processor
dow C:/Users/sunil/desktop/NUS/EE4218/EE4218_Labs_clone/Lab_3/integrated_coprocessor_v1/xuartps_hello_world_example_1/Debug/xuartps_hello_world_example_1.elf
configparams force-mem-access 0
----------------End of Script----------------

15:54:46 INFO  : Context for processor 'psu_cortexa53_0' is selected.
15:54:46 INFO  : 'con' command is executed.
15:54:46 INFO  : ----------------XSDB Script (After Launch)----------------
targets -set -nocase -filter {name =~ "*A53*#0"}
con
----------------End of Script----------------

15:54:46 INFO  : Launch script is exported to file 'C:\Users\sunil\desktop\NUS\EE4218\EE4218_Labs_clone\Lab_3\integrated_coprocessor_v1\xuartps_hello_world_example_1_system\_ide\scripts\debugger_xuartps_hello_world_example_1-default.tcl'
15:55:45 INFO  : Disconnected from the channel tcfchan#9.
15:55:48 INFO  : Connected to target on host '127.0.0.1' and port '3121'.
15:55:49 INFO  : Jtag cable 'Xilinx X-MLCC-01 XFL1NH42KNRVA' is selected.
15:55:49 INFO  : 'jtag frequency' command is executed.
15:55:49 INFO  : Sourcing of 'C:/Xilinx/Vitis/2023.2/scripts/vitis/util/zynqmp_utils.tcl' is done.
15:55:49 INFO  : Context for 'APU' is selected.
15:55:49 INFO  : System reset is completed.
15:55:52 INFO  : 'after 3000' command is executed.
15:55:52 INFO  : 'targets -set -filter {jtag_cable_name =~ "Xilinx X-MLCC-01 XFL1NH42KNRVA" && level==0 && jtag_device_ctx=="jsn-X-MLCC-01-XFL1NH42KNRVA-04724093-0"}' command is executed.
15:55:57 INFO  : Device configured successfully with "C:/Users/sunil/desktop/NUS/EE4218/EE4218_Labs_clone/Lab_3/integrated_coprocessor_v1/xuartps_hello_world_example_1/_ide/bitstream/design_1_wrapper.bit"
15:55:57 INFO  : Context for 'APU' is selected.
15:55:57 INFO  : Hardware design and registers information is loaded from 'C:/Users/sunil/desktop/NUS/EE4218/EE4218_Labs_clone/Lab_3/integrated_coprocessor_v1/integrated_coprocessor_fifo/export/integrated_coprocessor_fifo/hw/design_1_wrapper.xsa'.
15:55:57 INFO  : 'configparams force-mem-access 1' command is executed.
15:55:57 INFO  : Context for 'APU' is selected.
15:55:57 INFO  : Sourcing of 'C:/Users/sunil/desktop/NUS/EE4218/EE4218_Labs_clone/Lab_3/integrated_coprocessor_v1/xuartps_hello_world_example_1/_ide/psinit/psu_init.tcl' is done.
15:55:58 INFO  : 'psu_init' command is executed.
15:55:59 INFO  : 'after 1000' command is executed.
15:55:59 INFO  : 'psu_ps_pl_isolation_removal' command is executed.
15:56:00 INFO  : 'after 1000' command is executed.
15:56:00 INFO  : 'psu_ps_pl_reset_config' command is executed.
15:56:00 INFO  : 'catch {psu_protection}' command is executed.
15:56:00 INFO  : Context for processor 'psu_cortexa53_0' is selected.
15:56:00 INFO  : Processor reset is completed for 'psu_cortexa53_0'.
15:56:01 INFO  : The application 'C:/Users/sunil/desktop/NUS/EE4218/EE4218_Labs_clone/Lab_3/integrated_coprocessor_v1/xuartps_hello_world_example_1/Debug/xuartps_hello_world_example_1.elf' is downloaded to processor 'psu_cortexa53_0'.
15:56:01 INFO  : 'configparams force-mem-access 0' command is executed.
15:56:01 INFO  : ----------------XSDB Script----------------
connect -url tcp:127.0.0.1:3121
source C:/Xilinx/Vitis/2023.2/scripts/vitis/util/zynqmp_utils.tcl
targets -set -nocase -filter {name =~"APU*"}
rst -system
after 3000
targets -set -filter {jtag_cable_name =~ "Xilinx X-MLCC-01 XFL1NH42KNRVA" && level==0 && jtag_device_ctx=="jsn-X-MLCC-01-XFL1NH42KNRVA-04724093-0"}
fpga -file C:/Users/sunil/desktop/NUS/EE4218/EE4218_Labs_clone/Lab_3/integrated_coprocessor_v1/xuartps_hello_world_example_1/_ide/bitstream/design_1_wrapper.bit
targets -set -nocase -filter {name =~"APU*"}
loadhw -hw C:/Users/sunil/desktop/NUS/EE4218/EE4218_Labs_clone/Lab_3/integrated_coprocessor_v1/integrated_coprocessor_fifo/export/integrated_coprocessor_fifo/hw/design_1_wrapper.xsa -mem-ranges [list {0x80000000 0xbfffffff} {0x400000000 0x5ffffffff} {0x1000000000 0x7fffffffff}] -regs
configparams force-mem-access 1
targets -set -nocase -filter {name =~"APU*"}
source C:/Users/sunil/desktop/NUS/EE4218/EE4218_Labs_clone/Lab_3/integrated_coprocessor_v1/xuartps_hello_world_example_1/_ide/psinit/psu_init.tcl
psu_init
after 1000
psu_ps_pl_isolation_removal
after 1000
psu_ps_pl_reset_config
catch {psu_protection}
targets -set -nocase -filter {name =~ "*A53*#0"}
rst -processor
dow C:/Users/sunil/desktop/NUS/EE4218/EE4218_Labs_clone/Lab_3/integrated_coprocessor_v1/xuartps_hello_world_example_1/Debug/xuartps_hello_world_example_1.elf
configparams force-mem-access 0
----------------End of Script----------------

15:56:01 INFO  : Context for processor 'psu_cortexa53_0' is selected.
15:56:01 INFO  : 'con' command is executed.
15:56:01 INFO  : ----------------XSDB Script (After Launch)----------------
targets -set -nocase -filter {name =~ "*A53*#0"}
con
----------------End of Script----------------

15:56:01 INFO  : Launch script is exported to file 'C:\Users\sunil\desktop\NUS\EE4218\EE4218_Labs_clone\Lab_3\integrated_coprocessor_v1\xuartps_hello_world_example_1_system\_ide\scripts\debugger_xuartps_hello_world_example_1-default.tcl'
15:58:16 INFO  : Disconnected from the channel tcfchan#10.
15:58:17 INFO  : Checking for BSP changes to sync application flags for project 'xuartps_hello_world_example_1'...
15:58:20 INFO  : Connected to target on host '127.0.0.1' and port '3121'.
15:58:21 INFO  : Jtag cable 'Xilinx X-MLCC-01 XFL1NH42KNRVA' is selected.
15:58:21 INFO  : 'jtag frequency' command is executed.
15:58:21 INFO  : Sourcing of 'C:/Xilinx/Vitis/2023.2/scripts/vitis/util/zynqmp_utils.tcl' is done.
15:58:21 INFO  : Context for 'APU' is selected.
15:58:21 INFO  : System reset is completed.
15:58:24 INFO  : 'after 3000' command is executed.
15:58:24 INFO  : 'targets -set -filter {jtag_cable_name =~ "Xilinx X-MLCC-01 XFL1NH42KNRVA" && level==0 && jtag_device_ctx=="jsn-X-MLCC-01-XFL1NH42KNRVA-04724093-0"}' command is executed.
15:58:29 INFO  : Device configured successfully with "C:/Users/sunil/desktop/NUS/EE4218/EE4218_Labs_clone/Lab_3/integrated_coprocessor_v1/xuartps_hello_world_example_1/_ide/bitstream/design_1_wrapper.bit"
15:58:29 INFO  : Context for 'APU' is selected.
15:58:29 INFO  : Hardware design and registers information is loaded from 'C:/Users/sunil/desktop/NUS/EE4218/EE4218_Labs_clone/Lab_3/integrated_coprocessor_v1/integrated_coprocessor_fifo/export/integrated_coprocessor_fifo/hw/design_1_wrapper.xsa'.
15:58:29 INFO  : 'configparams force-mem-access 1' command is executed.
15:58:29 INFO  : Context for 'APU' is selected.
15:58:29 INFO  : Sourcing of 'C:/Users/sunil/desktop/NUS/EE4218/EE4218_Labs_clone/Lab_3/integrated_coprocessor_v1/xuartps_hello_world_example_1/_ide/psinit/psu_init.tcl' is done.
15:58:30 INFO  : 'psu_init' command is executed.
15:58:31 INFO  : 'after 1000' command is executed.
15:58:31 INFO  : 'psu_ps_pl_isolation_removal' command is executed.
15:58:32 INFO  : 'after 1000' command is executed.
15:58:32 INFO  : 'psu_ps_pl_reset_config' command is executed.
15:58:32 INFO  : 'catch {psu_protection}' command is executed.
15:58:32 INFO  : Context for processor 'psu_cortexa53_0' is selected.
15:58:32 INFO  : Processor reset is completed for 'psu_cortexa53_0'.
15:58:33 INFO  : The application 'C:/Users/sunil/desktop/NUS/EE4218/EE4218_Labs_clone/Lab_3/integrated_coprocessor_v1/xuartps_hello_world_example_1/Debug/xuartps_hello_world_example_1.elf' is downloaded to processor 'psu_cortexa53_0'.
15:58:33 INFO  : 'configparams force-mem-access 0' command is executed.
15:58:33 INFO  : ----------------XSDB Script----------------
connect -url tcp:127.0.0.1:3121
source C:/Xilinx/Vitis/2023.2/scripts/vitis/util/zynqmp_utils.tcl
targets -set -nocase -filter {name =~"APU*"}
rst -system
after 3000
targets -set -filter {jtag_cable_name =~ "Xilinx X-MLCC-01 XFL1NH42KNRVA" && level==0 && jtag_device_ctx=="jsn-X-MLCC-01-XFL1NH42KNRVA-04724093-0"}
fpga -file C:/Users/sunil/desktop/NUS/EE4218/EE4218_Labs_clone/Lab_3/integrated_coprocessor_v1/xuartps_hello_world_example_1/_ide/bitstream/design_1_wrapper.bit
targets -set -nocase -filter {name =~"APU*"}
loadhw -hw C:/Users/sunil/desktop/NUS/EE4218/EE4218_Labs_clone/Lab_3/integrated_coprocessor_v1/integrated_coprocessor_fifo/export/integrated_coprocessor_fifo/hw/design_1_wrapper.xsa -mem-ranges [list {0x80000000 0xbfffffff} {0x400000000 0x5ffffffff} {0x1000000000 0x7fffffffff}] -regs
configparams force-mem-access 1
targets -set -nocase -filter {name =~"APU*"}
source C:/Users/sunil/desktop/NUS/EE4218/EE4218_Labs_clone/Lab_3/integrated_coprocessor_v1/xuartps_hello_world_example_1/_ide/psinit/psu_init.tcl
psu_init
after 1000
psu_ps_pl_isolation_removal
after 1000
psu_ps_pl_reset_config
catch {psu_protection}
targets -set -nocase -filter {name =~ "*A53*#0"}
rst -processor
dow C:/Users/sunil/desktop/NUS/EE4218/EE4218_Labs_clone/Lab_3/integrated_coprocessor_v1/xuartps_hello_world_example_1/Debug/xuartps_hello_world_example_1.elf
configparams force-mem-access 0
----------------End of Script----------------

15:58:33 INFO  : Context for processor 'psu_cortexa53_0' is selected.
15:58:33 INFO  : 'con' command is executed.
15:58:33 INFO  : ----------------XSDB Script (After Launch)----------------
targets -set -nocase -filter {name =~ "*A53*#0"}
con
----------------End of Script----------------

15:58:33 INFO  : Launch script is exported to file 'C:\Users\sunil\desktop\NUS\EE4218\EE4218_Labs_clone\Lab_3\integrated_coprocessor_v1\xuartps_hello_world_example_1_system\_ide\scripts\debugger_xuartps_hello_world_example_1-default.tcl'
16:06:30 INFO  : Disconnected from the channel tcfchan#11.
16:06:34 INFO  : Connected to target on host '127.0.0.1' and port '3121'.
16:06:35 INFO  : Jtag cable 'Xilinx X-MLCC-01 XFL1NH42KNRVA' is selected.
16:06:35 INFO  : 'jtag frequency' command is executed.
16:06:35 INFO  : Sourcing of 'C:/Xilinx/Vitis/2023.2/scripts/vitis/util/zynqmp_utils.tcl' is done.
16:06:35 INFO  : Context for 'APU' is selected.
16:06:35 INFO  : System reset is completed.
16:06:38 INFO  : 'after 3000' command is executed.
16:06:38 INFO  : 'targets -set -filter {jtag_cable_name =~ "Xilinx X-MLCC-01 XFL1NH42KNRVA" && level==0 && jtag_device_ctx=="jsn-X-MLCC-01-XFL1NH42KNRVA-04724093-0"}' command is executed.
16:06:43 INFO  : Device configured successfully with "C:/Users/sunil/desktop/NUS/EE4218/EE4218_Labs_clone/Lab_3/integrated_coprocessor_v1/xuartps_hello_world_example_1/_ide/bitstream/design_1_wrapper.bit"
16:06:43 INFO  : Context for 'APU' is selected.
16:06:43 INFO  : Hardware design and registers information is loaded from 'C:/Users/sunil/desktop/NUS/EE4218/EE4218_Labs_clone/Lab_3/integrated_coprocessor_v1/integrated_coprocessor_fifo/export/integrated_coprocessor_fifo/hw/design_1_wrapper.xsa'.
16:06:43 INFO  : 'configparams force-mem-access 1' command is executed.
16:06:43 INFO  : Context for 'APU' is selected.
16:06:43 INFO  : Sourcing of 'C:/Users/sunil/desktop/NUS/EE4218/EE4218_Labs_clone/Lab_3/integrated_coprocessor_v1/xuartps_hello_world_example_1/_ide/psinit/psu_init.tcl' is done.
16:06:44 INFO  : 'psu_init' command is executed.
16:06:45 INFO  : 'after 1000' command is executed.
16:06:45 INFO  : 'psu_ps_pl_isolation_removal' command is executed.
16:06:46 INFO  : 'after 1000' command is executed.
16:06:46 INFO  : 'psu_ps_pl_reset_config' command is executed.
16:06:46 INFO  : 'catch {psu_protection}' command is executed.
16:06:46 INFO  : Context for processor 'psu_cortexa53_0' is selected.
16:06:46 INFO  : Processor reset is completed for 'psu_cortexa53_0'.
16:06:47 INFO  : The application 'C:/Users/sunil/desktop/NUS/EE4218/EE4218_Labs_clone/Lab_3/integrated_coprocessor_v1/xuartps_hello_world_example_1/Debug/xuartps_hello_world_example_1.elf' is downloaded to processor 'psu_cortexa53_0'.
16:06:47 INFO  : 'configparams force-mem-access 0' command is executed.
16:06:47 INFO  : ----------------XSDB Script----------------
connect -url tcp:127.0.0.1:3121
source C:/Xilinx/Vitis/2023.2/scripts/vitis/util/zynqmp_utils.tcl
targets -set -nocase -filter {name =~"APU*"}
rst -system
after 3000
targets -set -filter {jtag_cable_name =~ "Xilinx X-MLCC-01 XFL1NH42KNRVA" && level==0 && jtag_device_ctx=="jsn-X-MLCC-01-XFL1NH42KNRVA-04724093-0"}
fpga -file C:/Users/sunil/desktop/NUS/EE4218/EE4218_Labs_clone/Lab_3/integrated_coprocessor_v1/xuartps_hello_world_example_1/_ide/bitstream/design_1_wrapper.bit
targets -set -nocase -filter {name =~"APU*"}
loadhw -hw C:/Users/sunil/desktop/NUS/EE4218/EE4218_Labs_clone/Lab_3/integrated_coprocessor_v1/integrated_coprocessor_fifo/export/integrated_coprocessor_fifo/hw/design_1_wrapper.xsa -mem-ranges [list {0x80000000 0xbfffffff} {0x400000000 0x5ffffffff} {0x1000000000 0x7fffffffff}] -regs
configparams force-mem-access 1
targets -set -nocase -filter {name =~"APU*"}
source C:/Users/sunil/desktop/NUS/EE4218/EE4218_Labs_clone/Lab_3/integrated_coprocessor_v1/xuartps_hello_world_example_1/_ide/psinit/psu_init.tcl
psu_init
after 1000
psu_ps_pl_isolation_removal
after 1000
psu_ps_pl_reset_config
catch {psu_protection}
targets -set -nocase -filter {name =~ "*A53*#0"}
rst -processor
dow C:/Users/sunil/desktop/NUS/EE4218/EE4218_Labs_clone/Lab_3/integrated_coprocessor_v1/xuartps_hello_world_example_1/Debug/xuartps_hello_world_example_1.elf
configparams force-mem-access 0
----------------End of Script----------------

16:06:47 INFO  : Context for processor 'psu_cortexa53_0' is selected.
16:06:47 INFO  : 'con' command is executed.
16:06:47 INFO  : ----------------XSDB Script (After Launch)----------------
targets -set -nocase -filter {name =~ "*A53*#0"}
con
----------------End of Script----------------

16:06:47 INFO  : Launch script is exported to file 'C:\Users\sunil\desktop\NUS\EE4218\EE4218_Labs_clone\Lab_3\integrated_coprocessor_v1\xuartps_hello_world_example_1_system\_ide\scripts\debugger_xuartps_hello_world_example_1-default.tcl'
16:07:15 INFO  : Disconnected from the channel tcfchan#12.
16:07:17 INFO  : Connected to target on host '127.0.0.1' and port '3121'.
16:07:17 INFO  : Jtag cable 'Xilinx X-MLCC-01 XFL1NH42KNRVA' is selected.
16:07:17 INFO  : 'jtag frequency' command is executed.
16:07:17 INFO  : Sourcing of 'C:/Xilinx/Vitis/2023.2/scripts/vitis/util/zynqmp_utils.tcl' is done.
16:07:17 INFO  : Context for 'APU' is selected.
16:07:18 INFO  : System reset is completed.
16:07:21 INFO  : 'after 3000' command is executed.
16:07:21 INFO  : 'targets -set -filter {jtag_cable_name =~ "Xilinx X-MLCC-01 XFL1NH42KNRVA" && level==0 && jtag_device_ctx=="jsn-X-MLCC-01-XFL1NH42KNRVA-04724093-0"}' command is executed.
16:07:25 INFO  : Device configured successfully with "C:/Users/sunil/desktop/NUS/EE4218/EE4218_Labs_clone/Lab_3/integrated_coprocessor_v1/xuartps_hello_world_example_1/_ide/bitstream/design_1_wrapper.bit"
16:07:25 INFO  : Context for 'APU' is selected.
16:07:25 INFO  : Hardware design and registers information is loaded from 'C:/Users/sunil/desktop/NUS/EE4218/EE4218_Labs_clone/Lab_3/integrated_coprocessor_v1/integrated_coprocessor_fifo/export/integrated_coprocessor_fifo/hw/design_1_wrapper.xsa'.
16:07:25 INFO  : 'configparams force-mem-access 1' command is executed.
16:07:25 INFO  : Context for 'APU' is selected.
16:07:25 INFO  : Sourcing of 'C:/Users/sunil/desktop/NUS/EE4218/EE4218_Labs_clone/Lab_3/integrated_coprocessor_v1/xuartps_hello_world_example_1/_ide/psinit/psu_init.tcl' is done.
16:07:26 INFO  : 'psu_init' command is executed.
16:07:27 INFO  : 'after 1000' command is executed.
16:07:27 INFO  : 'psu_ps_pl_isolation_removal' command is executed.
16:07:28 INFO  : 'after 1000' command is executed.
16:07:29 INFO  : 'psu_ps_pl_reset_config' command is executed.
16:07:29 INFO  : 'catch {psu_protection}' command is executed.
16:07:29 INFO  : Context for processor 'psu_cortexa53_0' is selected.
16:07:29 INFO  : Processor reset is completed for 'psu_cortexa53_0'.
16:07:30 INFO  : The application 'C:/Users/sunil/desktop/NUS/EE4218/EE4218_Labs_clone/Lab_3/integrated_coprocessor_v1/xuartps_hello_world_example_1/Debug/xuartps_hello_world_example_1.elf' is downloaded to processor 'psu_cortexa53_0'.
16:07:30 INFO  : 'configparams force-mem-access 0' command is executed.
16:07:30 INFO  : ----------------XSDB Script----------------
connect -url tcp:127.0.0.1:3121
source C:/Xilinx/Vitis/2023.2/scripts/vitis/util/zynqmp_utils.tcl
targets -set -nocase -filter {name =~"APU*"}
rst -system
after 3000
targets -set -filter {jtag_cable_name =~ "Xilinx X-MLCC-01 XFL1NH42KNRVA" && level==0 && jtag_device_ctx=="jsn-X-MLCC-01-XFL1NH42KNRVA-04724093-0"}
fpga -file C:/Users/sunil/desktop/NUS/EE4218/EE4218_Labs_clone/Lab_3/integrated_coprocessor_v1/xuartps_hello_world_example_1/_ide/bitstream/design_1_wrapper.bit
targets -set -nocase -filter {name =~"APU*"}
loadhw -hw C:/Users/sunil/desktop/NUS/EE4218/EE4218_Labs_clone/Lab_3/integrated_coprocessor_v1/integrated_coprocessor_fifo/export/integrated_coprocessor_fifo/hw/design_1_wrapper.xsa -mem-ranges [list {0x80000000 0xbfffffff} {0x400000000 0x5ffffffff} {0x1000000000 0x7fffffffff}] -regs
configparams force-mem-access 1
targets -set -nocase -filter {name =~"APU*"}
source C:/Users/sunil/desktop/NUS/EE4218/EE4218_Labs_clone/Lab_3/integrated_coprocessor_v1/xuartps_hello_world_example_1/_ide/psinit/psu_init.tcl
psu_init
after 1000
psu_ps_pl_isolation_removal
after 1000
psu_ps_pl_reset_config
catch {psu_protection}
targets -set -nocase -filter {name =~ "*A53*#0"}
rst -processor
dow C:/Users/sunil/desktop/NUS/EE4218/EE4218_Labs_clone/Lab_3/integrated_coprocessor_v1/xuartps_hello_world_example_1/Debug/xuartps_hello_world_example_1.elf
configparams force-mem-access 0
----------------End of Script----------------

16:07:30 INFO  : Context for processor 'psu_cortexa53_0' is selected.
16:07:30 INFO  : 'con' command is executed.
16:07:30 INFO  : ----------------XSDB Script (After Launch)----------------
targets -set -nocase -filter {name =~ "*A53*#0"}
con
----------------End of Script----------------

16:07:30 INFO  : Launch script is exported to file 'C:\Users\sunil\desktop\NUS\EE4218\EE4218_Labs_clone\Lab_3\integrated_coprocessor_v1\xuartps_hello_world_example_1_system\_ide\scripts\debugger_xuartps_hello_world_example_1-default.tcl'
16:09:44 INFO  : Disconnected from the channel tcfchan#13.
16:09:54 INFO  : Connected to target on host '127.0.0.1' and port '3121'.
16:09:54 INFO  : Jtag cable 'Xilinx X-MLCC-01 XFL1NH42KNRVA' is selected.
16:09:54 INFO  : 'jtag frequency' command is executed.
16:09:54 INFO  : Sourcing of 'C:/Xilinx/Vitis/2023.2/scripts/vitis/util/zynqmp_utils.tcl' is done.
16:09:54 INFO  : Context for 'APU' is selected.
16:09:54 INFO  : System reset is completed.
16:09:57 INFO  : 'after 3000' command is executed.
16:09:58 INFO  : 'targets -set -filter {jtag_cable_name =~ "Xilinx X-MLCC-01 XFL1NH42KNRVA" && level==0 && jtag_device_ctx=="jsn-X-MLCC-01-XFL1NH42KNRVA-04724093-0"}' command is executed.
16:10:02 INFO  : Device configured successfully with "C:/Users/sunil/desktop/NUS/EE4218/EE4218_Labs_clone/Lab_3/integrated_coprocessor_v1/xuartps_hello_world_example_1/_ide/bitstream/design_1_wrapper.bit"
16:10:02 INFO  : Context for 'APU' is selected.
16:10:02 INFO  : Hardware design and registers information is loaded from 'C:/Users/sunil/desktop/NUS/EE4218/EE4218_Labs_clone/Lab_3/integrated_coprocessor_v1/integrated_coprocessor_fifo/export/integrated_coprocessor_fifo/hw/design_1_wrapper.xsa'.
16:10:02 INFO  : 'configparams force-mem-access 1' command is executed.
16:10:02 INFO  : Context for 'APU' is selected.
16:10:02 INFO  : Sourcing of 'C:/Users/sunil/desktop/NUS/EE4218/EE4218_Labs_clone/Lab_3/integrated_coprocessor_v1/xuartps_hello_world_example_1/_ide/psinit/psu_init.tcl' is done.
16:10:03 INFO  : 'psu_init' command is executed.
16:10:04 INFO  : 'after 1000' command is executed.
16:10:04 INFO  : 'psu_ps_pl_isolation_removal' command is executed.
16:10:05 INFO  : 'after 1000' command is executed.
16:10:05 INFO  : 'psu_ps_pl_reset_config' command is executed.
16:10:05 INFO  : 'catch {psu_protection}' command is executed.
16:10:05 INFO  : Context for processor 'psu_cortexa53_0' is selected.
16:10:06 INFO  : Processor reset is completed for 'psu_cortexa53_0'.
16:10:07 INFO  : The application 'C:/Users/sunil/desktop/NUS/EE4218/EE4218_Labs_clone/Lab_3/integrated_coprocessor_v1/xuartps_hello_world_example_1/Debug/xuartps_hello_world_example_1.elf' is downloaded to processor 'psu_cortexa53_0'.
16:10:07 INFO  : 'configparams force-mem-access 0' command is executed.
16:10:07 INFO  : ----------------XSDB Script----------------
connect -url tcp:127.0.0.1:3121
source C:/Xilinx/Vitis/2023.2/scripts/vitis/util/zynqmp_utils.tcl
targets -set -nocase -filter {name =~"APU*"}
rst -system
after 3000
targets -set -filter {jtag_cable_name =~ "Xilinx X-MLCC-01 XFL1NH42KNRVA" && level==0 && jtag_device_ctx=="jsn-X-MLCC-01-XFL1NH42KNRVA-04724093-0"}
fpga -file C:/Users/sunil/desktop/NUS/EE4218/EE4218_Labs_clone/Lab_3/integrated_coprocessor_v1/xuartps_hello_world_example_1/_ide/bitstream/design_1_wrapper.bit
targets -set -nocase -filter {name =~"APU*"}
loadhw -hw C:/Users/sunil/desktop/NUS/EE4218/EE4218_Labs_clone/Lab_3/integrated_coprocessor_v1/integrated_coprocessor_fifo/export/integrated_coprocessor_fifo/hw/design_1_wrapper.xsa -mem-ranges [list {0x80000000 0xbfffffff} {0x400000000 0x5ffffffff} {0x1000000000 0x7fffffffff}] -regs
configparams force-mem-access 1
targets -set -nocase -filter {name =~"APU*"}
source C:/Users/sunil/desktop/NUS/EE4218/EE4218_Labs_clone/Lab_3/integrated_coprocessor_v1/xuartps_hello_world_example_1/_ide/psinit/psu_init.tcl
psu_init
after 1000
psu_ps_pl_isolation_removal
after 1000
psu_ps_pl_reset_config
catch {psu_protection}
targets -set -nocase -filter {name =~ "*A53*#0"}
rst -processor
dow C:/Users/sunil/desktop/NUS/EE4218/EE4218_Labs_clone/Lab_3/integrated_coprocessor_v1/xuartps_hello_world_example_1/Debug/xuartps_hello_world_example_1.elf
configparams force-mem-access 0
----------------End of Script----------------

16:10:07 INFO  : Context for processor 'psu_cortexa53_0' is selected.
16:10:07 INFO  : 'con' command is executed.
16:10:07 INFO  : ----------------XSDB Script (After Launch)----------------
targets -set -nocase -filter {name =~ "*A53*#0"}
con
----------------End of Script----------------

16:10:07 INFO  : Launch script is exported to file 'C:\Users\sunil\desktop\NUS\EE4218\EE4218_Labs_clone\Lab_3\integrated_coprocessor_v1\xuartps_hello_world_example_1_system\_ide\scripts\debugger_xuartps_hello_world_example_1-default.tcl'
16:14:18 INFO  : Disconnected from the channel tcfchan#14.
16:14:28 INFO  : Checking for BSP changes to sync application flags for project 'xuartps_hello_world_example_1'...
16:15:17 INFO  : Connected to target on host '127.0.0.1' and port '3121'.
16:15:17 INFO  : Jtag cable 'Xilinx X-MLCC-01 XFL1NH42KNRVA' is selected.
16:15:17 INFO  : 'jtag frequency' command is executed.
16:15:17 INFO  : Sourcing of 'C:/Xilinx/Vitis/2023.2/scripts/vitis/util/zynqmp_utils.tcl' is done.
16:15:17 INFO  : Context for 'APU' is selected.
16:15:18 INFO  : System reset is completed.
16:15:21 INFO  : 'after 3000' command is executed.
16:15:21 INFO  : 'targets -set -filter {jtag_cable_name =~ "Xilinx X-MLCC-01 XFL1NH42KNRVA" && level==0 && jtag_device_ctx=="jsn-X-MLCC-01-XFL1NH42KNRVA-04724093-0"}' command is executed.
16:15:25 INFO  : Device configured successfully with "C:/Users/sunil/desktop/NUS/EE4218/EE4218_Labs_clone/Lab_3/integrated_coprocessor_v1/xuartps_hello_world_example_1/_ide/bitstream/design_1_wrapper.bit"
16:15:25 INFO  : Context for 'APU' is selected.
16:15:26 INFO  : Hardware design and registers information is loaded from 'C:/Users/sunil/desktop/NUS/EE4218/EE4218_Labs_clone/Lab_3/integrated_coprocessor_v1/integrated_coprocessor_fifo/export/integrated_coprocessor_fifo/hw/design_1_wrapper.xsa'.
16:15:26 INFO  : 'configparams force-mem-access 1' command is executed.
16:15:26 INFO  : Context for 'APU' is selected.
16:15:26 INFO  : Sourcing of 'C:/Users/sunil/desktop/NUS/EE4218/EE4218_Labs_clone/Lab_3/integrated_coprocessor_v1/xuartps_hello_world_example_1/_ide/psinit/psu_init.tcl' is done.
16:15:27 INFO  : 'psu_init' command is executed.
16:15:28 INFO  : 'after 1000' command is executed.
16:15:28 INFO  : 'psu_ps_pl_isolation_removal' command is executed.
16:15:29 INFO  : 'after 1000' command is executed.
16:15:29 INFO  : 'psu_ps_pl_reset_config' command is executed.
16:15:29 INFO  : 'catch {psu_protection}' command is executed.
16:15:29 INFO  : Context for processor 'psu_cortexa53_0' is selected.
16:15:29 INFO  : Processor reset is completed for 'psu_cortexa53_0'.
16:15:30 INFO  : The application 'C:/Users/sunil/desktop/NUS/EE4218/EE4218_Labs_clone/Lab_3/integrated_coprocessor_v1/xuartps_hello_world_example_1/Debug/xuartps_hello_world_example_1.elf' is downloaded to processor 'psu_cortexa53_0'.
16:15:30 INFO  : 'configparams force-mem-access 0' command is executed.
16:15:30 INFO  : ----------------XSDB Script----------------
connect -url tcp:127.0.0.1:3121
source C:/Xilinx/Vitis/2023.2/scripts/vitis/util/zynqmp_utils.tcl
targets -set -nocase -filter {name =~"APU*"}
rst -system
after 3000
targets -set -filter {jtag_cable_name =~ "Xilinx X-MLCC-01 XFL1NH42KNRVA" && level==0 && jtag_device_ctx=="jsn-X-MLCC-01-XFL1NH42KNRVA-04724093-0"}
fpga -file C:/Users/sunil/desktop/NUS/EE4218/EE4218_Labs_clone/Lab_3/integrated_coprocessor_v1/xuartps_hello_world_example_1/_ide/bitstream/design_1_wrapper.bit
targets -set -nocase -filter {name =~"APU*"}
loadhw -hw C:/Users/sunil/desktop/NUS/EE4218/EE4218_Labs_clone/Lab_3/integrated_coprocessor_v1/integrated_coprocessor_fifo/export/integrated_coprocessor_fifo/hw/design_1_wrapper.xsa -mem-ranges [list {0x80000000 0xbfffffff} {0x400000000 0x5ffffffff} {0x1000000000 0x7fffffffff}] -regs
configparams force-mem-access 1
targets -set -nocase -filter {name =~"APU*"}
source C:/Users/sunil/desktop/NUS/EE4218/EE4218_Labs_clone/Lab_3/integrated_coprocessor_v1/xuartps_hello_world_example_1/_ide/psinit/psu_init.tcl
psu_init
after 1000
psu_ps_pl_isolation_removal
after 1000
psu_ps_pl_reset_config
catch {psu_protection}
targets -set -nocase -filter {name =~ "*A53*#0"}
rst -processor
dow C:/Users/sunil/desktop/NUS/EE4218/EE4218_Labs_clone/Lab_3/integrated_coprocessor_v1/xuartps_hello_world_example_1/Debug/xuartps_hello_world_example_1.elf
configparams force-mem-access 0
----------------End of Script----------------

16:15:30 INFO  : Context for processor 'psu_cortexa53_0' is selected.
16:15:30 INFO  : 'con' command is executed.
16:15:30 INFO  : ----------------XSDB Script (After Launch)----------------
targets -set -nocase -filter {name =~ "*A53*#0"}
con
----------------End of Script----------------

16:15:30 INFO  : Launch script is exported to file 'C:\Users\sunil\desktop\NUS\EE4218\EE4218_Labs_clone\Lab_3\integrated_coprocessor_v1\xuartps_hello_world_example_1_system\_ide\scripts\debugger_xuartps_hello_world_example_1-default.tcl'
16:15:52 INFO  : Disconnected from the channel tcfchan#15.
16:15:54 INFO  : Connected to target on host '127.0.0.1' and port '3121'.
16:15:55 INFO  : Jtag cable 'Xilinx X-MLCC-01 XFL1NH42KNRVA' is selected.
16:15:55 INFO  : 'jtag frequency' command is executed.
16:15:55 INFO  : Sourcing of 'C:/Xilinx/Vitis/2023.2/scripts/vitis/util/zynqmp_utils.tcl' is done.
16:15:55 INFO  : Context for 'APU' is selected.
16:15:55 INFO  : System reset is completed.
16:15:58 INFO  : 'after 3000' command is executed.
16:15:58 INFO  : 'targets -set -filter {jtag_cable_name =~ "Xilinx X-MLCC-01 XFL1NH42KNRVA" && level==0 && jtag_device_ctx=="jsn-X-MLCC-01-XFL1NH42KNRVA-04724093-0"}' command is executed.
16:16:03 INFO  : Device configured successfully with "C:/Users/sunil/desktop/NUS/EE4218/EE4218_Labs_clone/Lab_3/integrated_coprocessor_v1/xuartps_hello_world_example_1/_ide/bitstream/design_1_wrapper.bit"
16:16:03 INFO  : Context for 'APU' is selected.
16:16:03 INFO  : Hardware design and registers information is loaded from 'C:/Users/sunil/desktop/NUS/EE4218/EE4218_Labs_clone/Lab_3/integrated_coprocessor_v1/integrated_coprocessor_fifo/export/integrated_coprocessor_fifo/hw/design_1_wrapper.xsa'.
16:16:03 INFO  : 'configparams force-mem-access 1' command is executed.
16:16:03 INFO  : Context for 'APU' is selected.
16:16:03 INFO  : Sourcing of 'C:/Users/sunil/desktop/NUS/EE4218/EE4218_Labs_clone/Lab_3/integrated_coprocessor_v1/xuartps_hello_world_example_1/_ide/psinit/psu_init.tcl' is done.
16:16:04 INFO  : 'psu_init' command is executed.
16:16:05 INFO  : 'after 1000' command is executed.
16:16:05 INFO  : 'psu_ps_pl_isolation_removal' command is executed.
16:16:06 INFO  : 'after 1000' command is executed.
16:16:06 INFO  : 'psu_ps_pl_reset_config' command is executed.
16:16:06 INFO  : 'catch {psu_protection}' command is executed.
16:16:06 INFO  : Context for processor 'psu_cortexa53_0' is selected.
16:16:06 INFO  : Processor reset is completed for 'psu_cortexa53_0'.
16:16:07 INFO  : The application 'C:/Users/sunil/desktop/NUS/EE4218/EE4218_Labs_clone/Lab_3/integrated_coprocessor_v1/xuartps_hello_world_example_1/Debug/xuartps_hello_world_example_1.elf' is downloaded to processor 'psu_cortexa53_0'.
16:16:07 INFO  : 'configparams force-mem-access 0' command is executed.
16:16:07 INFO  : ----------------XSDB Script----------------
connect -url tcp:127.0.0.1:3121
source C:/Xilinx/Vitis/2023.2/scripts/vitis/util/zynqmp_utils.tcl
targets -set -nocase -filter {name =~"APU*"}
rst -system
after 3000
targets -set -filter {jtag_cable_name =~ "Xilinx X-MLCC-01 XFL1NH42KNRVA" && level==0 && jtag_device_ctx=="jsn-X-MLCC-01-XFL1NH42KNRVA-04724093-0"}
fpga -file C:/Users/sunil/desktop/NUS/EE4218/EE4218_Labs_clone/Lab_3/integrated_coprocessor_v1/xuartps_hello_world_example_1/_ide/bitstream/design_1_wrapper.bit
targets -set -nocase -filter {name =~"APU*"}
loadhw -hw C:/Users/sunil/desktop/NUS/EE4218/EE4218_Labs_clone/Lab_3/integrated_coprocessor_v1/integrated_coprocessor_fifo/export/integrated_coprocessor_fifo/hw/design_1_wrapper.xsa -mem-ranges [list {0x80000000 0xbfffffff} {0x400000000 0x5ffffffff} {0x1000000000 0x7fffffffff}] -regs
configparams force-mem-access 1
targets -set -nocase -filter {name =~"APU*"}
source C:/Users/sunil/desktop/NUS/EE4218/EE4218_Labs_clone/Lab_3/integrated_coprocessor_v1/xuartps_hello_world_example_1/_ide/psinit/psu_init.tcl
psu_init
after 1000
psu_ps_pl_isolation_removal
after 1000
psu_ps_pl_reset_config
catch {psu_protection}
targets -set -nocase -filter {name =~ "*A53*#0"}
rst -processor
dow C:/Users/sunil/desktop/NUS/EE4218/EE4218_Labs_clone/Lab_3/integrated_coprocessor_v1/xuartps_hello_world_example_1/Debug/xuartps_hello_world_example_1.elf
configparams force-mem-access 0
----------------End of Script----------------

16:16:07 INFO  : Context for processor 'psu_cortexa53_0' is selected.
16:16:07 INFO  : 'con' command is executed.
16:16:07 INFO  : ----------------XSDB Script (After Launch)----------------
targets -set -nocase -filter {name =~ "*A53*#0"}
con
----------------End of Script----------------

16:16:07 INFO  : Launch script is exported to file 'C:\Users\sunil\desktop\NUS\EE4218\EE4218_Labs_clone\Lab_3\integrated_coprocessor_v1\xuartps_hello_world_example_1_system\_ide\scripts\debugger_xuartps_hello_world_example_1-default.tcl'
16:30:42 INFO  : Disconnected from the channel tcfchan#16.
16:30:44 INFO  : Checking for BSP changes to sync application flags for project 'xuartps_hello_world_example_1'...
16:30:52 INFO  : Connected to target on host '127.0.0.1' and port '3121'.
16:30:53 INFO  : Jtag cable 'Xilinx X-MLCC-01 XFL1NH42KNRVA' is selected.
16:30:53 INFO  : 'jtag frequency' command is executed.
16:30:53 INFO  : Sourcing of 'C:/Xilinx/Vitis/2023.2/scripts/vitis/util/zynqmp_utils.tcl' is done.
16:30:53 INFO  : Context for 'APU' is selected.
16:30:53 INFO  : System reset is completed.
16:30:56 INFO  : 'after 3000' command is executed.
16:30:56 INFO  : 'targets -set -filter {jtag_cable_name =~ "Xilinx X-MLCC-01 XFL1NH42KNRVA" && level==0 && jtag_device_ctx=="jsn-X-MLCC-01-XFL1NH42KNRVA-04724093-0"}' command is executed.
16:31:00 INFO  : Device configured successfully with "C:/Users/sunil/desktop/NUS/EE4218/EE4218_Labs_clone/Lab_3/integrated_coprocessor_v1/xuartps_hello_world_example_1/_ide/bitstream/design_1_wrapper.bit"
16:31:01 INFO  : Context for 'APU' is selected.
16:31:01 INFO  : Hardware design and registers information is loaded from 'C:/Users/sunil/desktop/NUS/EE4218/EE4218_Labs_clone/Lab_3/integrated_coprocessor_v1/integrated_coprocessor_fifo/export/integrated_coprocessor_fifo/hw/design_1_wrapper.xsa'.
16:31:01 INFO  : 'configparams force-mem-access 1' command is executed.
16:31:01 INFO  : Context for 'APU' is selected.
16:31:01 INFO  : Sourcing of 'C:/Users/sunil/desktop/NUS/EE4218/EE4218_Labs_clone/Lab_3/integrated_coprocessor_v1/xuartps_hello_world_example_1/_ide/psinit/psu_init.tcl' is done.
16:31:02 INFO  : 'psu_init' command is executed.
16:31:03 INFO  : 'after 1000' command is executed.
16:31:03 INFO  : 'psu_ps_pl_isolation_removal' command is executed.
16:31:04 INFO  : 'after 1000' command is executed.
16:31:04 INFO  : 'psu_ps_pl_reset_config' command is executed.
16:31:04 INFO  : 'catch {psu_protection}' command is executed.
16:31:04 INFO  : Context for processor 'psu_cortexa53_0' is selected.
16:31:04 INFO  : Processor reset is completed for 'psu_cortexa53_0'.
16:31:05 INFO  : The application 'C:/Users/sunil/desktop/NUS/EE4218/EE4218_Labs_clone/Lab_3/integrated_coprocessor_v1/xuartps_hello_world_example_1/Debug/xuartps_hello_world_example_1.elf' is downloaded to processor 'psu_cortexa53_0'.
16:31:05 INFO  : 'configparams force-mem-access 0' command is executed.
16:31:05 INFO  : ----------------XSDB Script----------------
connect -url tcp:127.0.0.1:3121
source C:/Xilinx/Vitis/2023.2/scripts/vitis/util/zynqmp_utils.tcl
targets -set -nocase -filter {name =~"APU*"}
rst -system
after 3000
targets -set -filter {jtag_cable_name =~ "Xilinx X-MLCC-01 XFL1NH42KNRVA" && level==0 && jtag_device_ctx=="jsn-X-MLCC-01-XFL1NH42KNRVA-04724093-0"}
fpga -file C:/Users/sunil/desktop/NUS/EE4218/EE4218_Labs_clone/Lab_3/integrated_coprocessor_v1/xuartps_hello_world_example_1/_ide/bitstream/design_1_wrapper.bit
targets -set -nocase -filter {name =~"APU*"}
loadhw -hw C:/Users/sunil/desktop/NUS/EE4218/EE4218_Labs_clone/Lab_3/integrated_coprocessor_v1/integrated_coprocessor_fifo/export/integrated_coprocessor_fifo/hw/design_1_wrapper.xsa -mem-ranges [list {0x80000000 0xbfffffff} {0x400000000 0x5ffffffff} {0x1000000000 0x7fffffffff}] -regs
configparams force-mem-access 1
targets -set -nocase -filter {name =~"APU*"}
source C:/Users/sunil/desktop/NUS/EE4218/EE4218_Labs_clone/Lab_3/integrated_coprocessor_v1/xuartps_hello_world_example_1/_ide/psinit/psu_init.tcl
psu_init
after 1000
psu_ps_pl_isolation_removal
after 1000
psu_ps_pl_reset_config
catch {psu_protection}
targets -set -nocase -filter {name =~ "*A53*#0"}
rst -processor
dow C:/Users/sunil/desktop/NUS/EE4218/EE4218_Labs_clone/Lab_3/integrated_coprocessor_v1/xuartps_hello_world_example_1/Debug/xuartps_hello_world_example_1.elf
configparams force-mem-access 0
----------------End of Script----------------

16:31:05 INFO  : Context for processor 'psu_cortexa53_0' is selected.
16:31:05 INFO  : 'con' command is executed.
16:31:05 INFO  : ----------------XSDB Script (After Launch)----------------
targets -set -nocase -filter {name =~ "*A53*#0"}
con
----------------End of Script----------------

16:31:05 INFO  : Launch script is exported to file 'C:\Users\sunil\desktop\NUS\EE4218\EE4218_Labs_clone\Lab_3\integrated_coprocessor_v1\xuartps_hello_world_example_1_system\_ide\scripts\debugger_xuartps_hello_world_example_1-default.tcl'
16:38:56 INFO  : Disconnected from the channel tcfchan#17.
22:32:38 DEBUG : Logs will be stored at 'C:/Users/sunil/desktop/NUS/EE4218/EE4218_Labs_clone/Lab_3/integrated_coprocessor_v1/IDE.log'.
22:32:39 INFO  : Launching XSCT server: xsct.bat -n  -interactive C:\Users\sunil\desktop\NUS\EE4218\EE4218_Labs_clone\Lab_3\integrated_coprocessor_v1\temp_xsdb_launch_script.tcl
22:32:44 INFO  : Platform repository initialization has completed.
22:32:45 INFO  : XSCT server has started successfully.
22:32:45 INFO  : Successfully done setting XSCT server connection channel  
22:32:45 INFO  : plnx-install-location is set to ''
22:32:45 INFO  : Successfully done setting workspace for the tool. 
22:32:48 INFO  : Registering command handlers for Vitis TCF services
22:32:52 INFO  : Successfully done query RDI_DATADIR 
22:43:29 INFO  : Result from executing command 'getProjects': integrated_coprocessor_fifo
22:43:29 INFO  : Result from executing command 'getPlatforms': integrated_coprocessor_fifo|C:/Users/sunil/desktop/NUS/EE4218/EE4218_Labs_clone/Lab_3/integrated_coprocessor_v1/integrated_coprocessor_fifo/export/integrated_coprocessor_fifo/integrated_coprocessor_fifo.xpfm;xilinx_zcu102_base_202320_1|C:/Xilinx/Vitis/2023.2/base_platforms/xilinx_zcu102_base_202320_1/xilinx_zcu102_base_202320_1.xpfm;xilinx_zcu102_base_dfx_202320_1|C:/Xilinx/Vitis/2023.2/base_platforms/xilinx_zcu102_base_dfx_202320_1/xilinx_zcu102_base_dfx_202320_1.xpfm;xilinx_zcu104_base_202320_1|C:/Xilinx/Vitis/2023.2/base_platforms/xilinx_zcu104_base_202320_1/xilinx_zcu104_base_202320_1.xpfm
22:43:30 INFO  : Checking for BSP changes to sync application flags for project 'xuartps_hello_world_example_1'...
22:47:33 INFO  : Connected to target on host '127.0.0.1' and port '3121'.
22:47:34 INFO  : Jtag cable 'Xilinx X-MLCC-01 XFL1NH42KNRVA' is selected.
22:47:34 INFO  : 'jtag frequency' command is executed.
22:47:34 INFO  : Sourcing of 'C:/Xilinx/Vitis/2023.2/scripts/vitis/util/zynqmp_utils.tcl' is done.
22:47:34 INFO  : Context for 'APU' is selected.
22:47:35 INFO  : System reset is completed.
22:47:38 INFO  : 'after 3000' command is executed.
22:47:38 INFO  : 'targets -set -filter {jtag_cable_name =~ "Xilinx X-MLCC-01 XFL1NH42KNRVA" && level==0 && jtag_device_ctx=="jsn-X-MLCC-01-XFL1NH42KNRVA-04724093-0"}' command is executed.
22:47:43 INFO  : Device configured successfully with "C:/Users/sunil/desktop/NUS/EE4218/EE4218_Labs_clone/Lab_3/integrated_coprocessor_v1/xuartps_hello_world_example_1/_ide/bitstream/design_1_wrapper.bit"
22:47:43 INFO  : Context for 'APU' is selected.
22:47:43 INFO  : Hardware design and registers information is loaded from 'C:/Users/sunil/desktop/NUS/EE4218/EE4218_Labs_clone/Lab_3/integrated_coprocessor_v1/integrated_coprocessor_fifo/export/integrated_coprocessor_fifo/hw/design_1_wrapper.xsa'.
22:47:43 INFO  : 'configparams force-mem-access 1' command is executed.
22:47:43 INFO  : Context for 'APU' is selected.
22:47:44 INFO  : Sourcing of 'C:/Users/sunil/desktop/NUS/EE4218/EE4218_Labs_clone/Lab_3/integrated_coprocessor_v1/xuartps_hello_world_example_1/_ide/psinit/psu_init.tcl' is done.
22:47:44 INFO  : 'psu_init' command is executed.
22:47:45 INFO  : 'after 1000' command is executed.
22:47:45 INFO  : 'psu_ps_pl_isolation_removal' command is executed.
22:47:46 INFO  : 'after 1000' command is executed.
22:47:46 INFO  : 'psu_ps_pl_reset_config' command is executed.
22:47:47 INFO  : 'catch {psu_protection}' command is executed.
22:47:47 INFO  : Context for processor 'psu_cortexa53_0' is selected.
22:47:47 INFO  : Processor reset is completed for 'psu_cortexa53_0'.
22:47:47 INFO  : The application 'C:/Users/sunil/desktop/NUS/EE4218/EE4218_Labs_clone/Lab_3/integrated_coprocessor_v1/xuartps_hello_world_example_1/Debug/xuartps_hello_world_example_1.elf' is downloaded to processor 'psu_cortexa53_0'.
22:47:47 INFO  : 'configparams force-mem-access 0' command is executed.
22:47:47 INFO  : ----------------XSDB Script----------------
connect -url tcp:127.0.0.1:3121
source C:/Xilinx/Vitis/2023.2/scripts/vitis/util/zynqmp_utils.tcl
targets -set -nocase -filter {name =~"APU*"}
rst -system
after 3000
targets -set -filter {jtag_cable_name =~ "Xilinx X-MLCC-01 XFL1NH42KNRVA" && level==0 && jtag_device_ctx=="jsn-X-MLCC-01-XFL1NH42KNRVA-04724093-0"}
fpga -file C:/Users/sunil/desktop/NUS/EE4218/EE4218_Labs_clone/Lab_3/integrated_coprocessor_v1/xuartps_hello_world_example_1/_ide/bitstream/design_1_wrapper.bit
targets -set -nocase -filter {name =~"APU*"}
loadhw -hw C:/Users/sunil/desktop/NUS/EE4218/EE4218_Labs_clone/Lab_3/integrated_coprocessor_v1/integrated_coprocessor_fifo/export/integrated_coprocessor_fifo/hw/design_1_wrapper.xsa -mem-ranges [list {0x80000000 0xbfffffff} {0x400000000 0x5ffffffff} {0x1000000000 0x7fffffffff}] -regs
configparams force-mem-access 1
targets -set -nocase -filter {name =~"APU*"}
source C:/Users/sunil/desktop/NUS/EE4218/EE4218_Labs_clone/Lab_3/integrated_coprocessor_v1/xuartps_hello_world_example_1/_ide/psinit/psu_init.tcl
psu_init
after 1000
psu_ps_pl_isolation_removal
after 1000
psu_ps_pl_reset_config
catch {psu_protection}
targets -set -nocase -filter {name =~ "*A53*#0"}
rst -processor
dow C:/Users/sunil/desktop/NUS/EE4218/EE4218_Labs_clone/Lab_3/integrated_coprocessor_v1/xuartps_hello_world_example_1/Debug/xuartps_hello_world_example_1.elf
configparams force-mem-access 0
----------------End of Script----------------

22:47:48 INFO  : Context for processor 'psu_cortexa53_0' is selected.
22:47:48 INFO  : 'con' command is executed.
22:47:48 INFO  : ----------------XSDB Script (After Launch)----------------
targets -set -nocase -filter {name =~ "*A53*#0"}
con
----------------End of Script----------------

22:47:48 INFO  : Launch script is exported to file 'C:\Users\sunil\desktop\NUS\EE4218\EE4218_Labs_clone\Lab_3\integrated_coprocessor_v1\xuartps_hello_world_example_1_system\_ide\scripts\debugger_xuartps_hello_world_example_1-default.tcl'
22:52:58 INFO  : Disconnected from the channel tcfchan#2.
