Copyright 1986-2022 Xilinx, Inc. All Rights Reserved. Copyright 2022-2023 Advanced Micro Devices, Inc. All Rights Reserved.
---------------------------------------------------------------------------------------------------------------------------------------------
| Tool Version : Vivado v.2023.2 (win64) Build 4029153 Fri Oct 13 20:14:34 MDT 2023
| Date         : Fri Feb 28 13:24:49 2025
| Host         : LAPTOP-MBJHTN7L running 64-bit major release  (build 9200)
| Command      : upgrade_ip
| Device       : xck26-sfvc784-2LV-c
---------------------------------------------------------------------------------------------------------------------------------------------

Upgrade Log for IP 'design_1_myip_0_0'

1. Summary
----------

CAUTION (success, with warnings) in the upgrade of design_1_myip_0_0 (xilinx.com:user:myip:1.1) from (Rev. 1) to (Rev. 2)

After upgrade, an IP may have parameter and port differences compared to the original customization. Please review the parameters within the IP customization GUI to ensure proper functionality. Also, please review the updated IP instantiation template to ensure proper connectivity, and update your design if required.

2. Interface Information
------------------------

Detected external interface differences while upgrading 'design_1_myip_0_0'.


-Upgrade has removed interface 'S00_AXI'

-Upgrade has added interface 'M_AXIS' (xilinx.com:interface:axis:1.0)

-Upgrade has added interface 'S_AXIS' (xilinx.com:interface:axis:1.0)


3. Connection Warnings
----------------------

Detected external port differences while upgrading 'design_1_myip_0_0'. These changes may impact your design.


-Upgrade has removed port 's00_axi_aclk'

-Upgrade has removed port 's00_axi_araddr'

-Upgrade has removed port 's00_axi_aresetn'

-Upgrade has removed port 's00_axi_arprot'

-Upgrade has removed port 's00_axi_arready'

-Upgrade has removed port 's00_axi_arvalid'

-Upgrade has removed port 's00_axi_awaddr'

-Upgrade has removed port 's00_axi_awprot'

-Upgrade has removed port 's00_axi_awready'

-Upgrade has removed port 's00_axi_awvalid'

-Upgrade has removed port 's00_axi_bready'

-Upgrade has removed port 's00_axi_bresp'

-Upgrade has removed port 's00_axi_bvalid'

-Upgrade has removed port 's00_axi_rdata'

-Upgrade has removed port 's00_axi_rready'

-Upgrade has removed port 's00_axi_rresp'

-Upgrade has removed port 's00_axi_rvalid'

-Upgrade has removed port 's00_axi_wdata'

-Upgrade has removed port 's00_axi_wready'

-Upgrade has removed port 's00_axi_wstrb'

-Upgrade has removed port 's00_axi_wvalid'

-Upgrade has added port 'ACLK'

-Upgrade has added port 'ARESETN'

-Upgrade has added port 'M_AXIS_TDATA'

-Upgrade has added port 'M_AXIS_TLAST'

-Upgrade has added port 'M_AXIS_TREADY'

-Upgrade has added port 'M_AXIS_TVALID'

-Upgrade has added port 'S_AXIS_TDATA'

-Upgrade has added port 'S_AXIS_TLAST'

-Upgrade has added port 'S_AXIS_TREADY'

-Upgrade has added port 'S_AXIS_TVALID'


4. Addressing Information
-------------------------

Detected addressing differences while upgrading 'design_1_myip_0_0'. These changes may impact your design.


-Upgrade has removed address block 'S00_AXI/S00_AXI_reg'


5. Customization warnings
-------------------------

Parameter 'C_S00_AXI_DATA_WIDTH' is no longer present on the upgraded IP 'design_1_myip_0_0', and cannot be set to '32'

Parameter 'C_S00_AXI_ADDR_WIDTH' is no longer present on the upgraded IP 'design_1_myip_0_0', and cannot be set to '4'

Parameter 'C_S00_AXI_BASEADDR' is no longer present on the upgraded IP 'design_1_myip_0_0', and cannot be set to '0xFFFFFFFF'

Parameter 'C_S00_AXI_HIGHADDR' is no longer present on the upgraded IP 'design_1_myip_0_0', and cannot be set to '0x00000000'


6. Debug Commands
-----------------

  The following debug information can be passed to Vivado as Tcl commands,
in order to validate or debug the output of the upgrade flow.
  You may consult any warnings from within this upgrade, and alter or remove
the configuration parameter(s) which caused the warning; then execute the Tcl
commands, and use the IP Customization GUI to verify the IP configuration.

create_ip -vlnv xilinx.com:user:myip:1.1 -user_name design_1_myip_0_0
set_property -dict "\
  CONFIG.Component_Name {design_1_myip_0_0} " [get_ips design_1_myip_0_0]


