
*** Running vivado
    with args -log design_1_wrapper.vds -m64 -product Vivado -mode batch -messageDb vivado.pb -notrace -source design_1_wrapper.tcl


ECHO is off.
ECHO is off.

****** Vivado v2023.2 (64-bit)
  **** SW Build 4029153 on Fri Oct 13 20:14:34 MDT 2023
  **** IP Build 4028589 on Sat Oct 14 00:45:43 MDT 2023
  **** SharedData Build 4025554 on Tue Oct 10 17:18:54 MDT 2023
    ** Copyright 1986-2022 Xilinx, Inc. All Rights Reserved.
    ** Copyright 2022-2023 Advanced Micro Devices, Inc. All Rights Reserved.

source design_1_wrapper.tcl -notrace
create_project: Time (s): cpu = 00:00:06 ; elapsed = 00:00:06 . Memory (MB): peak = 455.680 ; gain = 181.578
INFO: [IP_Flow 19-234] Refreshing IP repositories
INFO: [IP_Flow 19-1700] Loaded user IP repository 'c:/Users/sunil/VivadoProjects/EE4218Labs/Lab4/ip_repo/myip_1_1'.
INFO: [IP_Flow 19-1700] Loaded user IP repository 'c:/Users/sunil/VitisHLSip/myip_v1_unoptimized_HLS'.
INFO: [IP_Flow 19-1700] Loaded user IP repository 'c:/Users/sunil/VitisHLSip/myip_v1_0_HLS/myip_v1_0_HLS'.
INFO: [IP_Flow 19-2313] Loaded Vivado IP repository 'C:/Xilinx/Vivado/2023.2/data/ip'.
WARNING: [IP_Flow 19-4995] The host OS only allows 260 characters in a normal path. The IP cache path is more than 80 characters. If you experience issues with IP caching, please consider changing the IP cache to a location with a shorter path. Alternately consider using the OS subst command to map part of the path to a drive letter. 
Current IP cache path is c:/Users/sunil/VivadoProjects/EE4218Labs/Lab4/integrated_coprocessor_v1/integrated_coprocessor_v1.cache/ip 
Command: read_checkpoint -auto_incremental -incremental C:/Users/sunil/VivadoProjects/EE4218Labs/Lab4/integrated_coprocessor_v1/integrated_coprocessor_v1.srcs/utils_1/imports/synth_1/design_1_wrapper.dcp
INFO: [Vivado 12-5825] Read reference checkpoint from C:/Users/sunil/VivadoProjects/EE4218Labs/Lab4/integrated_coprocessor_v1/integrated_coprocessor_v1.srcs/utils_1/imports/synth_1/design_1_wrapper.dcp for incremental synthesis
INFO: [Vivado 12-7989] Please ensure there are no constraint changes
Command: synth_design -top design_1_wrapper -part xck26-sfvc784-2LV-c
Starting synth_design
Attempting to get a license for feature 'Synthesis' and/or device 'xck26'
INFO: [Common 17-349] Got license for feature 'Synthesis' and/or device 'xck26'
INFO: [Device 21-403] Loading part xck26-sfvc784-2LV-c
INFO: [Designutils 20-5440] No compile time benefit to using incremental synthesis; A full resynthesis will be run
INFO: [Designutils 20-4379] Flow is switching to default flow due to incremental criteria not met. If you would like to alter this behaviour and have the flow terminate instead, please set the following parameter config_implementation {autoIncr.Synth.RejectBehavior Terminate}
INFO: [Synth 8-7079] Multithreading enabled for synth_design using a maximum of 2 processes.
INFO: [Synth 8-7078] Launching helper process for spawning children vivado processes
INFO: [Synth 8-7075] Helper process launched with PID 2108
---------------------------------------------------------------------------------
Starting RTL Elaboration : Time (s): cpu = 00:00:06 ; elapsed = 00:00:06 . Memory (MB): peak = 1890.301 ; gain = 381.414
---------------------------------------------------------------------------------
INFO: [Synth 8-6157] synthesizing module 'design_1_wrapper' [C:/Users/sunil/VivadoProjects/EE4218Labs/Lab4/integrated_coprocessor_v1/integrated_coprocessor_v1.gen/sources_1/bd/design_1/hdl/design_1_wrapper.v:13]
INFO: [Synth 8-6157] synthesizing module 'design_1' [c:/Users/sunil/VivadoProjects/EE4218Labs/Lab4/integrated_coprocessor_v1/integrated_coprocessor_v1.gen/sources_1/bd/design_1/synth/design_1.v:13]
INFO: [Synth 8-6157] synthesizing module 'design_1_axi_fifo_mm_s_0_0' [C:/Users/sunil/VivadoProjects/EE4218Labs/Lab4/integrated_coprocessor_v1/integrated_coprocessor_v1.runs/synth_1/.Xil/Vivado-14048-linus_zenbook/realtime/design_1_axi_fifo_mm_s_0_0_stub.v:6]
INFO: [Synth 8-6155] done synthesizing module 'design_1_axi_fifo_mm_s_0_0' (0#1) [C:/Users/sunil/VivadoProjects/EE4218Labs/Lab4/integrated_coprocessor_v1/integrated_coprocessor_v1.runs/synth_1/.Xil/Vivado-14048-linus_zenbook/realtime/design_1_axi_fifo_mm_s_0_0_stub.v:6]
WARNING: [Synth 8-7071] port 'interrupt' of module 'design_1_axi_fifo_mm_s_0_0' is unconnected for instance 'axi_fifo_mm_s_0' [c:/Users/sunil/VivadoProjects/EE4218Labs/Lab4/integrated_coprocessor_v1/integrated_coprocessor_v1.gen/sources_1/bd/design_1/synth/design_1.v:257]
WARNING: [Synth 8-7071] port 'mm2s_prmry_reset_out_n' of module 'design_1_axi_fifo_mm_s_0_0' is unconnected for instance 'axi_fifo_mm_s_0' [c:/Users/sunil/VivadoProjects/EE4218Labs/Lab4/integrated_coprocessor_v1/integrated_coprocessor_v1.gen/sources_1/bd/design_1/synth/design_1.v:257]
WARNING: [Synth 8-7071] port 'mm2s_cntrl_reset_out_n' of module 'design_1_axi_fifo_mm_s_0_0' is unconnected for instance 'axi_fifo_mm_s_0' [c:/Users/sunil/VivadoProjects/EE4218Labs/Lab4/integrated_coprocessor_v1/integrated_coprocessor_v1.gen/sources_1/bd/design_1/synth/design_1.v:257]
WARNING: [Synth 8-7071] port 'axi_str_txc_tvalid' of module 'design_1_axi_fifo_mm_s_0_0' is unconnected for instance 'axi_fifo_mm_s_0' [c:/Users/sunil/VivadoProjects/EE4218Labs/Lab4/integrated_coprocessor_v1/integrated_coprocessor_v1.gen/sources_1/bd/design_1/synth/design_1.v:257]
WARNING: [Synth 8-7071] port 'axi_str_txc_tlast' of module 'design_1_axi_fifo_mm_s_0_0' is unconnected for instance 'axi_fifo_mm_s_0' [c:/Users/sunil/VivadoProjects/EE4218Labs/Lab4/integrated_coprocessor_v1/integrated_coprocessor_v1.gen/sources_1/bd/design_1/synth/design_1.v:257]
WARNING: [Synth 8-7071] port 'axi_str_txc_tdata' of module 'design_1_axi_fifo_mm_s_0_0' is unconnected for instance 'axi_fifo_mm_s_0' [c:/Users/sunil/VivadoProjects/EE4218Labs/Lab4/integrated_coprocessor_v1/integrated_coprocessor_v1.gen/sources_1/bd/design_1/synth/design_1.v:257]
WARNING: [Synth 8-7071] port 's2mm_prmry_reset_out_n' of module 'design_1_axi_fifo_mm_s_0_0' is unconnected for instance 'axi_fifo_mm_s_0' [c:/Users/sunil/VivadoProjects/EE4218Labs/Lab4/integrated_coprocessor_v1/integrated_coprocessor_v1.gen/sources_1/bd/design_1/synth/design_1.v:257]
WARNING: [Synth 8-7023] instance 'axi_fifo_mm_s_0' of module 'design_1_axi_fifo_mm_s_0_0' has 70 connections declared, but only 63 given [c:/Users/sunil/VivadoProjects/EE4218Labs/Lab4/integrated_coprocessor_v1/integrated_coprocessor_v1.gen/sources_1/bd/design_1/synth/design_1.v:257]
INFO: [Synth 8-6157] synthesizing module 'design_1_axi_fifo_mm_s_0_1' [C:/Users/sunil/VivadoProjects/EE4218Labs/Lab4/integrated_coprocessor_v1/integrated_coprocessor_v1.runs/synth_1/.Xil/Vivado-14048-linus_zenbook/realtime/design_1_axi_fifo_mm_s_0_1_stub.v:6]
INFO: [Synth 8-6155] done synthesizing module 'design_1_axi_fifo_mm_s_0_1' (0#1) [C:/Users/sunil/VivadoProjects/EE4218Labs/Lab4/integrated_coprocessor_v1/integrated_coprocessor_v1.runs/synth_1/.Xil/Vivado-14048-linus_zenbook/realtime/design_1_axi_fifo_mm_s_0_1_stub.v:6]
WARNING: [Synth 8-7071] port 'interrupt' of module 'design_1_axi_fifo_mm_s_0_1' is unconnected for instance 'axi_fifo_mm_s_1' [c:/Users/sunil/VivadoProjects/EE4218Labs/Lab4/integrated_coprocessor_v1/integrated_coprocessor_v1.gen/sources_1/bd/design_1/synth/design_1.v:321]
WARNING: [Synth 8-7071] port 'mm2s_prmry_reset_out_n' of module 'design_1_axi_fifo_mm_s_0_1' is unconnected for instance 'axi_fifo_mm_s_1' [c:/Users/sunil/VivadoProjects/EE4218Labs/Lab4/integrated_coprocessor_v1/integrated_coprocessor_v1.gen/sources_1/bd/design_1/synth/design_1.v:321]
WARNING: [Synth 8-7071] port 'mm2s_cntrl_reset_out_n' of module 'design_1_axi_fifo_mm_s_0_1' is unconnected for instance 'axi_fifo_mm_s_1' [c:/Users/sunil/VivadoProjects/EE4218Labs/Lab4/integrated_coprocessor_v1/integrated_coprocessor_v1.gen/sources_1/bd/design_1/synth/design_1.v:321]
WARNING: [Synth 8-7071] port 'axi_str_txc_tvalid' of module 'design_1_axi_fifo_mm_s_0_1' is unconnected for instance 'axi_fifo_mm_s_1' [c:/Users/sunil/VivadoProjects/EE4218Labs/Lab4/integrated_coprocessor_v1/integrated_coprocessor_v1.gen/sources_1/bd/design_1/synth/design_1.v:321]
WARNING: [Synth 8-7071] port 'axi_str_txc_tlast' of module 'design_1_axi_fifo_mm_s_0_1' is unconnected for instance 'axi_fifo_mm_s_1' [c:/Users/sunil/VivadoProjects/EE4218Labs/Lab4/integrated_coprocessor_v1/integrated_coprocessor_v1.gen/sources_1/bd/design_1/synth/design_1.v:321]
WARNING: [Synth 8-7071] port 'axi_str_txc_tdata' of module 'design_1_axi_fifo_mm_s_0_1' is unconnected for instance 'axi_fifo_mm_s_1' [c:/Users/sunil/VivadoProjects/EE4218Labs/Lab4/integrated_coprocessor_v1/integrated_coprocessor_v1.gen/sources_1/bd/design_1/synth/design_1.v:321]
WARNING: [Synth 8-7071] port 's2mm_prmry_reset_out_n' of module 'design_1_axi_fifo_mm_s_0_1' is unconnected for instance 'axi_fifo_mm_s_1' [c:/Users/sunil/VivadoProjects/EE4218Labs/Lab4/integrated_coprocessor_v1/integrated_coprocessor_v1.gen/sources_1/bd/design_1/synth/design_1.v:321]
WARNING: [Synth 8-7023] instance 'axi_fifo_mm_s_1' of module 'design_1_axi_fifo_mm_s_0_1' has 70 connections declared, but only 63 given [c:/Users/sunil/VivadoProjects/EE4218Labs/Lab4/integrated_coprocessor_v1/integrated_coprocessor_v1.gen/sources_1/bd/design_1/synth/design_1.v:321]
INFO: [Synth 8-6157] synthesizing module 'design_1_axi_fifo_mm_s_1_0' [C:/Users/sunil/VivadoProjects/EE4218Labs/Lab4/integrated_coprocessor_v1/integrated_coprocessor_v1.runs/synth_1/.Xil/Vivado-14048-linus_zenbook/realtime/design_1_axi_fifo_mm_s_1_0_stub.v:6]
INFO: [Synth 8-6155] done synthesizing module 'design_1_axi_fifo_mm_s_1_0' (0#1) [C:/Users/sunil/VivadoProjects/EE4218Labs/Lab4/integrated_coprocessor_v1/integrated_coprocessor_v1.runs/synth_1/.Xil/Vivado-14048-linus_zenbook/realtime/design_1_axi_fifo_mm_s_1_0_stub.v:6]
WARNING: [Synth 8-7071] port 'interrupt' of module 'design_1_axi_fifo_mm_s_1_0' is unconnected for instance 'axi_fifo_mm_s_2' [c:/Users/sunil/VivadoProjects/EE4218Labs/Lab4/integrated_coprocessor_v1/integrated_coprocessor_v1.gen/sources_1/bd/design_1/synth/design_1.v:385]
WARNING: [Synth 8-7071] port 'mm2s_prmry_reset_out_n' of module 'design_1_axi_fifo_mm_s_1_0' is unconnected for instance 'axi_fifo_mm_s_2' [c:/Users/sunil/VivadoProjects/EE4218Labs/Lab4/integrated_coprocessor_v1/integrated_coprocessor_v1.gen/sources_1/bd/design_1/synth/design_1.v:385]
WARNING: [Synth 8-7071] port 'mm2s_cntrl_reset_out_n' of module 'design_1_axi_fifo_mm_s_1_0' is unconnected for instance 'axi_fifo_mm_s_2' [c:/Users/sunil/VivadoProjects/EE4218Labs/Lab4/integrated_coprocessor_v1/integrated_coprocessor_v1.gen/sources_1/bd/design_1/synth/design_1.v:385]
WARNING: [Synth 8-7071] port 'axi_str_txc_tvalid' of module 'design_1_axi_fifo_mm_s_1_0' is unconnected for instance 'axi_fifo_mm_s_2' [c:/Users/sunil/VivadoProjects/EE4218Labs/Lab4/integrated_coprocessor_v1/integrated_coprocessor_v1.gen/sources_1/bd/design_1/synth/design_1.v:385]
WARNING: [Synth 8-7071] port 'axi_str_txc_tlast' of module 'design_1_axi_fifo_mm_s_1_0' is unconnected for instance 'axi_fifo_mm_s_2' [c:/Users/sunil/VivadoProjects/EE4218Labs/Lab4/integrated_coprocessor_v1/integrated_coprocessor_v1.gen/sources_1/bd/design_1/synth/design_1.v:385]
WARNING: [Synth 8-7071] port 'axi_str_txc_tdata' of module 'design_1_axi_fifo_mm_s_1_0' is unconnected for instance 'axi_fifo_mm_s_2' [c:/Users/sunil/VivadoProjects/EE4218Labs/Lab4/integrated_coprocessor_v1/integrated_coprocessor_v1.gen/sources_1/bd/design_1/synth/design_1.v:385]
WARNING: [Synth 8-7071] port 's2mm_prmry_reset_out_n' of module 'design_1_axi_fifo_mm_s_1_0' is unconnected for instance 'axi_fifo_mm_s_2' [c:/Users/sunil/VivadoProjects/EE4218Labs/Lab4/integrated_coprocessor_v1/integrated_coprocessor_v1.gen/sources_1/bd/design_1/synth/design_1.v:385]
WARNING: [Synth 8-7023] instance 'axi_fifo_mm_s_2' of module 'design_1_axi_fifo_mm_s_1_0' has 70 connections declared, but only 63 given [c:/Users/sunil/VivadoProjects/EE4218Labs/Lab4/integrated_coprocessor_v1/integrated_coprocessor_v1.gen/sources_1/bd/design_1/synth/design_1.v:385]
INFO: [Synth 8-6157] synthesizing module 'design_1_axi_timer_0_0' [C:/Users/sunil/VivadoProjects/EE4218Labs/Lab4/integrated_coprocessor_v1/integrated_coprocessor_v1.runs/synth_1/.Xil/Vivado-14048-linus_zenbook/realtime/design_1_axi_timer_0_0_stub.v:6]
INFO: [Synth 8-6155] done synthesizing module 'design_1_axi_timer_0_0' (0#1) [C:/Users/sunil/VivadoProjects/EE4218Labs/Lab4/integrated_coprocessor_v1/integrated_coprocessor_v1.runs/synth_1/.Xil/Vivado-14048-linus_zenbook/realtime/design_1_axi_timer_0_0_stub.v:6]
WARNING: [Synth 8-7071] port 'generateout0' of module 'design_1_axi_timer_0_0' is unconnected for instance 'axi_timer_0' [c:/Users/sunil/VivadoProjects/EE4218Labs/Lab4/integrated_coprocessor_v1/integrated_coprocessor_v1.gen/sources_1/bd/design_1/synth/design_1.v:449]
WARNING: [Synth 8-7071] port 'generateout1' of module 'design_1_axi_timer_0_0' is unconnected for instance 'axi_timer_0' [c:/Users/sunil/VivadoProjects/EE4218Labs/Lab4/integrated_coprocessor_v1/integrated_coprocessor_v1.gen/sources_1/bd/design_1/synth/design_1.v:449]
WARNING: [Synth 8-7071] port 'pwm0' of module 'design_1_axi_timer_0_0' is unconnected for instance 'axi_timer_0' [c:/Users/sunil/VivadoProjects/EE4218Labs/Lab4/integrated_coprocessor_v1/integrated_coprocessor_v1.gen/sources_1/bd/design_1/synth/design_1.v:449]
WARNING: [Synth 8-7071] port 'interrupt' of module 'design_1_axi_timer_0_0' is unconnected for instance 'axi_timer_0' [c:/Users/sunil/VivadoProjects/EE4218Labs/Lab4/integrated_coprocessor_v1/integrated_coprocessor_v1.gen/sources_1/bd/design_1/synth/design_1.v:449]
WARNING: [Synth 8-7023] instance 'axi_timer_0' of module 'design_1_axi_timer_0_0' has 26 connections declared, but only 22 given [c:/Users/sunil/VivadoProjects/EE4218Labs/Lab4/integrated_coprocessor_v1/integrated_coprocessor_v1.gen/sources_1/bd/design_1/synth/design_1.v:449]
INFO: [Synth 8-6157] synthesizing module 'design_1_myip_0_0' [C:/Users/sunil/VivadoProjects/EE4218Labs/Lab4/integrated_coprocessor_v1/integrated_coprocessor_v1.runs/synth_1/.Xil/Vivado-14048-linus_zenbook/realtime/design_1_myip_0_0_stub.v:6]
INFO: [Synth 8-6155] done synthesizing module 'design_1_myip_0_0' (0#1) [C:/Users/sunil/VivadoProjects/EE4218Labs/Lab4/integrated_coprocessor_v1/integrated_coprocessor_v1.runs/synth_1/.Xil/Vivado-14048-linus_zenbook/realtime/design_1_myip_0_0_stub.v:6]
INFO: [Synth 8-6157] synthesizing module 'design_1_myip_v1_0_HLS_0_0' [C:/Users/sunil/VivadoProjects/EE4218Labs/Lab4/integrated_coprocessor_v1/integrated_coprocessor_v1.runs/synth_1/.Xil/Vivado-14048-linus_zenbook/realtime/design_1_myip_v1_0_HLS_0_0_stub.v:6]
INFO: [Synth 8-6155] done synthesizing module 'design_1_myip_v1_0_HLS_0_0' (0#1) [C:/Users/sunil/VivadoProjects/EE4218Labs/Lab4/integrated_coprocessor_v1/integrated_coprocessor_v1.runs/synth_1/.Xil/Vivado-14048-linus_zenbook/realtime/design_1_myip_v1_0_HLS_0_0_stub.v:6]
WARNING: [Synth 8-7071] port 'M_AXIS_TKEEP' of module 'design_1_myip_v1_0_HLS_0_0' is unconnected for instance 'myip_v1_0_HLS_0' [c:/Users/sunil/VivadoProjects/EE4218Labs/Lab4/integrated_coprocessor_v1/integrated_coprocessor_v1.gen/sources_1/bd/design_1/synth/design_1.v:483]
WARNING: [Synth 8-7071] port 'M_AXIS_TSTRB' of module 'design_1_myip_v1_0_HLS_0_0' is unconnected for instance 'myip_v1_0_HLS_0' [c:/Users/sunil/VivadoProjects/EE4218Labs/Lab4/integrated_coprocessor_v1/integrated_coprocessor_v1.gen/sources_1/bd/design_1/synth/design_1.v:483]
WARNING: [Synth 8-7023] instance 'myip_v1_0_HLS_0' of module 'design_1_myip_v1_0_HLS_0_0' has 14 connections declared, but only 12 given [c:/Users/sunil/VivadoProjects/EE4218Labs/Lab4/integrated_coprocessor_v1/integrated_coprocessor_v1.gen/sources_1/bd/design_1/synth/design_1.v:483]
INFO: [Synth 8-6157] synthesizing module 'design_1_myip_v1_unoptimized_0_0' [C:/Users/sunil/VivadoProjects/EE4218Labs/Lab4/integrated_coprocessor_v1/integrated_coprocessor_v1.runs/synth_1/.Xil/Vivado-14048-linus_zenbook/realtime/design_1_myip_v1_unoptimized_0_0_stub.v:6]
INFO: [Synth 8-6155] done synthesizing module 'design_1_myip_v1_unoptimized_0_0' (0#1) [C:/Users/sunil/VivadoProjects/EE4218Labs/Lab4/integrated_coprocessor_v1/integrated_coprocessor_v1.runs/synth_1/.Xil/Vivado-14048-linus_zenbook/realtime/design_1_myip_v1_unoptimized_0_0_stub.v:6]
WARNING: [Synth 8-7071] port 'M_AXIS_TKEEP' of module 'design_1_myip_v1_unoptimized_0_0' is unconnected for instance 'myip_v1_unoptimized_0' [c:/Users/sunil/VivadoProjects/EE4218Labs/Lab4/integrated_coprocessor_v1/integrated_coprocessor_v1.gen/sources_1/bd/design_1/synth/design_1.v:496]
WARNING: [Synth 8-7071] port 'M_AXIS_TSTRB' of module 'design_1_myip_v1_unoptimized_0_0' is unconnected for instance 'myip_v1_unoptimized_0' [c:/Users/sunil/VivadoProjects/EE4218Labs/Lab4/integrated_coprocessor_v1/integrated_coprocessor_v1.gen/sources_1/bd/design_1/synth/design_1.v:496]
WARNING: [Synth 8-7023] instance 'myip_v1_unoptimized_0' of module 'design_1_myip_v1_unoptimized_0_0' has 14 connections declared, but only 12 given [c:/Users/sunil/VivadoProjects/EE4218Labs/Lab4/integrated_coprocessor_v1/integrated_coprocessor_v1.gen/sources_1/bd/design_1/synth/design_1.v:496]
INFO: [Synth 8-6157] synthesizing module 'design_1_ps8_0_axi_periph_0' [c:/Users/sunil/VivadoProjects/EE4218Labs/Lab4/integrated_coprocessor_v1/integrated_coprocessor_v1.gen/sources_1/bd/design_1/synth/design_1.v:793]
INFO: [Synth 8-6157] synthesizing module 'm00_couplers_imp_QJIMLI' [c:/Users/sunil/VivadoProjects/EE4218Labs/Lab4/integrated_coprocessor_v1/integrated_coprocessor_v1.gen/sources_1/bd/design_1/synth/design_1.v:2623]
INFO: [Synth 8-6157] synthesizing module 'design_1_auto_pc_0' [C:/Users/sunil/VivadoProjects/EE4218Labs/Lab4/integrated_coprocessor_v1/integrated_coprocessor_v1.runs/synth_1/.Xil/Vivado-14048-linus_zenbook/realtime/design_1_auto_pc_0_stub.v:6]
INFO: [Synth 8-6155] done synthesizing module 'design_1_auto_pc_0' (0#1) [C:/Users/sunil/VivadoProjects/EE4218Labs/Lab4/integrated_coprocessor_v1/integrated_coprocessor_v1.runs/synth_1/.Xil/Vivado-14048-linus_zenbook/realtime/design_1_auto_pc_0_stub.v:6]
WARNING: [Synth 8-7071] port 'm_axi_awprot' of module 'design_1_auto_pc_0' is unconnected for instance 'auto_pc' [c:/Users/sunil/VivadoProjects/EE4218Labs/Lab4/integrated_coprocessor_v1/integrated_coprocessor_v1.gen/sources_1/bd/design_1/synth/design_1.v:2862]
WARNING: [Synth 8-7071] port 'm_axi_arprot' of module 'design_1_auto_pc_0' is unconnected for instance 'auto_pc' [c:/Users/sunil/VivadoProjects/EE4218Labs/Lab4/integrated_coprocessor_v1/integrated_coprocessor_v1.gen/sources_1/bd/design_1/synth/design_1.v:2862]
WARNING: [Synth 8-7023] instance 'auto_pc' of module 'design_1_auto_pc_0' has 60 connections declared, but only 58 given [c:/Users/sunil/VivadoProjects/EE4218Labs/Lab4/integrated_coprocessor_v1/integrated_coprocessor_v1.gen/sources_1/bd/design_1/synth/design_1.v:2862]
INFO: [Synth 8-6155] done synthesizing module 'm00_couplers_imp_QJIMLI' (0#1) [c:/Users/sunil/VivadoProjects/EE4218Labs/Lab4/integrated_coprocessor_v1/integrated_coprocessor_v1.gen/sources_1/bd/design_1/synth/design_1.v:2623]
INFO: [Synth 8-6157] synthesizing module 'm01_couplers_imp_1D3SAH3' [c:/Users/sunil/VivadoProjects/EE4218Labs/Lab4/integrated_coprocessor_v1/integrated_coprocessor_v1.gen/sources_1/bd/design_1/synth/design_1.v:2923]
INFO: [Synth 8-6155] done synthesizing module 'm01_couplers_imp_1D3SAH3' (0#1) [c:/Users/sunil/VivadoProjects/EE4218Labs/Lab4/integrated_coprocessor_v1/integrated_coprocessor_v1.gen/sources_1/bd/design_1/synth/design_1.v:2923]
INFO: [Synth 8-6157] synthesizing module 'm02_couplers_imp_P3UMW5' [c:/Users/sunil/VivadoProjects/EE4218Labs/Lab4/integrated_coprocessor_v1/integrated_coprocessor_v1.gen/sources_1/bd/design_1/synth/design_1.v:3181]
INFO: [Synth 8-6157] synthesizing module 'design_1_auto_pc_1' [C:/Users/sunil/VivadoProjects/EE4218Labs/Lab4/integrated_coprocessor_v1/integrated_coprocessor_v1.runs/synth_1/.Xil/Vivado-14048-linus_zenbook/realtime/design_1_auto_pc_1_stub.v:6]
INFO: [Synth 8-6155] done synthesizing module 'design_1_auto_pc_1' (0#1) [C:/Users/sunil/VivadoProjects/EE4218Labs/Lab4/integrated_coprocessor_v1/integrated_coprocessor_v1.runs/synth_1/.Xil/Vivado-14048-linus_zenbook/realtime/design_1_auto_pc_1_stub.v:6]
WARNING: [Synth 8-7071] port 'm_axi_awprot' of module 'design_1_auto_pc_1' is unconnected for instance 'auto_pc' [c:/Users/sunil/VivadoProjects/EE4218Labs/Lab4/integrated_coprocessor_v1/integrated_coprocessor_v1.gen/sources_1/bd/design_1/synth/design_1.v:3420]
WARNING: [Synth 8-7071] port 'm_axi_arprot' of module 'design_1_auto_pc_1' is unconnected for instance 'auto_pc' [c:/Users/sunil/VivadoProjects/EE4218Labs/Lab4/integrated_coprocessor_v1/integrated_coprocessor_v1.gen/sources_1/bd/design_1/synth/design_1.v:3420]
WARNING: [Synth 8-7023] instance 'auto_pc' of module 'design_1_auto_pc_1' has 60 connections declared, but only 58 given [c:/Users/sunil/VivadoProjects/EE4218Labs/Lab4/integrated_coprocessor_v1/integrated_coprocessor_v1.gen/sources_1/bd/design_1/synth/design_1.v:3420]
INFO: [Synth 8-6155] done synthesizing module 'm02_couplers_imp_P3UMW5' (0#1) [c:/Users/sunil/VivadoProjects/EE4218Labs/Lab4/integrated_coprocessor_v1/integrated_coprocessor_v1.gen/sources_1/bd/design_1/synth/design_1.v:3181]
INFO: [Synth 8-6157] synthesizing module 'm03_couplers_imp_1E9R4HW' [c:/Users/sunil/VivadoProjects/EE4218Labs/Lab4/integrated_coprocessor_v1/integrated_coprocessor_v1.gen/sources_1/bd/design_1/synth/design_1.v:3481]
INFO: [Synth 8-6155] done synthesizing module 'm03_couplers_imp_1E9R4HW' (0#1) [c:/Users/sunil/VivadoProjects/EE4218Labs/Lab4/integrated_coprocessor_v1/integrated_coprocessor_v1.gen/sources_1/bd/design_1/synth/design_1.v:3481]
INFO: [Synth 8-6157] synthesizing module 'm04_couplers_imp_NB1YAO' [c:/Users/sunil/VivadoProjects/EE4218Labs/Lab4/integrated_coprocessor_v1/integrated_coprocessor_v1.gen/sources_1/bd/design_1/synth/design_1.v:3739]
INFO: [Synth 8-6157] synthesizing module 'design_1_auto_pc_2' [C:/Users/sunil/VivadoProjects/EE4218Labs/Lab4/integrated_coprocessor_v1/integrated_coprocessor_v1.runs/synth_1/.Xil/Vivado-14048-linus_zenbook/realtime/design_1_auto_pc_2_stub.v:6]
INFO: [Synth 8-6155] done synthesizing module 'design_1_auto_pc_2' (0#1) [C:/Users/sunil/VivadoProjects/EE4218Labs/Lab4/integrated_coprocessor_v1/integrated_coprocessor_v1.runs/synth_1/.Xil/Vivado-14048-linus_zenbook/realtime/design_1_auto_pc_2_stub.v:6]
WARNING: [Synth 8-7071] port 'm_axi_awprot' of module 'design_1_auto_pc_2' is unconnected for instance 'auto_pc' [c:/Users/sunil/VivadoProjects/EE4218Labs/Lab4/integrated_coprocessor_v1/integrated_coprocessor_v1.gen/sources_1/bd/design_1/synth/design_1.v:3978]
WARNING: [Synth 8-7071] port 'm_axi_arprot' of module 'design_1_auto_pc_2' is unconnected for instance 'auto_pc' [c:/Users/sunil/VivadoProjects/EE4218Labs/Lab4/integrated_coprocessor_v1/integrated_coprocessor_v1.gen/sources_1/bd/design_1/synth/design_1.v:3978]
WARNING: [Synth 8-7023] instance 'auto_pc' of module 'design_1_auto_pc_2' has 60 connections declared, but only 58 given [c:/Users/sunil/VivadoProjects/EE4218Labs/Lab4/integrated_coprocessor_v1/integrated_coprocessor_v1.gen/sources_1/bd/design_1/synth/design_1.v:3978]
INFO: [Synth 8-6155] done synthesizing module 'm04_couplers_imp_NB1YAO' (0#1) [c:/Users/sunil/VivadoProjects/EE4218Labs/Lab4/integrated_coprocessor_v1/integrated_coprocessor_v1.gen/sources_1/bd/design_1/synth/design_1.v:3739]
INFO: [Synth 8-6157] synthesizing module 'm05_couplers_imp_1FZ4A9T' [c:/Users/sunil/VivadoProjects/EE4218Labs/Lab4/integrated_coprocessor_v1/integrated_coprocessor_v1.gen/sources_1/bd/design_1/synth/design_1.v:4039]
INFO: [Synth 8-6157] synthesizing module 'design_1_auto_pc_3' [C:/Users/sunil/VivadoProjects/EE4218Labs/Lab4/integrated_coprocessor_v1/integrated_coprocessor_v1.runs/synth_1/.Xil/Vivado-14048-linus_zenbook/realtime/design_1_auto_pc_3_stub.v:6]
INFO: [Synth 8-6155] done synthesizing module 'design_1_auto_pc_3' (0#1) [C:/Users/sunil/VivadoProjects/EE4218Labs/Lab4/integrated_coprocessor_v1/integrated_coprocessor_v1.runs/synth_1/.Xil/Vivado-14048-linus_zenbook/realtime/design_1_auto_pc_3_stub.v:6]
WARNING: [Synth 8-7071] port 'm_axi_awprot' of module 'design_1_auto_pc_3' is unconnected for instance 'auto_pc' [c:/Users/sunil/VivadoProjects/EE4218Labs/Lab4/integrated_coprocessor_v1/integrated_coprocessor_v1.gen/sources_1/bd/design_1/synth/design_1.v:4278]
WARNING: [Synth 8-7071] port 'm_axi_arprot' of module 'design_1_auto_pc_3' is unconnected for instance 'auto_pc' [c:/Users/sunil/VivadoProjects/EE4218Labs/Lab4/integrated_coprocessor_v1/integrated_coprocessor_v1.gen/sources_1/bd/design_1/synth/design_1.v:4278]
WARNING: [Synth 8-7023] instance 'auto_pc' of module 'design_1_auto_pc_3' has 60 connections declared, but only 58 given [c:/Users/sunil/VivadoProjects/EE4218Labs/Lab4/integrated_coprocessor_v1/integrated_coprocessor_v1.gen/sources_1/bd/design_1/synth/design_1.v:4278]
INFO: [Synth 8-6155] done synthesizing module 'm05_couplers_imp_1FZ4A9T' (0#1) [c:/Users/sunil/VivadoProjects/EE4218Labs/Lab4/integrated_coprocessor_v1/integrated_coprocessor_v1.gen/sources_1/bd/design_1/synth/design_1.v:4039]
INFO: [Synth 8-6157] synthesizing module 'm06_couplers_imp_MPDFMR' [c:/Users/sunil/VivadoProjects/EE4218Labs/Lab4/integrated_coprocessor_v1/integrated_coprocessor_v1.gen/sources_1/bd/design_1/synth/design_1.v:4339]
INFO: [Synth 8-6155] done synthesizing module 'm06_couplers_imp_MPDFMR' (0#1) [c:/Users/sunil/VivadoProjects/EE4218Labs/Lab4/integrated_coprocessor_v1/integrated_coprocessor_v1.gen/sources_1/bd/design_1/synth/design_1.v:4339]
INFO: [Synth 8-6157] synthesizing module 's00_couplers_imp_1A7ZMW4' [c:/Users/sunil/VivadoProjects/EE4218Labs/Lab4/integrated_coprocessor_v1/integrated_coprocessor_v1.gen/sources_1/bd/design_1/synth/design_1.v:4597]
INFO: [Synth 8-6155] done synthesizing module 's00_couplers_imp_1A7ZMW4' (0#1) [c:/Users/sunil/VivadoProjects/EE4218Labs/Lab4/integrated_coprocessor_v1/integrated_coprocessor_v1.gen/sources_1/bd/design_1/synth/design_1.v:4597]
INFO: [Synth 8-6157] synthesizing module 'design_1_xbar_0' [C:/Users/sunil/VivadoProjects/EE4218Labs/Lab4/integrated_coprocessor_v1/integrated_coprocessor_v1.runs/synth_1/.Xil/Vivado-14048-linus_zenbook/realtime/design_1_xbar_0_stub.v:6]
INFO: [Synth 8-6155] done synthesizing module 'design_1_xbar_0' (0#1) [C:/Users/sunil/VivadoProjects/EE4218Labs/Lab4/integrated_coprocessor_v1/integrated_coprocessor_v1.runs/synth_1/.Xil/Vivado-14048-linus_zenbook/realtime/design_1_xbar_0_stub.v:6]
WARNING: [Synth 8-689] width (24) of port connection 'm_axi_arqos' does not match port width (28) of module 'design_1_xbar_0' [c:/Users/sunil/VivadoProjects/EE4218Labs/Lab4/integrated_coprocessor_v1/integrated_coprocessor_v1.gen/sources_1/bd/design_1/synth/design_1.v:2550]
WARNING: [Synth 8-689] width (24) of port connection 'm_axi_arregion' does not match port width (28) of module 'design_1_xbar_0' [c:/Users/sunil/VivadoProjects/EE4218Labs/Lab4/integrated_coprocessor_v1/integrated_coprocessor_v1.gen/sources_1/bd/design_1/synth/design_1.v:2552]
WARNING: [Synth 8-689] width (24) of port connection 'm_axi_awqos' does not match port width (28) of module 'design_1_xbar_0' [c:/Users/sunil/VivadoProjects/EE4218Labs/Lab4/integrated_coprocessor_v1/integrated_coprocessor_v1.gen/sources_1/bd/design_1/synth/design_1.v:2562]
WARNING: [Synth 8-689] width (24) of port connection 'm_axi_awregion' does not match port width (28) of module 'design_1_xbar_0' [c:/Users/sunil/VivadoProjects/EE4218Labs/Lab4/integrated_coprocessor_v1/integrated_coprocessor_v1.gen/sources_1/bd/design_1/synth/design_1.v:2564]
WARNING: [Synth 8-7071] port 'm_axi_awuser' of module 'design_1_xbar_0' is unconnected for instance 'xbar' [c:/Users/sunil/VivadoProjects/EE4218Labs/Lab4/integrated_coprocessor_v1/integrated_coprocessor_v1.gen/sources_1/bd/design_1/synth/design_1.v:2540]
WARNING: [Synth 8-7071] port 'm_axi_aruser' of module 'design_1_xbar_0' is unconnected for instance 'xbar' [c:/Users/sunil/VivadoProjects/EE4218Labs/Lab4/integrated_coprocessor_v1/integrated_coprocessor_v1.gen/sources_1/bd/design_1/synth/design_1.v:2540]
WARNING: [Synth 8-7023] instance 'xbar' of module 'design_1_xbar_0' has 82 connections declared, but only 80 given [c:/Users/sunil/VivadoProjects/EE4218Labs/Lab4/integrated_coprocessor_v1/integrated_coprocessor_v1.gen/sources_1/bd/design_1/synth/design_1.v:2540]
INFO: [Synth 8-6155] done synthesizing module 'design_1_ps8_0_axi_periph_0' (0#1) [c:/Users/sunil/VivadoProjects/EE4218Labs/Lab4/integrated_coprocessor_v1/integrated_coprocessor_v1.gen/sources_1/bd/design_1/synth/design_1.v:793]
INFO: [Synth 8-6157] synthesizing module 'design_1_rst_ps8_0_99M_0' [C:/Users/sunil/VivadoProjects/EE4218Labs/Lab4/integrated_coprocessor_v1/integrated_coprocessor_v1.runs/synth_1/.Xil/Vivado-14048-linus_zenbook/realtime/design_1_rst_ps8_0_99M_0_stub.v:6]
INFO: [Synth 8-6155] done synthesizing module 'design_1_rst_ps8_0_99M_0' (0#1) [C:/Users/sunil/VivadoProjects/EE4218Labs/Lab4/integrated_coprocessor_v1/integrated_coprocessor_v1.runs/synth_1/.Xil/Vivado-14048-linus_zenbook/realtime/design_1_rst_ps8_0_99M_0_stub.v:6]
WARNING: [Synth 8-7071] port 'mb_reset' of module 'design_1_rst_ps8_0_99M_0' is unconnected for instance 'rst_ps8_0_99M' [c:/Users/sunil/VivadoProjects/EE4218Labs/Lab4/integrated_coprocessor_v1/integrated_coprocessor_v1.gen/sources_1/bd/design_1/synth/design_1.v:740]
WARNING: [Synth 8-7071] port 'bus_struct_reset' of module 'design_1_rst_ps8_0_99M_0' is unconnected for instance 'rst_ps8_0_99M' [c:/Users/sunil/VivadoProjects/EE4218Labs/Lab4/integrated_coprocessor_v1/integrated_coprocessor_v1.gen/sources_1/bd/design_1/synth/design_1.v:740]
WARNING: [Synth 8-7071] port 'peripheral_reset' of module 'design_1_rst_ps8_0_99M_0' is unconnected for instance 'rst_ps8_0_99M' [c:/Users/sunil/VivadoProjects/EE4218Labs/Lab4/integrated_coprocessor_v1/integrated_coprocessor_v1.gen/sources_1/bd/design_1/synth/design_1.v:740]
WARNING: [Synth 8-7071] port 'interconnect_aresetn' of module 'design_1_rst_ps8_0_99M_0' is unconnected for instance 'rst_ps8_0_99M' [c:/Users/sunil/VivadoProjects/EE4218Labs/Lab4/integrated_coprocessor_v1/integrated_coprocessor_v1.gen/sources_1/bd/design_1/synth/design_1.v:740]
WARNING: [Synth 8-7023] instance 'rst_ps8_0_99M' of module 'design_1_rst_ps8_0_99M_0' has 10 connections declared, but only 6 given [c:/Users/sunil/VivadoProjects/EE4218Labs/Lab4/integrated_coprocessor_v1/integrated_coprocessor_v1.gen/sources_1/bd/design_1/synth/design_1.v:740]
INFO: [Synth 8-6157] synthesizing module 'design_1_zynq_ultra_ps_e_0_0' [C:/Users/sunil/VivadoProjects/EE4218Labs/Lab4/integrated_coprocessor_v1/integrated_coprocessor_v1.runs/synth_1/.Xil/Vivado-14048-linus_zenbook/realtime/design_1_zynq_ultra_ps_e_0_0_stub.v:6]
INFO: [Synth 8-6155] done synthesizing module 'design_1_zynq_ultra_ps_e_0_0' (0#1) [C:/Users/sunil/VivadoProjects/EE4218Labs/Lab4/integrated_coprocessor_v1/integrated_coprocessor_v1.runs/synth_1/.Xil/Vivado-14048-linus_zenbook/realtime/design_1_zynq_ultra_ps_e_0_0_stub.v:6]
INFO: [Synth 8-6155] done synthesizing module 'design_1' (0#1) [c:/Users/sunil/VivadoProjects/EE4218Labs/Lab4/integrated_coprocessor_v1/integrated_coprocessor_v1.gen/sources_1/bd/design_1/synth/design_1.v:13]
INFO: [Synth 8-6155] done synthesizing module 'design_1_wrapper' (0#1) [C:/Users/sunil/VivadoProjects/EE4218Labs/Lab4/integrated_coprocessor_v1/integrated_coprocessor_v1.gen/sources_1/bd/design_1/hdl/design_1_wrapper.v:13]
WARNING: [Synth 8-7129] Port M_ACLK in module s00_couplers_imp_1A7ZMW4 is either unconnected or has no load
WARNING: [Synth 8-7129] Port M_ARESETN in module s00_couplers_imp_1A7ZMW4 is either unconnected or has no load
WARNING: [Synth 8-7129] Port S_ACLK in module s00_couplers_imp_1A7ZMW4 is either unconnected or has no load
WARNING: [Synth 8-7129] Port S_ARESETN in module s00_couplers_imp_1A7ZMW4 is either unconnected or has no load
WARNING: [Synth 8-7129] Port M_ACLK in module m06_couplers_imp_MPDFMR is either unconnected or has no load
WARNING: [Synth 8-7129] Port M_ARESETN in module m06_couplers_imp_MPDFMR is either unconnected or has no load
WARNING: [Synth 8-7129] Port S_ACLK in module m06_couplers_imp_MPDFMR is either unconnected or has no load
WARNING: [Synth 8-7129] Port S_ARESETN in module m06_couplers_imp_MPDFMR is either unconnected or has no load
WARNING: [Synth 8-7129] Port M_ACLK in module m05_couplers_imp_1FZ4A9T is either unconnected or has no load
WARNING: [Synth 8-7129] Port M_ARESETN in module m05_couplers_imp_1FZ4A9T is either unconnected or has no load
WARNING: [Synth 8-7129] Port S_AXI_araddr[39] in module m05_couplers_imp_1FZ4A9T is either unconnected or has no load
WARNING: [Synth 8-7129] Port S_AXI_araddr[38] in module m05_couplers_imp_1FZ4A9T is either unconnected or has no load
WARNING: [Synth 8-7129] Port S_AXI_araddr[37] in module m05_couplers_imp_1FZ4A9T is either unconnected or has no load
WARNING: [Synth 8-7129] Port S_AXI_araddr[36] in module m05_couplers_imp_1FZ4A9T is either unconnected or has no load
WARNING: [Synth 8-7129] Port S_AXI_araddr[35] in module m05_couplers_imp_1FZ4A9T is either unconnected or has no load
WARNING: [Synth 8-7129] Port S_AXI_araddr[34] in module m05_couplers_imp_1FZ4A9T is either unconnected or has no load
WARNING: [Synth 8-7129] Port S_AXI_araddr[33] in module m05_couplers_imp_1FZ4A9T is either unconnected or has no load
WARNING: [Synth 8-7129] Port S_AXI_araddr[32] in module m05_couplers_imp_1FZ4A9T is either unconnected or has no load
WARNING: [Synth 8-7129] Port S_AXI_awaddr[39] in module m05_couplers_imp_1FZ4A9T is either unconnected or has no load
WARNING: [Synth 8-7129] Port S_AXI_awaddr[38] in module m05_couplers_imp_1FZ4A9T is either unconnected or has no load
WARNING: [Synth 8-7129] Port S_AXI_awaddr[37] in module m05_couplers_imp_1FZ4A9T is either unconnected or has no load
WARNING: [Synth 8-7129] Port S_AXI_awaddr[36] in module m05_couplers_imp_1FZ4A9T is either unconnected or has no load
WARNING: [Synth 8-7129] Port S_AXI_awaddr[35] in module m05_couplers_imp_1FZ4A9T is either unconnected or has no load
WARNING: [Synth 8-7129] Port S_AXI_awaddr[34] in module m05_couplers_imp_1FZ4A9T is either unconnected or has no load
WARNING: [Synth 8-7129] Port S_AXI_awaddr[33] in module m05_couplers_imp_1FZ4A9T is either unconnected or has no load
WARNING: [Synth 8-7129] Port S_AXI_awaddr[32] in module m05_couplers_imp_1FZ4A9T is either unconnected or has no load
WARNING: [Synth 8-7129] Port M_ACLK in module m04_couplers_imp_NB1YAO is either unconnected or has no load
WARNING: [Synth 8-7129] Port M_ARESETN in module m04_couplers_imp_NB1YAO is either unconnected or has no load
WARNING: [Synth 8-7129] Port M_ACLK in module m03_couplers_imp_1E9R4HW is either unconnected or has no load
WARNING: [Synth 8-7129] Port M_ARESETN in module m03_couplers_imp_1E9R4HW is either unconnected or has no load
WARNING: [Synth 8-7129] Port S_ACLK in module m03_couplers_imp_1E9R4HW is either unconnected or has no load
WARNING: [Synth 8-7129] Port S_ARESETN in module m03_couplers_imp_1E9R4HW is either unconnected or has no load
WARNING: [Synth 8-7129] Port M_ACLK in module m02_couplers_imp_P3UMW5 is either unconnected or has no load
WARNING: [Synth 8-7129] Port M_ARESETN in module m02_couplers_imp_P3UMW5 is either unconnected or has no load
WARNING: [Synth 8-7129] Port S_AXI_araddr[39] in module m02_couplers_imp_P3UMW5 is either unconnected or has no load
WARNING: [Synth 8-7129] Port S_AXI_araddr[38] in module m02_couplers_imp_P3UMW5 is either unconnected or has no load
WARNING: [Synth 8-7129] Port S_AXI_araddr[37] in module m02_couplers_imp_P3UMW5 is either unconnected or has no load
WARNING: [Synth 8-7129] Port S_AXI_araddr[36] in module m02_couplers_imp_P3UMW5 is either unconnected or has no load
WARNING: [Synth 8-7129] Port S_AXI_araddr[35] in module m02_couplers_imp_P3UMW5 is either unconnected or has no load
WARNING: [Synth 8-7129] Port S_AXI_araddr[34] in module m02_couplers_imp_P3UMW5 is either unconnected or has no load
WARNING: [Synth 8-7129] Port S_AXI_araddr[33] in module m02_couplers_imp_P3UMW5 is either unconnected or has no load
WARNING: [Synth 8-7129] Port S_AXI_araddr[32] in module m02_couplers_imp_P3UMW5 is either unconnected or has no load
WARNING: [Synth 8-7129] Port S_AXI_awaddr[39] in module m02_couplers_imp_P3UMW5 is either unconnected or has no load
WARNING: [Synth 8-7129] Port S_AXI_awaddr[38] in module m02_couplers_imp_P3UMW5 is either unconnected or has no load
WARNING: [Synth 8-7129] Port S_AXI_awaddr[37] in module m02_couplers_imp_P3UMW5 is either unconnected or has no load
WARNING: [Synth 8-7129] Port S_AXI_awaddr[36] in module m02_couplers_imp_P3UMW5 is either unconnected or has no load
WARNING: [Synth 8-7129] Port S_AXI_awaddr[35] in module m02_couplers_imp_P3UMW5 is either unconnected or has no load
WARNING: [Synth 8-7129] Port S_AXI_awaddr[34] in module m02_couplers_imp_P3UMW5 is either unconnected or has no load
WARNING: [Synth 8-7129] Port S_AXI_awaddr[33] in module m02_couplers_imp_P3UMW5 is either unconnected or has no load
WARNING: [Synth 8-7129] Port S_AXI_awaddr[32] in module m02_couplers_imp_P3UMW5 is either unconnected or has no load
WARNING: [Synth 8-7129] Port M_ACLK in module m01_couplers_imp_1D3SAH3 is either unconnected or has no load
WARNING: [Synth 8-7129] Port M_ARESETN in module m01_couplers_imp_1D3SAH3 is either unconnected or has no load
WARNING: [Synth 8-7129] Port S_ACLK in module m01_couplers_imp_1D3SAH3 is either unconnected or has no load
WARNING: [Synth 8-7129] Port S_ARESETN in module m01_couplers_imp_1D3SAH3 is either unconnected or has no load
WARNING: [Synth 8-7129] Port M_ACLK in module m00_couplers_imp_QJIMLI is either unconnected or has no load
WARNING: [Synth 8-7129] Port M_ARESETN in module m00_couplers_imp_QJIMLI is either unconnected or has no load
WARNING: [Synth 8-7129] Port S_AXI_araddr[39] in module m00_couplers_imp_QJIMLI is either unconnected or has no load
WARNING: [Synth 8-7129] Port S_AXI_araddr[38] in module m00_couplers_imp_QJIMLI is either unconnected or has no load
WARNING: [Synth 8-7129] Port S_AXI_araddr[37] in module m00_couplers_imp_QJIMLI is either unconnected or has no load
WARNING: [Synth 8-7129] Port S_AXI_araddr[36] in module m00_couplers_imp_QJIMLI is either unconnected or has no load
WARNING: [Synth 8-7129] Port S_AXI_araddr[35] in module m00_couplers_imp_QJIMLI is either unconnected or has no load
WARNING: [Synth 8-7129] Port S_AXI_araddr[34] in module m00_couplers_imp_QJIMLI is either unconnected or has no load
WARNING: [Synth 8-7129] Port S_AXI_araddr[33] in module m00_couplers_imp_QJIMLI is either unconnected or has no load
WARNING: [Synth 8-7129] Port S_AXI_araddr[32] in module m00_couplers_imp_QJIMLI is either unconnected or has no load
WARNING: [Synth 8-7129] Port S_AXI_awaddr[39] in module m00_couplers_imp_QJIMLI is either unconnected or has no load
WARNING: [Synth 8-7129] Port S_AXI_awaddr[38] in module m00_couplers_imp_QJIMLI is either unconnected or has no load
WARNING: [Synth 8-7129] Port S_AXI_awaddr[37] in module m00_couplers_imp_QJIMLI is either unconnected or has no load
WARNING: [Synth 8-7129] Port S_AXI_awaddr[36] in module m00_couplers_imp_QJIMLI is either unconnected or has no load
WARNING: [Synth 8-7129] Port S_AXI_awaddr[35] in module m00_couplers_imp_QJIMLI is either unconnected or has no load
WARNING: [Synth 8-7129] Port S_AXI_awaddr[34] in module m00_couplers_imp_QJIMLI is either unconnected or has no load
WARNING: [Synth 8-7129] Port S_AXI_awaddr[33] in module m00_couplers_imp_QJIMLI is either unconnected or has no load
WARNING: [Synth 8-7129] Port S_AXI_awaddr[32] in module m00_couplers_imp_QJIMLI is either unconnected or has no load
WARNING: [Synth 8-7129] Port M00_ACLK in module design_1_ps8_0_axi_periph_0 is either unconnected or has no load
WARNING: [Synth 8-7129] Port M00_ARESETN in module design_1_ps8_0_axi_periph_0 is either unconnected or has no load
WARNING: [Synth 8-7129] Port M01_ACLK in module design_1_ps8_0_axi_periph_0 is either unconnected or has no load
WARNING: [Synth 8-7129] Port M01_ARESETN in module design_1_ps8_0_axi_periph_0 is either unconnected or has no load
WARNING: [Synth 8-7129] Port M02_ACLK in module design_1_ps8_0_axi_periph_0 is either unconnected or has no load
WARNING: [Synth 8-7129] Port M02_ARESETN in module design_1_ps8_0_axi_periph_0 is either unconnected or has no load
WARNING: [Synth 8-7129] Port M03_ACLK in module design_1_ps8_0_axi_periph_0 is either unconnected or has no load
WARNING: [Synth 8-7129] Port M03_ARESETN in module design_1_ps8_0_axi_periph_0 is either unconnected or has no load
WARNING: [Synth 8-7129] Port M04_ACLK in module design_1_ps8_0_axi_periph_0 is either unconnected or has no load
WARNING: [Synth 8-7129] Port M04_ARESETN in module design_1_ps8_0_axi_periph_0 is either unconnected or has no load
WARNING: [Synth 8-7129] Port M05_ACLK in module design_1_ps8_0_axi_periph_0 is either unconnected or has no load
WARNING: [Synth 8-7129] Port M05_ARESETN in module design_1_ps8_0_axi_periph_0 is either unconnected or has no load
WARNING: [Synth 8-7129] Port M06_ACLK in module design_1_ps8_0_axi_periph_0 is either unconnected or has no load
WARNING: [Synth 8-7129] Port M06_ARESETN in module design_1_ps8_0_axi_periph_0 is either unconnected or has no load
WARNING: [Synth 8-7129] Port S00_ACLK in module design_1_ps8_0_axi_periph_0 is either unconnected or has no load
WARNING: [Synth 8-7129] Port S00_ARESETN in module design_1_ps8_0_axi_periph_0 is either unconnected or has no load
---------------------------------------------------------------------------------
Finished RTL Elaboration : Time (s): cpu = 00:00:08 ; elapsed = 00:00:08 . Memory (MB): peak = 2012.645 ; gain = 503.758
---------------------------------------------------------------------------------
---------------------------------------------------------------------------------
Start Handling Custom Attributes
---------------------------------------------------------------------------------
---------------------------------------------------------------------------------
Finished Handling Custom Attributes : Time (s): cpu = 00:00:08 ; elapsed = 00:00:09 . Memory (MB): peak = 2012.645 ; gain = 503.758
---------------------------------------------------------------------------------
---------------------------------------------------------------------------------
Finished RTL Optimization Phase 1 : Time (s): cpu = 00:00:08 ; elapsed = 00:00:09 . Memory (MB): peak = 2012.645 ; gain = 503.758
---------------------------------------------------------------------------------
Netlist sorting complete. Time (s): cpu = 00:00:00 ; elapsed = 00:00:00.060 . Memory (MB): peak = 2012.645 ; gain = 0.000
INFO: [Project 1-570] Preparing netlist for logic optimization

Processing XDC Constraints
Initializing timing engine
Parsing XDC File [c:/Users/sunil/VivadoProjects/EE4218Labs/Lab4/integrated_coprocessor_v1/integrated_coprocessor_v1.gen/sources_1/bd/design_1/ip/design_1_zynq_ultra_ps_e_0_0/design_1_zynq_ultra_ps_e_0_0/design_1_zynq_ultra_ps_e_0_0_in_context.xdc] for cell 'design_1_i/zynq_ultra_ps_e_0'
Finished Parsing XDC File [c:/Users/sunil/VivadoProjects/EE4218Labs/Lab4/integrated_coprocessor_v1/integrated_coprocessor_v1.gen/sources_1/bd/design_1/ip/design_1_zynq_ultra_ps_e_0_0/design_1_zynq_ultra_ps_e_0_0/design_1_zynq_ultra_ps_e_0_0_in_context.xdc] for cell 'design_1_i/zynq_ultra_ps_e_0'
Parsing XDC File [c:/Users/sunil/VivadoProjects/EE4218Labs/Lab4/integrated_coprocessor_v1/integrated_coprocessor_v1.gen/sources_1/bd/design_1/ip/design_1_axi_fifo_mm_s_0_0/design_1_axi_fifo_mm_s_0_0/design_1_axi_fifo_mm_s_0_0_in_context.xdc] for cell 'design_1_i/axi_fifo_mm_s_0'
Finished Parsing XDC File [c:/Users/sunil/VivadoProjects/EE4218Labs/Lab4/integrated_coprocessor_v1/integrated_coprocessor_v1.gen/sources_1/bd/design_1/ip/design_1_axi_fifo_mm_s_0_0/design_1_axi_fifo_mm_s_0_0/design_1_axi_fifo_mm_s_0_0_in_context.xdc] for cell 'design_1_i/axi_fifo_mm_s_0'
Parsing XDC File [c:/Users/sunil/VivadoProjects/EE4218Labs/Lab4/integrated_coprocessor_v1/integrated_coprocessor_v1.gen/sources_1/bd/design_1/ip/design_1_xbar_0/design_1_xbar_0/design_1_xbar_0_in_context.xdc] for cell 'design_1_i/ps8_0_axi_periph/xbar'
Finished Parsing XDC File [c:/Users/sunil/VivadoProjects/EE4218Labs/Lab4/integrated_coprocessor_v1/integrated_coprocessor_v1.gen/sources_1/bd/design_1/ip/design_1_xbar_0/design_1_xbar_0/design_1_xbar_0_in_context.xdc] for cell 'design_1_i/ps8_0_axi_periph/xbar'
Parsing XDC File [c:/Users/sunil/VivadoProjects/EE4218Labs/Lab4/integrated_coprocessor_v1/integrated_coprocessor_v1.gen/sources_1/bd/design_1/ip/design_1_auto_pc_0/design_1_auto_pc_0/design_1_auto_pc_0_in_context.xdc] for cell 'design_1_i/ps8_0_axi_periph/m00_couplers/auto_pc'
Finished Parsing XDC File [c:/Users/sunil/VivadoProjects/EE4218Labs/Lab4/integrated_coprocessor_v1/integrated_coprocessor_v1.gen/sources_1/bd/design_1/ip/design_1_auto_pc_0/design_1_auto_pc_0/design_1_auto_pc_0_in_context.xdc] for cell 'design_1_i/ps8_0_axi_periph/m00_couplers/auto_pc'
Parsing XDC File [c:/Users/sunil/VivadoProjects/EE4218Labs/Lab4/integrated_coprocessor_v1/integrated_coprocessor_v1.gen/sources_1/bd/design_1/ip/design_1_auto_pc_1/design_1_auto_pc_1/design_1_auto_pc_0_in_context.xdc] for cell 'design_1_i/ps8_0_axi_periph/m02_couplers/auto_pc'
Finished Parsing XDC File [c:/Users/sunil/VivadoProjects/EE4218Labs/Lab4/integrated_coprocessor_v1/integrated_coprocessor_v1.gen/sources_1/bd/design_1/ip/design_1_auto_pc_1/design_1_auto_pc_1/design_1_auto_pc_0_in_context.xdc] for cell 'design_1_i/ps8_0_axi_periph/m02_couplers/auto_pc'
Parsing XDC File [c:/Users/sunil/VivadoProjects/EE4218Labs/Lab4/integrated_coprocessor_v1/integrated_coprocessor_v1.gen/sources_1/bd/design_1/ip/design_1_auto_pc_2/design_1_auto_pc_2/design_1_auto_pc_2_in_context.xdc] for cell 'design_1_i/ps8_0_axi_periph/m04_couplers/auto_pc'
Finished Parsing XDC File [c:/Users/sunil/VivadoProjects/EE4218Labs/Lab4/integrated_coprocessor_v1/integrated_coprocessor_v1.gen/sources_1/bd/design_1/ip/design_1_auto_pc_2/design_1_auto_pc_2/design_1_auto_pc_2_in_context.xdc] for cell 'design_1_i/ps8_0_axi_periph/m04_couplers/auto_pc'
Parsing XDC File [c:/Users/sunil/VivadoProjects/EE4218Labs/Lab4/integrated_coprocessor_v1/integrated_coprocessor_v1.gen/sources_1/bd/design_1/ip/design_1_auto_pc_3/design_1_auto_pc_3/design_1_auto_pc_0_in_context.xdc] for cell 'design_1_i/ps8_0_axi_periph/m05_couplers/auto_pc'
Finished Parsing XDC File [c:/Users/sunil/VivadoProjects/EE4218Labs/Lab4/integrated_coprocessor_v1/integrated_coprocessor_v1.gen/sources_1/bd/design_1/ip/design_1_auto_pc_3/design_1_auto_pc_3/design_1_auto_pc_0_in_context.xdc] for cell 'design_1_i/ps8_0_axi_periph/m05_couplers/auto_pc'
Parsing XDC File [c:/Users/sunil/VivadoProjects/EE4218Labs/Lab4/integrated_coprocessor_v1/integrated_coprocessor_v1.gen/sources_1/bd/design_1/ip/design_1_rst_ps8_0_99M_0/design_1_rst_ps8_0_99M_0/design_1_rst_ps8_0_99M_0_in_context.xdc] for cell 'design_1_i/rst_ps8_0_99M'
Finished Parsing XDC File [c:/Users/sunil/VivadoProjects/EE4218Labs/Lab4/integrated_coprocessor_v1/integrated_coprocessor_v1.gen/sources_1/bd/design_1/ip/design_1_rst_ps8_0_99M_0/design_1_rst_ps8_0_99M_0/design_1_rst_ps8_0_99M_0_in_context.xdc] for cell 'design_1_i/rst_ps8_0_99M'
Parsing XDC File [c:/Users/sunil/VivadoProjects/EE4218Labs/Lab4/integrated_coprocessor_v1/integrated_coprocessor_v1.srcs/sources_1/bd/design_1/ip/design_1_myip_0_0/design_1_myip_0_0/design_1_myip_0_0_in_context.xdc] for cell 'design_1_i/myip_0'
Finished Parsing XDC File [c:/Users/sunil/VivadoProjects/EE4218Labs/Lab4/integrated_coprocessor_v1/integrated_coprocessor_v1.srcs/sources_1/bd/design_1/ip/design_1_myip_0_0/design_1_myip_0_0/design_1_myip_0_0_in_context.xdc] for cell 'design_1_i/myip_0'
Parsing XDC File [c:/Users/sunil/VivadoProjects/EE4218Labs/Lab4/integrated_coprocessor_v1/integrated_coprocessor_v1.gen/sources_1/bd/design_1/ip/design_1_myip_v1_0_HLS_0_0/design_1_myip_v1_0_HLS_0_0/design_1_myip_v1_0_HLS_0_0_in_context.xdc] for cell 'design_1_i/myip_v1_0_HLS_0'
Finished Parsing XDC File [c:/Users/sunil/VivadoProjects/EE4218Labs/Lab4/integrated_coprocessor_v1/integrated_coprocessor_v1.gen/sources_1/bd/design_1/ip/design_1_myip_v1_0_HLS_0_0/design_1_myip_v1_0_HLS_0_0/design_1_myip_v1_0_HLS_0_0_in_context.xdc] for cell 'design_1_i/myip_v1_0_HLS_0'
Parsing XDC File [c:/Users/sunil/VivadoProjects/EE4218Labs/Lab4/integrated_coprocessor_v1/integrated_coprocessor_v1.gen/sources_1/bd/design_1/ip/design_1_axi_fifo_mm_s_0_1/design_1_axi_fifo_mm_s_0_1/design_1_axi_fifo_mm_s_0_1_in_context.xdc] for cell 'design_1_i/axi_fifo_mm_s_1'
Finished Parsing XDC File [c:/Users/sunil/VivadoProjects/EE4218Labs/Lab4/integrated_coprocessor_v1/integrated_coprocessor_v1.gen/sources_1/bd/design_1/ip/design_1_axi_fifo_mm_s_0_1/design_1_axi_fifo_mm_s_0_1/design_1_axi_fifo_mm_s_0_1_in_context.xdc] for cell 'design_1_i/axi_fifo_mm_s_1'
Parsing XDC File [c:/Users/sunil/VivadoProjects/EE4218Labs/Lab4/integrated_coprocessor_v1/integrated_coprocessor_v1.gen/sources_1/bd/design_1/ip/design_1_axi_timer_0_0/design_1_axi_timer_0_0/design_1_axi_timer_0_0_in_context.xdc] for cell 'design_1_i/axi_timer_0'
Finished Parsing XDC File [c:/Users/sunil/VivadoProjects/EE4218Labs/Lab4/integrated_coprocessor_v1/integrated_coprocessor_v1.gen/sources_1/bd/design_1/ip/design_1_axi_timer_0_0/design_1_axi_timer_0_0/design_1_axi_timer_0_0_in_context.xdc] for cell 'design_1_i/axi_timer_0'
Parsing XDC File [c:/Users/sunil/VivadoProjects/EE4218Labs/Lab4/integrated_coprocessor_v1/integrated_coprocessor_v1.gen/sources_1/bd/design_1/ip/design_1_myip_v1_unoptimized_0_0/design_1_myip_v1_unoptimized_0_0/design_1_myip_v1_unoptimized_0_0_in_context.xdc] for cell 'design_1_i/myip_v1_unoptimized_0'
Finished Parsing XDC File [c:/Users/sunil/VivadoProjects/EE4218Labs/Lab4/integrated_coprocessor_v1/integrated_coprocessor_v1.gen/sources_1/bd/design_1/ip/design_1_myip_v1_unoptimized_0_0/design_1_myip_v1_unoptimized_0_0/design_1_myip_v1_unoptimized_0_0_in_context.xdc] for cell 'design_1_i/myip_v1_unoptimized_0'
Parsing XDC File [c:/Users/sunil/VivadoProjects/EE4218Labs/Lab4/integrated_coprocessor_v1/integrated_coprocessor_v1.gen/sources_1/bd/design_1/ip/design_1_axi_fifo_mm_s_1_0/design_1_axi_fifo_mm_s_1_0/design_1_axi_fifo_mm_s_1_0_in_context.xdc] for cell 'design_1_i/axi_fifo_mm_s_2'
Finished Parsing XDC File [c:/Users/sunil/VivadoProjects/EE4218Labs/Lab4/integrated_coprocessor_v1/integrated_coprocessor_v1.gen/sources_1/bd/design_1/ip/design_1_axi_fifo_mm_s_1_0/design_1_axi_fifo_mm_s_1_0/design_1_axi_fifo_mm_s_1_0_in_context.xdc] for cell 'design_1_i/axi_fifo_mm_s_2'
Parsing XDC File [C:/Users/sunil/VivadoProjects/EE4218Labs/Lab4/integrated_coprocessor_v1/integrated_coprocessor_v1.runs/synth_1/dont_touch.xdc]
Finished Parsing XDC File [C:/Users/sunil/VivadoProjects/EE4218Labs/Lab4/integrated_coprocessor_v1/integrated_coprocessor_v1.runs/synth_1/dont_touch.xdc]
Completed Processing XDC Constraints

Netlist sorting complete. Time (s): cpu = 00:00:00 ; elapsed = 00:00:00 . Memory (MB): peak = 2023.570 ; gain = 0.000
INFO: [Project 1-111] Unisim Transformation Summary:
No Unisim elements were transformed.

The system cannot find the path specified.
Constraint Validation Runtime : Time (s): cpu = 00:00:00 ; elapsed = 00:00:00.008 . Memory (MB): peak = 2023.570 ; gain = 0.000
INFO: [Designutils 20-5440] No compile time benefit to using incremental synthesis; A full resynthesis will be run
INFO: [Designutils 20-4379] Flow is switching to default flow due to incremental criteria not met. If you would like to alter this behaviour and have the flow terminate instead, please set the following parameter config_implementation {autoIncr.Synth.RejectBehavior Terminate}
---------------------------------------------------------------------------------
Finished Constraint Validation : Time (s): cpu = 00:00:21 ; elapsed = 00:00:23 . Memory (MB): peak = 2023.570 ; gain = 514.684
---------------------------------------------------------------------------------
---------------------------------------------------------------------------------
Start Loading Part and Timing Information
---------------------------------------------------------------------------------
Loading part: xck26-sfvc784-2LV-c
INFO: [Synth 8-6742] Reading net delay rules and data
---------------------------------------------------------------------------------
Finished Loading Part and Timing Information : Time (s): cpu = 00:00:21 ; elapsed = 00:00:23 . Memory (MB): peak = 2023.570 ; gain = 514.684
---------------------------------------------------------------------------------
---------------------------------------------------------------------------------
Start Applying 'set_property' XDC Constraints
---------------------------------------------------------------------------------
Applied set_property KEEP_HIERARCHY = SOFT for design_1_i. (constraint file  auto generated constraint).
Applied set_property KEEP_HIERARCHY = SOFT for design_1_i/zynq_ultra_ps_e_0. (constraint file  auto generated constraint).
Applied set_property KEEP_HIERARCHY = SOFT for design_1_i/axi_fifo_mm_s_0. (constraint file  auto generated constraint).
Applied set_property KEEP_HIERARCHY = SOFT for design_1_i/ps8_0_axi_periph/xbar. (constraint file  auto generated constraint).
Applied set_property KEEP_HIERARCHY = SOFT for design_1_i/ps8_0_axi_periph/m00_couplers/auto_pc. (constraint file  auto generated constraint).
Applied set_property KEEP_HIERARCHY = SOFT for design_1_i/ps8_0_axi_periph/m02_couplers/auto_pc. (constraint file  auto generated constraint).
Applied set_property KEEP_HIERARCHY = SOFT for design_1_i/ps8_0_axi_periph/m04_couplers/auto_pc. (constraint file  auto generated constraint).
Applied set_property KEEP_HIERARCHY = SOFT for design_1_i/ps8_0_axi_periph/m05_couplers/auto_pc. (constraint file  auto generated constraint).
Applied set_property KEEP_HIERARCHY = SOFT for design_1_i/ps8_0_axi_periph. (constraint file  auto generated constraint).
Applied set_property KEEP_HIERARCHY = SOFT for design_1_i/rst_ps8_0_99M. (constraint file  auto generated constraint).
Applied set_property KEEP_HIERARCHY = SOFT for design_1_i/myip_0. (constraint file  auto generated constraint).
Applied set_property KEEP_HIERARCHY = SOFT for design_1_i/myip_v1_0_HLS_0. (constraint file  auto generated constraint).
Applied set_property KEEP_HIERARCHY = SOFT for design_1_i/axi_fifo_mm_s_1. (constraint file  auto generated constraint).
Applied set_property KEEP_HIERARCHY = SOFT for design_1_i/axi_timer_0. (constraint file  auto generated constraint).
Applied set_property KEEP_HIERARCHY = SOFT for design_1_i/myip_v1_unoptimized_0. (constraint file  auto generated constraint).
Applied set_property KEEP_HIERARCHY = SOFT for design_1_i/axi_fifo_mm_s_2. (constraint file  auto generated constraint).
---------------------------------------------------------------------------------
Finished applying 'set_property' XDC Constraints : Time (s): cpu = 00:00:22 ; elapsed = 00:00:23 . Memory (MB): peak = 2023.570 ; gain = 514.684
---------------------------------------------------------------------------------
---------------------------------------------------------------------------------
Finished RTL Optimization Phase 2 : Time (s): cpu = 00:00:22 ; elapsed = 00:00:24 . Memory (MB): peak = 2023.570 ; gain = 514.684
---------------------------------------------------------------------------------
---------------------------------------------------------------------------------
Start RTL Component Statistics 
---------------------------------------------------------------------------------
Detailed RTL Component Info : 
---------------------------------------------------------------------------------
Finished RTL Component Statistics 
---------------------------------------------------------------------------------
---------------------------------------------------------------------------------
Start Part Resource Summary
---------------------------------------------------------------------------------
Part Resources:
DSPs: 1248 (col length:96)
BRAMs: 288 (col length: RAMB18 96 RAMB36 48)
---------------------------------------------------------------------------------
Finished Part Resource Summary
---------------------------------------------------------------------------------
---------------------------------------------------------------------------------
Start Cross Boundary and Area Optimization
---------------------------------------------------------------------------------
WARNING: [Synth 8-7080] Parallel synthesis criteria is not met
WARNING: [Synth 8-7129] Port M00_ACLK in module design_1_ps8_0_axi_periph_0 is either unconnected or has no load
WARNING: [Synth 8-7129] Port M00_ARESETN in module design_1_ps8_0_axi_periph_0 is either unconnected or has no load
WARNING: [Synth 8-7129] Port M01_ACLK in module design_1_ps8_0_axi_periph_0 is either unconnected or has no load
WARNING: [Synth 8-7129] Port M01_ARESETN in module design_1_ps8_0_axi_periph_0 is either unconnected or has no load
WARNING: [Synth 8-7129] Port M02_ACLK in module design_1_ps8_0_axi_periph_0 is either unconnected or has no load
WARNING: [Synth 8-7129] Port M02_ARESETN in module design_1_ps8_0_axi_periph_0 is either unconnected or has no load
WARNING: [Synth 8-7129] Port M03_ACLK in module design_1_ps8_0_axi_periph_0 is either unconnected or has no load
WARNING: [Synth 8-7129] Port M03_ARESETN in module design_1_ps8_0_axi_periph_0 is either unconnected or has no load
WARNING: [Synth 8-7129] Port M04_ACLK in module design_1_ps8_0_axi_periph_0 is either unconnected or has no load
WARNING: [Synth 8-7129] Port M04_ARESETN in module design_1_ps8_0_axi_periph_0 is either unconnected or has no load
WARNING: [Synth 8-7129] Port M05_ACLK in module design_1_ps8_0_axi_periph_0 is either unconnected or has no load
WARNING: [Synth 8-7129] Port M05_ARESETN in module design_1_ps8_0_axi_periph_0 is either unconnected or has no load
INFO: [Common 17-14] Message 'Synth 8-7129' appears 100 times and further instances of the messages will be disabled. Use the Tcl command set_msg_config to change the current settings.
---------------------------------------------------------------------------------
Finished Cross Boundary and Area Optimization : Time (s): cpu = 00:00:24 ; elapsed = 00:00:26 . Memory (MB): peak = 2023.570 ; gain = 514.684
---------------------------------------------------------------------------------
---------------------------------------------------------------------------------
Start Applying XDC Timing Constraints
---------------------------------------------------------------------------------
---------------------------------------------------------------------------------
Finished Applying XDC Timing Constraints : Time (s): cpu = 00:00:38 ; elapsed = 00:00:42 . Memory (MB): peak = 2550.719 ; gain = 1041.832
---------------------------------------------------------------------------------
---------------------------------------------------------------------------------
Start Timing Optimization
---------------------------------------------------------------------------------
---------------------------------------------------------------------------------
Finished Timing Optimization : Time (s): cpu = 00:00:38 ; elapsed = 00:00:42 . Memory (MB): peak = 2550.719 ; gain = 1041.832
---------------------------------------------------------------------------------
---------------------------------------------------------------------------------
Start Technology Mapping
---------------------------------------------------------------------------------
---------------------------------------------------------------------------------
Finished Technology Mapping : Time (s): cpu = 00:00:38 ; elapsed = 00:00:42 . Memory (MB): peak = 2561.828 ; gain = 1052.941
---------------------------------------------------------------------------------
---------------------------------------------------------------------------------
Start IO Insertion
---------------------------------------------------------------------------------
---------------------------------------------------------------------------------
Start Flattening Before IO Insertion
---------------------------------------------------------------------------------
---------------------------------------------------------------------------------
Finished Flattening Before IO Insertion
---------------------------------------------------------------------------------
---------------------------------------------------------------------------------
Start Final Netlist Cleanup
---------------------------------------------------------------------------------
---------------------------------------------------------------------------------
Finished Final Netlist Cleanup
---------------------------------------------------------------------------------
---------------------------------------------------------------------------------
Finished IO Insertion : Time (s): cpu = 00:00:43 ; elapsed = 00:00:47 . Memory (MB): peak = 2576.582 ; gain = 1067.695
---------------------------------------------------------------------------------
---------------------------------------------------------------------------------
Start Renaming Generated Instances
---------------------------------------------------------------------------------
---------------------------------------------------------------------------------
Finished Renaming Generated Instances : Time (s): cpu = 00:00:43 ; elapsed = 00:00:47 . Memory (MB): peak = 2576.582 ; gain = 1067.695
---------------------------------------------------------------------------------
---------------------------------------------------------------------------------
Start Rebuilding User Hierarchy
---------------------------------------------------------------------------------
---------------------------------------------------------------------------------
Finished Rebuilding User Hierarchy : Time (s): cpu = 00:00:43 ; elapsed = 00:00:47 . Memory (MB): peak = 2576.582 ; gain = 1067.695
---------------------------------------------------------------------------------
---------------------------------------------------------------------------------
Start Renaming Generated Ports
---------------------------------------------------------------------------------
---------------------------------------------------------------------------------
Finished Renaming Generated Ports : Time (s): cpu = 00:00:43 ; elapsed = 00:00:47 . Memory (MB): peak = 2576.582 ; gain = 1067.695
---------------------------------------------------------------------------------
---------------------------------------------------------------------------------
Start Handling Custom Attributes
---------------------------------------------------------------------------------
---------------------------------------------------------------------------------
Finished Handling Custom Attributes : Time (s): cpu = 00:00:43 ; elapsed = 00:00:47 . Memory (MB): peak = 2576.582 ; gain = 1067.695
---------------------------------------------------------------------------------
---------------------------------------------------------------------------------
Start Renaming Generated Nets
---------------------------------------------------------------------------------
---------------------------------------------------------------------------------
Finished Renaming Generated Nets : Time (s): cpu = 00:00:43 ; elapsed = 00:00:47 . Memory (MB): peak = 2576.582 ; gain = 1067.695
---------------------------------------------------------------------------------
---------------------------------------------------------------------------------
Start Writing Synthesis Report
---------------------------------------------------------------------------------

Report BlackBoxes: 
+------+---------------------------------+----------+
|      |BlackBox name                    |Instances |
+------+---------------------------------+----------+
|1     |design_1_xbar_0                  |         1|
|2     |design_1_auto_pc_0               |         1|
|3     |design_1_auto_pc_1               |         1|
|4     |design_1_auto_pc_2               |         1|
|5     |design_1_auto_pc_3               |         1|
|6     |design_1_axi_fifo_mm_s_0_0       |         1|
|7     |design_1_axi_fifo_mm_s_0_1       |         1|
|8     |design_1_axi_fifo_mm_s_1_0       |         1|
|9     |design_1_axi_timer_0_0           |         1|
|10    |design_1_myip_0_0                |         1|
|11    |design_1_myip_v1_0_HLS_0_0       |         1|
|12    |design_1_myip_v1_unoptimized_0_0 |         1|
|13    |design_1_rst_ps8_0_99M_0         |         1|
|14    |design_1_zynq_ultra_ps_e_0_0     |         1|
+------+---------------------------------+----------+

Report Cell Usage: 
+------+-------------------------------+------+
|      |Cell                           |Count |
+------+-------------------------------+------+
|1     |design_1_auto_pc               |     4|
|5     |design_1_axi_fifo_mm_s_0       |     2|
|7     |design_1_axi_fifo_mm_s_1       |     1|
|8     |design_1_axi_timer_0           |     1|
|9     |design_1_myip_0                |     1|
|10    |design_1_myip_v1_0_HLS_0       |     1|
|11    |design_1_myip_v1_unoptimized_0 |     1|
|12    |design_1_rst_ps8_0_99M         |     1|
|13    |design_1_xbar                  |     1|
|14    |design_1_zynq_ultra_ps_e_0     |     1|
+------+-------------------------------+------+
---------------------------------------------------------------------------------
Finished Writing Synthesis Report : Time (s): cpu = 00:00:43 ; elapsed = 00:00:47 . Memory (MB): peak = 2576.582 ; gain = 1067.695
---------------------------------------------------------------------------------
Synthesis finished with 0 errors, 0 critical warnings and 17 warnings.
Synthesis Optimization Runtime : Time (s): cpu = 00:00:29 ; elapsed = 00:00:39 . Memory (MB): peak = 2576.582 ; gain = 1056.770
Synthesis Optimization Complete : Time (s): cpu = 00:00:44 ; elapsed = 00:00:47 . Memory (MB): peak = 2576.582 ; gain = 1067.695
INFO: [Project 1-571] Translating synthesized netlist
Netlist sorting complete. Time (s): cpu = 00:00:00 ; elapsed = 00:00:00.046 . Memory (MB): peak = 2576.582 ; gain = 0.000
INFO: [Project 1-570] Preparing netlist for logic optimization
INFO: [Opt 31-138] Pushed 0 inverter(s) to 0 load pin(s).
Netlist sorting complete. Time (s): cpu = 00:00:00 ; elapsed = 00:00:00 . Memory (MB): peak = 2624.566 ; gain = 0.000
INFO: [Project 1-111] Unisim Transformation Summary:
No Unisim elements were transformed.

The system cannot find the path specified.
Synth Design complete | Checksum: 78b939c6
INFO: [Common 17-83] Releasing license: Synthesis
75 Infos, 161 Warnings, 0 Critical Warnings and 0 Errors encountered.
synth_design completed successfully
synth_design: Time (s): cpu = 00:00:52 ; elapsed = 00:00:57 . Memory (MB): peak = 2629.570 ; gain = 2113.492
INFO: [Common 17-1381] The checkpoint 'C:/Users/sunil/VivadoProjects/EE4218Labs/Lab4/integrated_coprocessor_v1/integrated_coprocessor_v1.runs/synth_1/design_1_wrapper.dcp' has been generated.
INFO: [runtcl-4] Executing : report_utilization -file design_1_wrapper_utilization_synth.rpt -pb design_1_wrapper_utilization_synth.pb
INFO: [Common 17-206] Exiting Vivado at Wed Mar 19 15:07:11 2025...
