INFO: [VRFC 10-2263] Analyzing Verilog file "C:/Users/sunil/VivadoProjects/EE4218Labs/Lab4/integrated_coprocessor_v1/integrated_coprocessor_v1.sim/sim_1/synth/func/xsim/tb_MLP_NN_HDL_func_synth.v" into library xil_defaultlib
INFO: [VRFC 10-311] analyzing module design_1
INFO: [VRFC 10-311] analyzing module design_1_auto_pc_0
INFO: [VRFC 10-311] analyzing module design_1_auto_pc_0_axi_protocol_converter_v2_1_29_axi_protocol_converter
INFO: [VRFC 10-311] analyzing module design_1_auto_pc_0_axi_protocol_converter_v2_1_29_b2s
INFO: [VRFC 10-311] analyzing module design_1_auto_pc_0_axi_protocol_converter_v2_1_29_b2s_ar_channel
INFO: [VRFC 10-311] analyzing module design_1_auto_pc_0_axi_protocol_converter_v2_1_29_b2s_aw_channel
INFO: [VRFC 10-311] analyzing module design_1_auto_pc_0_axi_protocol_converter_v2_1_29_b2s_b_channel
INFO: [VRFC 10-311] analyzing module design_1_auto_pc_0_axi_protocol_converter_v2_1_29_b2s_cmd_translator
INFO: [VRFC 10-311] analyzing module design_1_auto_pc_0_axi_protocol_converter_v2_1_29_b2s_cmd_translator_1
INFO: [VRFC 10-311] analyzing module design_1_auto_pc_0_axi_protocol_converter_v2_1_29_b2s_incr_cmd
INFO: [VRFC 10-311] analyzing module design_1_auto_pc_0_axi_protocol_converter_v2_1_29_b2s_incr_cmd_2
INFO: [VRFC 10-311] analyzing module design_1_auto_pc_0_axi_protocol_converter_v2_1_29_b2s_r_channel
INFO: [VRFC 10-311] analyzing module design_1_auto_pc_0_axi_protocol_converter_v2_1_29_b2s_rd_cmd_fsm
INFO: [VRFC 10-311] analyzing module design_1_auto_pc_0_axi_protocol_converter_v2_1_29_b2s_simple_fifo
INFO: [VRFC 10-311] analyzing module design_1_auto_pc_0_axi_protocol_converter_v2_1_29_b2s_simple_fifo__parameterized0
INFO: [VRFC 10-311] analyzing module design_1_auto_pc_0_axi_protocol_converter_v2_1_29_b2s_simple_fifo__parameterized1
INFO: [VRFC 10-311] analyzing module design_1_auto_pc_0_axi_protocol_converter_v2_1_29_b2s_simple_fifo__parameterized2
INFO: [VRFC 10-311] analyzing module design_1_auto_pc_0_axi_protocol_converter_v2_1_29_b2s_wr_cmd_fsm
INFO: [VRFC 10-311] analyzing module design_1_auto_pc_0_axi_protocol_converter_v2_1_29_b2s_wrap_cmd
INFO: [VRFC 10-311] analyzing module design_1_auto_pc_0_axi_protocol_converter_v2_1_29_b2s_wrap_cmd_3
INFO: [VRFC 10-311] analyzing module design_1_auto_pc_0_axi_register_slice_v2_1_29_axi_register_slice
INFO: [VRFC 10-311] analyzing module design_1_auto_pc_0_axi_register_slice_v2_1_29_axic_register_slice
INFO: [VRFC 10-311] analyzing module design_1_auto_pc_0_axi_register_slice_v2_1_29_axic_register_slice_0
INFO: [VRFC 10-311] analyzing module design_1_auto_pc_0_axi_register_slice_v2_1_29_axic_register_slice__parameterized1
INFO: [VRFC 10-311] analyzing module design_1_auto_pc_0_axi_register_slice_v2_1_29_axic_register_slice__parameterized2
INFO: [VRFC 10-311] analyzing module design_1_auto_pc_1
INFO: [VRFC 10-311] analyzing module design_1_auto_pc_1_axi_protocol_converter_v2_1_29_axi_protocol_converter
INFO: [VRFC 10-311] analyzing module design_1_auto_pc_1_axi_protocol_converter_v2_1_29_b2s
INFO: [VRFC 10-311] analyzing module design_1_auto_pc_1_axi_protocol_converter_v2_1_29_b2s_ar_channel
INFO: [VRFC 10-311] analyzing module design_1_auto_pc_1_axi_protocol_converter_v2_1_29_b2s_aw_channel
INFO: [VRFC 10-311] analyzing module design_1_auto_pc_1_axi_protocol_converter_v2_1_29_b2s_b_channel
INFO: [VRFC 10-311] analyzing module design_1_auto_pc_1_axi_protocol_converter_v2_1_29_b2s_cmd_translator
INFO: [VRFC 10-311] analyzing module design_1_auto_pc_1_axi_protocol_converter_v2_1_29_b2s_cmd_translator_1
INFO: [VRFC 10-311] analyzing module design_1_auto_pc_1_axi_protocol_converter_v2_1_29_b2s_incr_cmd
INFO: [VRFC 10-311] analyzing module design_1_auto_pc_1_axi_protocol_converter_v2_1_29_b2s_incr_cmd_2
INFO: [VRFC 10-311] analyzing module design_1_auto_pc_1_axi_protocol_converter_v2_1_29_b2s_r_channel
INFO: [VRFC 10-311] analyzing module design_1_auto_pc_1_axi_protocol_converter_v2_1_29_b2s_rd_cmd_fsm
INFO: [VRFC 10-311] analyzing module design_1_auto_pc_1_axi_protocol_converter_v2_1_29_b2s_simple_fifo
INFO: [VRFC 10-311] analyzing module design_1_auto_pc_1_axi_protocol_converter_v2_1_29_b2s_simple_fifo__parameterized0
INFO: [VRFC 10-311] analyzing module design_1_auto_pc_1_axi_protocol_converter_v2_1_29_b2s_simple_fifo__parameterized1
INFO: [VRFC 10-311] analyzing module design_1_auto_pc_1_axi_protocol_converter_v2_1_29_b2s_simple_fifo__parameterized2
INFO: [VRFC 10-311] analyzing module design_1_auto_pc_1_axi_protocol_converter_v2_1_29_b2s_wr_cmd_fsm
INFO: [VRFC 10-311] analyzing module design_1_auto_pc_1_axi_protocol_converter_v2_1_29_b2s_wrap_cmd
INFO: [VRFC 10-311] analyzing module design_1_auto_pc_1_axi_protocol_converter_v2_1_29_b2s_wrap_cmd_3
INFO: [VRFC 10-311] analyzing module design_1_auto_pc_1_axi_register_slice_v2_1_29_axi_register_slice
INFO: [VRFC 10-311] analyzing module design_1_auto_pc_1_axi_register_slice_v2_1_29_axic_register_slice
INFO: [VRFC 10-311] analyzing module design_1_auto_pc_1_axi_register_slice_v2_1_29_axic_register_slice_0
INFO: [VRFC 10-311] analyzing module design_1_auto_pc_1_axi_register_slice_v2_1_29_axic_register_slice__parameterized1
INFO: [VRFC 10-311] analyzing module design_1_auto_pc_1_axi_register_slice_v2_1_29_axic_register_slice__parameterized2
INFO: [VRFC 10-311] analyzing module design_1_auto_pc_2
INFO: [VRFC 10-311] analyzing module design_1_auto_pc_2_axi_protocol_converter_v2_1_29_axi_protocol_converter
INFO: [VRFC 10-311] analyzing module design_1_auto_pc_2_axi_protocol_converter_v2_1_29_b2s
INFO: [VRFC 10-311] analyzing module design_1_auto_pc_2_axi_protocol_converter_v2_1_29_b2s_ar_channel
INFO: [VRFC 10-311] analyzing module design_1_auto_pc_2_axi_protocol_converter_v2_1_29_b2s_aw_channel
INFO: [VRFC 10-311] analyzing module design_1_auto_pc_2_axi_protocol_converter_v2_1_29_b2s_b_channel
INFO: [VRFC 10-311] analyzing module design_1_auto_pc_2_axi_protocol_converter_v2_1_29_b2s_cmd_translator
INFO: [VRFC 10-311] analyzing module design_1_auto_pc_2_axi_protocol_converter_v2_1_29_b2s_cmd_translator_1
INFO: [VRFC 10-311] analyzing module design_1_auto_pc_2_axi_protocol_converter_v2_1_29_b2s_incr_cmd
INFO: [VRFC 10-311] analyzing module design_1_auto_pc_2_axi_protocol_converter_v2_1_29_b2s_incr_cmd_2
INFO: [VRFC 10-311] analyzing module design_1_auto_pc_2_axi_protocol_converter_v2_1_29_b2s_r_channel
INFO: [VRFC 10-311] analyzing module design_1_auto_pc_2_axi_protocol_converter_v2_1_29_b2s_rd_cmd_fsm
INFO: [VRFC 10-311] analyzing module design_1_auto_pc_2_axi_protocol_converter_v2_1_29_b2s_simple_fifo
INFO: [VRFC 10-311] analyzing module design_1_auto_pc_2_axi_protocol_converter_v2_1_29_b2s_simple_fifo__parameterized0
INFO: [VRFC 10-311] analyzing module design_1_auto_pc_2_axi_protocol_converter_v2_1_29_b2s_simple_fifo__parameterized1
INFO: [VRFC 10-311] analyzing module design_1_auto_pc_2_axi_protocol_converter_v2_1_29_b2s_simple_fifo__parameterized2
INFO: [VRFC 10-311] analyzing module design_1_auto_pc_2_axi_protocol_converter_v2_1_29_b2s_wr_cmd_fsm
INFO: [VRFC 10-311] analyzing module design_1_auto_pc_2_axi_protocol_converter_v2_1_29_b2s_wrap_cmd
INFO: [VRFC 10-311] analyzing module design_1_auto_pc_2_axi_protocol_converter_v2_1_29_b2s_wrap_cmd_3
INFO: [VRFC 10-311] analyzing module design_1_auto_pc_2_axi_register_slice_v2_1_29_axi_register_slice
INFO: [VRFC 10-311] analyzing module design_1_auto_pc_2_axi_register_slice_v2_1_29_axic_register_slice
INFO: [VRFC 10-311] analyzing module design_1_auto_pc_2_axi_register_slice_v2_1_29_axic_register_slice_0
INFO: [VRFC 10-311] analyzing module design_1_auto_pc_2_axi_register_slice_v2_1_29_axic_register_slice__parameterized1
INFO: [VRFC 10-311] analyzing module design_1_auto_pc_2_axi_register_slice_v2_1_29_axic_register_slice__parameterized2
INFO: [VRFC 10-311] analyzing module design_1_auto_pc_3
INFO: [VRFC 10-311] analyzing module design_1_auto_pc_3_axi_protocol_converter_v2_1_29_axi_protocol_converter
INFO: [VRFC 10-311] analyzing module design_1_auto_pc_3_axi_protocol_converter_v2_1_29_b2s
INFO: [VRFC 10-311] analyzing module design_1_auto_pc_3_axi_protocol_converter_v2_1_29_b2s_ar_channel
INFO: [VRFC 10-311] analyzing module design_1_auto_pc_3_axi_protocol_converter_v2_1_29_b2s_aw_channel
INFO: [VRFC 10-311] analyzing module design_1_auto_pc_3_axi_protocol_converter_v2_1_29_b2s_b_channel
INFO: [VRFC 10-311] analyzing module design_1_auto_pc_3_axi_protocol_converter_v2_1_29_b2s_cmd_translator
INFO: [VRFC 10-311] analyzing module design_1_auto_pc_3_axi_protocol_converter_v2_1_29_b2s_cmd_translator_1
INFO: [VRFC 10-311] analyzing module design_1_auto_pc_3_axi_protocol_converter_v2_1_29_b2s_incr_cmd
INFO: [VRFC 10-311] analyzing module design_1_auto_pc_3_axi_protocol_converter_v2_1_29_b2s_incr_cmd_2
INFO: [VRFC 10-311] analyzing module design_1_auto_pc_3_axi_protocol_converter_v2_1_29_b2s_r_channel
INFO: [VRFC 10-311] analyzing module design_1_auto_pc_3_axi_protocol_converter_v2_1_29_b2s_rd_cmd_fsm
INFO: [VRFC 10-311] analyzing module design_1_auto_pc_3_axi_protocol_converter_v2_1_29_b2s_simple_fifo
INFO: [VRFC 10-311] analyzing module design_1_auto_pc_3_axi_protocol_converter_v2_1_29_b2s_simple_fifo__parameterized0
INFO: [VRFC 10-311] analyzing module design_1_auto_pc_3_axi_protocol_converter_v2_1_29_b2s_simple_fifo__parameterized1
INFO: [VRFC 10-311] analyzing module design_1_auto_pc_3_axi_protocol_converter_v2_1_29_b2s_simple_fifo__parameterized2
INFO: [VRFC 10-311] analyzing module design_1_auto_pc_3_axi_protocol_converter_v2_1_29_b2s_wr_cmd_fsm
INFO: [VRFC 10-311] analyzing module design_1_auto_pc_3_axi_protocol_converter_v2_1_29_b2s_wrap_cmd
INFO: [VRFC 10-311] analyzing module design_1_auto_pc_3_axi_protocol_converter_v2_1_29_b2s_wrap_cmd_3
INFO: [VRFC 10-311] analyzing module design_1_auto_pc_3_axi_register_slice_v2_1_29_axi_register_slice
INFO: [VRFC 10-311] analyzing module design_1_auto_pc_3_axi_register_slice_v2_1_29_axic_register_slice
INFO: [VRFC 10-311] analyzing module design_1_auto_pc_3_axi_register_slice_v2_1_29_axic_register_slice_0
INFO: [VRFC 10-311] analyzing module design_1_auto_pc_3_axi_register_slice_v2_1_29_axic_register_slice__parameterized1
INFO: [VRFC 10-311] analyzing module design_1_auto_pc_3_axi_register_slice_v2_1_29_axic_register_slice__parameterized2
INFO: [VRFC 10-311] analyzing module design_1_axi_fifo_mm_s_0_0
INFO: [VRFC 10-311] analyzing module design_1_axi_fifo_mm_s_0_0_address_decoder
INFO: [VRFC 10-311] analyzing module design_1_axi_fifo_mm_s_0_0_axi_fifo_mm_s
INFO: [VRFC 10-311] analyzing module design_1_axi_fifo_mm_s_0_0_axi_lite_ipif
INFO: [VRFC 10-311] analyzing module design_1_axi_fifo_mm_s_0_0_axi_read_fsm
INFO: [VRFC 10-311] analyzing module design_1_axi_fifo_mm_s_0_0_axi_read_wrapper
INFO: [VRFC 10-311] analyzing module design_1_axi_fifo_mm_s_0_0_axi_wrapper
INFO: [VRFC 10-311] analyzing module design_1_axi_fifo_mm_s_0_0_axi_write_fsm
INFO: [VRFC 10-311] analyzing module design_1_axi_fifo_mm_s_0_0_axi_write_wrapper
INFO: [VRFC 10-311] analyzing module design_1_axi_fifo_mm_s_0_0_axis_fg
INFO: [VRFC 10-311] analyzing module design_1_axi_fifo_mm_s_0_0_axis_fg__parameterized0
INFO: [VRFC 10-311] analyzing module design_1_axi_fifo_mm_s_0_0_fifo
INFO: [VRFC 10-311] analyzing module design_1_axi_fifo_mm_s_0_0_fifo__parameterized0
INFO: [VRFC 10-311] analyzing module design_1_axi_fifo_mm_s_0_0_ipic2axi_s
INFO: [VRFC 10-311] analyzing module design_1_axi_fifo_mm_s_0_0_pselect_f
INFO: [VRFC 10-311] analyzing module design_1_axi_fifo_mm_s_0_0_pselect_f__parameterized0
INFO: [VRFC 10-311] analyzing module design_1_axi_fifo_mm_s_0_0_pselect_f__parameterized1
INFO: [VRFC 10-311] analyzing module design_1_axi_fifo_mm_s_0_0_pselect_f__parameterized10
INFO: [VRFC 10-311] analyzing module design_1_axi_fifo_mm_s_0_0_pselect_f__parameterized11
INFO: [VRFC 10-311] analyzing module design_1_axi_fifo_mm_s_0_0_pselect_f__parameterized12
INFO: [VRFC 10-311] analyzing module design_1_axi_fifo_mm_s_0_0_pselect_f__parameterized13
INFO: [VRFC 10-311] analyzing module design_1_axi_fifo_mm_s_0_0_pselect_f__parameterized14
INFO: [VRFC 10-311] analyzing module design_1_axi_fifo_mm_s_0_0_pselect_f__parameterized15
INFO: [VRFC 10-311] analyzing module design_1_axi_fifo_mm_s_0_0_pselect_f__parameterized16
INFO: [VRFC 10-311] analyzing module design_1_axi_fifo_mm_s_0_0_pselect_f__parameterized17
INFO: [VRFC 10-311] analyzing module design_1_axi_fifo_mm_s_0_0_pselect_f__parameterized18
INFO: [VRFC 10-311] analyzing module design_1_axi_fifo_mm_s_0_0_pselect_f__parameterized19
INFO: [VRFC 10-311] analyzing module design_1_axi_fifo_mm_s_0_0_pselect_f__parameterized3
INFO: [VRFC 10-311] analyzing module design_1_axi_fifo_mm_s_0_0_pselect_f__parameterized4
INFO: [VRFC 10-311] analyzing module design_1_axi_fifo_mm_s_0_0_pselect_f__parameterized5
INFO: [VRFC 10-311] analyzing module design_1_axi_fifo_mm_s_0_0_pselect_f__parameterized6
INFO: [VRFC 10-311] analyzing module design_1_axi_fifo_mm_s_0_0_pselect_f__parameterized7
INFO: [VRFC 10-311] analyzing module design_1_axi_fifo_mm_s_0_0_pselect_f__parameterized8
INFO: [VRFC 10-311] analyzing module design_1_axi_fifo_mm_s_0_0_pselect_f__parameterized9
INFO: [VRFC 10-311] analyzing module design_1_axi_fifo_mm_s_0_0_slave_attachment
INFO: [VRFC 10-311] analyzing module design_1_axi_fifo_mm_s_0_0_xpm_cdc_sync_rst
INFO: [VRFC 10-311] analyzing module design_1_axi_fifo_mm_s_0_0_xpm_cdc_sync_rst__2
INFO: [VRFC 10-311] analyzing module design_1_axi_fifo_mm_s_0_0_xpm_counter_updn__parameterized0
INFO: [VRFC 10-311] analyzing module design_1_axi_fifo_mm_s_0_0_xpm_counter_updn__parameterized1
INFO: [VRFC 10-311] analyzing module design_1_axi_fifo_mm_s_0_0_xpm_counter_updn__parameterized1_2
INFO: [VRFC 10-311] analyzing module design_1_axi_fifo_mm_s_0_0_xpm_counter_updn__parameterized2
INFO: [VRFC 10-311] analyzing module design_1_axi_fifo_mm_s_0_0_xpm_counter_updn__parameterized2_0
INFO: [VRFC 10-311] analyzing module design_1_axi_fifo_mm_s_0_0_xpm_counter_updn__parameterized3
INFO: [VRFC 10-311] analyzing module design_1_axi_fifo_mm_s_0_0_xpm_counter_updn__parameterized3_1
INFO: [VRFC 10-311] analyzing module design_1_axi_fifo_mm_s_0_0_xpm_counter_updn__parameterized4
INFO: [VRFC 10-311] analyzing module design_1_axi_fifo_mm_s_0_0_xpm_counter_updn__parameterized4_4
INFO: [VRFC 10-311] analyzing module design_1_axi_fifo_mm_s_0_0_xpm_counter_updn__parameterized5
INFO: [VRFC 10-311] analyzing module design_1_axi_fifo_mm_s_0_0_xpm_counter_updn__parameterized5_5
INFO: [VRFC 10-311] analyzing module design_1_axi_fifo_mm_s_0_0_xpm_counter_updn__parameterized7
INFO: [VRFC 10-311] analyzing module design_1_axi_fifo_mm_s_0_0_xpm_counter_updn__parameterized7_8
INFO: [VRFC 10-311] analyzing module design_1_axi_fifo_mm_s_0_0_xpm_counter_updn__parameterized8
INFO: [VRFC 10-311] analyzing module design_1_axi_fifo_mm_s_0_0_xpm_counter_updn__parameterized8_9
INFO: [VRFC 10-311] analyzing module design_1_axi_fifo_mm_s_0_0_xpm_fifo_axis
INFO: [VRFC 10-311] analyzing module design_1_axi_fifo_mm_s_0_0_xpm_fifo_axis__parameterized1
INFO: [VRFC 10-311] analyzing module design_1_axi_fifo_mm_s_0_0_xpm_fifo_base
INFO: [VRFC 10-311] analyzing module design_1_axi_fifo_mm_s_0_0_xpm_fifo_base__parameterized0
INFO: [VRFC 10-311] analyzing module design_1_axi_fifo_mm_s_0_0_xpm_fifo_base__parameterized1
INFO: [VRFC 10-311] analyzing module design_1_axi_fifo_mm_s_0_0_xpm_fifo_reg_bit
INFO: [VRFC 10-311] analyzing module design_1_axi_fifo_mm_s_0_0_xpm_fifo_reg_bit_3
INFO: [VRFC 10-311] analyzing module design_1_axi_fifo_mm_s_0_0_xpm_fifo_reg_bit_7
INFO: [VRFC 10-311] analyzing module design_1_axi_fifo_mm_s_0_0_xpm_fifo_rst
INFO: [VRFC 10-311] analyzing module design_1_axi_fifo_mm_s_0_0_xpm_fifo_rst_10
INFO: [VRFC 10-311] analyzing module design_1_axi_fifo_mm_s_0_0_xpm_fifo_rst_6
INFO: [VRFC 10-311] analyzing module design_1_axi_fifo_mm_s_0_0_xpm_fifo_sync
INFO: [VRFC 10-311] analyzing module design_1_axi_fifo_mm_s_0_0_xpm_memory_base
INFO: [VRFC 10-311] analyzing module design_1_axi_fifo_mm_s_0_0_xpm_memory_base__parameterized0
INFO: [VRFC 10-311] analyzing module design_1_axi_fifo_mm_s_0_0_xpm_memory_base__parameterized1
INFO: [VRFC 10-311] analyzing module design_1_axi_fifo_mm_s_0_1
INFO: [VRFC 10-311] analyzing module design_1_axi_fifo_mm_s_0_1_address_decoder
INFO: [VRFC 10-311] analyzing module design_1_axi_fifo_mm_s_0_1_axi_fifo_mm_s
INFO: [VRFC 10-311] analyzing module design_1_axi_fifo_mm_s_0_1_axi_lite_ipif
INFO: [VRFC 10-311] analyzing module design_1_axi_fifo_mm_s_0_1_axi_read_fsm
INFO: [VRFC 10-311] analyzing module design_1_axi_fifo_mm_s_0_1_axi_read_wrapper
INFO: [VRFC 10-311] analyzing module design_1_axi_fifo_mm_s_0_1_axi_wrapper
INFO: [VRFC 10-311] analyzing module design_1_axi_fifo_mm_s_0_1_axi_write_fsm
INFO: [VRFC 10-311] analyzing module design_1_axi_fifo_mm_s_0_1_axi_write_wrapper
INFO: [VRFC 10-311] analyzing module design_1_axi_fifo_mm_s_0_1_axis_fg
INFO: [VRFC 10-311] analyzing module design_1_axi_fifo_mm_s_0_1_axis_fg__parameterized0
INFO: [VRFC 10-311] analyzing module design_1_axi_fifo_mm_s_0_1_fifo
INFO: [VRFC 10-311] analyzing module design_1_axi_fifo_mm_s_0_1_fifo__parameterized0
INFO: [VRFC 10-311] analyzing module design_1_axi_fifo_mm_s_0_1_ipic2axi_s
INFO: [VRFC 10-311] analyzing module design_1_axi_fifo_mm_s_0_1_pselect_f
INFO: [VRFC 10-311] analyzing module design_1_axi_fifo_mm_s_0_1_pselect_f__parameterized0
INFO: [VRFC 10-311] analyzing module design_1_axi_fifo_mm_s_0_1_pselect_f__parameterized1
INFO: [VRFC 10-311] analyzing module design_1_axi_fifo_mm_s_0_1_pselect_f__parameterized10
INFO: [VRFC 10-311] analyzing module design_1_axi_fifo_mm_s_0_1_pselect_f__parameterized11
INFO: [VRFC 10-311] analyzing module design_1_axi_fifo_mm_s_0_1_pselect_f__parameterized12
INFO: [VRFC 10-311] analyzing module design_1_axi_fifo_mm_s_0_1_pselect_f__parameterized13
INFO: [VRFC 10-311] analyzing module design_1_axi_fifo_mm_s_0_1_pselect_f__parameterized14
INFO: [VRFC 10-311] analyzing module design_1_axi_fifo_mm_s_0_1_pselect_f__parameterized15
INFO: [VRFC 10-311] analyzing module design_1_axi_fifo_mm_s_0_1_pselect_f__parameterized16
INFO: [VRFC 10-311] analyzing module design_1_axi_fifo_mm_s_0_1_pselect_f__parameterized17
INFO: [VRFC 10-311] analyzing module design_1_axi_fifo_mm_s_0_1_pselect_f__parameterized18
INFO: [VRFC 10-311] analyzing module design_1_axi_fifo_mm_s_0_1_pselect_f__parameterized19
INFO: [VRFC 10-311] analyzing module design_1_axi_fifo_mm_s_0_1_pselect_f__parameterized3
INFO: [VRFC 10-311] analyzing module design_1_axi_fifo_mm_s_0_1_pselect_f__parameterized4
INFO: [VRFC 10-311] analyzing module design_1_axi_fifo_mm_s_0_1_pselect_f__parameterized5
INFO: [VRFC 10-311] analyzing module design_1_axi_fifo_mm_s_0_1_pselect_f__parameterized6
INFO: [VRFC 10-311] analyzing module design_1_axi_fifo_mm_s_0_1_pselect_f__parameterized7
INFO: [VRFC 10-311] analyzing module design_1_axi_fifo_mm_s_0_1_pselect_f__parameterized8
INFO: [VRFC 10-311] analyzing module design_1_axi_fifo_mm_s_0_1_pselect_f__parameterized9
INFO: [VRFC 10-311] analyzing module design_1_axi_fifo_mm_s_0_1_slave_attachment
INFO: [VRFC 10-311] analyzing module design_1_axi_fifo_mm_s_0_1_xpm_cdc_sync_rst
INFO: [VRFC 10-311] analyzing module design_1_axi_fifo_mm_s_0_1_xpm_cdc_sync_rst__2
INFO: [VRFC 10-311] analyzing module design_1_axi_fifo_mm_s_0_1_xpm_counter_updn__parameterized0
INFO: [VRFC 10-311] analyzing module design_1_axi_fifo_mm_s_0_1_xpm_counter_updn__parameterized1
INFO: [VRFC 10-311] analyzing module design_1_axi_fifo_mm_s_0_1_xpm_counter_updn__parameterized1_2
INFO: [VRFC 10-311] analyzing module design_1_axi_fifo_mm_s_0_1_xpm_counter_updn__parameterized2
INFO: [VRFC 10-311] analyzing module design_1_axi_fifo_mm_s_0_1_xpm_counter_updn__parameterized2_0
INFO: [VRFC 10-311] analyzing module design_1_axi_fifo_mm_s_0_1_xpm_counter_updn__parameterized3
INFO: [VRFC 10-311] analyzing module design_1_axi_fifo_mm_s_0_1_xpm_counter_updn__parameterized3_1
INFO: [VRFC 10-311] analyzing module design_1_axi_fifo_mm_s_0_1_xpm_counter_updn__parameterized4
INFO: [VRFC 10-311] analyzing module design_1_axi_fifo_mm_s_0_1_xpm_counter_updn__parameterized4_4
INFO: [VRFC 10-311] analyzing module design_1_axi_fifo_mm_s_0_1_xpm_counter_updn__parameterized5
INFO: [VRFC 10-311] analyzing module design_1_axi_fifo_mm_s_0_1_xpm_counter_updn__parameterized5_5
INFO: [VRFC 10-311] analyzing module design_1_axi_fifo_mm_s_0_1_xpm_counter_updn__parameterized7
INFO: [VRFC 10-311] analyzing module design_1_axi_fifo_mm_s_0_1_xpm_counter_updn__parameterized7_8
INFO: [VRFC 10-311] analyzing module design_1_axi_fifo_mm_s_0_1_xpm_counter_updn__parameterized8
INFO: [VRFC 10-311] analyzing module design_1_axi_fifo_mm_s_0_1_xpm_counter_updn__parameterized8_9
INFO: [VRFC 10-311] analyzing module design_1_axi_fifo_mm_s_0_1_xpm_fifo_axis
INFO: [VRFC 10-311] analyzing module design_1_axi_fifo_mm_s_0_1_xpm_fifo_axis__parameterized1
INFO: [VRFC 10-311] analyzing module design_1_axi_fifo_mm_s_0_1_xpm_fifo_base
INFO: [VRFC 10-311] analyzing module design_1_axi_fifo_mm_s_0_1_xpm_fifo_base__parameterized0
INFO: [VRFC 10-311] analyzing module design_1_axi_fifo_mm_s_0_1_xpm_fifo_base__parameterized1
INFO: [VRFC 10-311] analyzing module design_1_axi_fifo_mm_s_0_1_xpm_fifo_reg_bit
INFO: [VRFC 10-311] analyzing module design_1_axi_fifo_mm_s_0_1_xpm_fifo_reg_bit_3
INFO: [VRFC 10-311] analyzing module design_1_axi_fifo_mm_s_0_1_xpm_fifo_reg_bit_7
INFO: [VRFC 10-311] analyzing module design_1_axi_fifo_mm_s_0_1_xpm_fifo_rst
INFO: [VRFC 10-311] analyzing module design_1_axi_fifo_mm_s_0_1_xpm_fifo_rst_10
INFO: [VRFC 10-311] analyzing module design_1_axi_fifo_mm_s_0_1_xpm_fifo_rst_6
INFO: [VRFC 10-311] analyzing module design_1_axi_fifo_mm_s_0_1_xpm_fifo_sync
INFO: [VRFC 10-311] analyzing module design_1_axi_fifo_mm_s_0_1_xpm_memory_base
INFO: [VRFC 10-311] analyzing module design_1_axi_fifo_mm_s_0_1_xpm_memory_base__parameterized0
INFO: [VRFC 10-311] analyzing module design_1_axi_fifo_mm_s_0_1_xpm_memory_base__parameterized1
INFO: [VRFC 10-311] analyzing module design_1_axi_fifo_mm_s_1_0
INFO: [VRFC 10-311] analyzing module design_1_axi_fifo_mm_s_1_0_address_decoder
INFO: [VRFC 10-311] analyzing module design_1_axi_fifo_mm_s_1_0_axi_fifo_mm_s
INFO: [VRFC 10-311] analyzing module design_1_axi_fifo_mm_s_1_0_axi_lite_ipif
INFO: [VRFC 10-311] analyzing module design_1_axi_fifo_mm_s_1_0_axi_read_fsm
INFO: [VRFC 10-311] analyzing module design_1_axi_fifo_mm_s_1_0_axi_read_wrapper
INFO: [VRFC 10-311] analyzing module design_1_axi_fifo_mm_s_1_0_axi_wrapper
INFO: [VRFC 10-311] analyzing module design_1_axi_fifo_mm_s_1_0_axi_write_fsm
INFO: [VRFC 10-311] analyzing module design_1_axi_fifo_mm_s_1_0_axi_write_wrapper
INFO: [VRFC 10-311] analyzing module design_1_axi_fifo_mm_s_1_0_axis_fg
INFO: [VRFC 10-311] analyzing module design_1_axi_fifo_mm_s_1_0_axis_fg__parameterized0
INFO: [VRFC 10-311] analyzing module design_1_axi_fifo_mm_s_1_0_fifo
INFO: [VRFC 10-311] analyzing module design_1_axi_fifo_mm_s_1_0_fifo__parameterized0
INFO: [VRFC 10-311] analyzing module design_1_axi_fifo_mm_s_1_0_ipic2axi_s
INFO: [VRFC 10-311] analyzing module design_1_axi_fifo_mm_s_1_0_pselect_f
INFO: [VRFC 10-311] analyzing module design_1_axi_fifo_mm_s_1_0_pselect_f__parameterized0
INFO: [VRFC 10-311] analyzing module design_1_axi_fifo_mm_s_1_0_pselect_f__parameterized1
INFO: [VRFC 10-311] analyzing module design_1_axi_fifo_mm_s_1_0_pselect_f__parameterized10
INFO: [VRFC 10-311] analyzing module design_1_axi_fifo_mm_s_1_0_pselect_f__parameterized11
INFO: [VRFC 10-311] analyzing module design_1_axi_fifo_mm_s_1_0_pselect_f__parameterized12
INFO: [VRFC 10-311] analyzing module design_1_axi_fifo_mm_s_1_0_pselect_f__parameterized13
INFO: [VRFC 10-311] analyzing module design_1_axi_fifo_mm_s_1_0_pselect_f__parameterized14
INFO: [VRFC 10-311] analyzing module design_1_axi_fifo_mm_s_1_0_pselect_f__parameterized15
INFO: [VRFC 10-311] analyzing module design_1_axi_fifo_mm_s_1_0_pselect_f__parameterized16
INFO: [VRFC 10-311] analyzing module design_1_axi_fifo_mm_s_1_0_pselect_f__parameterized17
INFO: [VRFC 10-311] analyzing module design_1_axi_fifo_mm_s_1_0_pselect_f__parameterized18
INFO: [VRFC 10-311] analyzing module design_1_axi_fifo_mm_s_1_0_pselect_f__parameterized19
INFO: [VRFC 10-311] analyzing module design_1_axi_fifo_mm_s_1_0_pselect_f__parameterized3
INFO: [VRFC 10-311] analyzing module design_1_axi_fifo_mm_s_1_0_pselect_f__parameterized4
INFO: [VRFC 10-311] analyzing module design_1_axi_fifo_mm_s_1_0_pselect_f__parameterized5
INFO: [VRFC 10-311] analyzing module design_1_axi_fifo_mm_s_1_0_pselect_f__parameterized6
INFO: [VRFC 10-311] analyzing module design_1_axi_fifo_mm_s_1_0_pselect_f__parameterized7
INFO: [VRFC 10-311] analyzing module design_1_axi_fifo_mm_s_1_0_pselect_f__parameterized8
INFO: [VRFC 10-311] analyzing module design_1_axi_fifo_mm_s_1_0_pselect_f__parameterized9
INFO: [VRFC 10-311] analyzing module design_1_axi_fifo_mm_s_1_0_slave_attachment
INFO: [VRFC 10-311] analyzing module design_1_axi_fifo_mm_s_1_0_xpm_cdc_sync_rst
INFO: [VRFC 10-311] analyzing module design_1_axi_fifo_mm_s_1_0_xpm_cdc_sync_rst__2
INFO: [VRFC 10-311] analyzing module design_1_axi_fifo_mm_s_1_0_xpm_counter_updn__parameterized0
INFO: [VRFC 10-311] analyzing module design_1_axi_fifo_mm_s_1_0_xpm_counter_updn__parameterized1
INFO: [VRFC 10-311] analyzing module design_1_axi_fifo_mm_s_1_0_xpm_counter_updn__parameterized1_2
INFO: [VRFC 10-311] analyzing module design_1_axi_fifo_mm_s_1_0_xpm_counter_updn__parameterized2
INFO: [VRFC 10-311] analyzing module design_1_axi_fifo_mm_s_1_0_xpm_counter_updn__parameterized2_0
INFO: [VRFC 10-311] analyzing module design_1_axi_fifo_mm_s_1_0_xpm_counter_updn__parameterized3
INFO: [VRFC 10-311] analyzing module design_1_axi_fifo_mm_s_1_0_xpm_counter_updn__parameterized3_1
INFO: [VRFC 10-311] analyzing module design_1_axi_fifo_mm_s_1_0_xpm_counter_updn__parameterized4
INFO: [VRFC 10-311] analyzing module design_1_axi_fifo_mm_s_1_0_xpm_counter_updn__parameterized4_4
INFO: [VRFC 10-311] analyzing module design_1_axi_fifo_mm_s_1_0_xpm_counter_updn__parameterized5
INFO: [VRFC 10-311] analyzing module design_1_axi_fifo_mm_s_1_0_xpm_counter_updn__parameterized5_5
INFO: [VRFC 10-311] analyzing module design_1_axi_fifo_mm_s_1_0_xpm_counter_updn__parameterized7
INFO: [VRFC 10-311] analyzing module design_1_axi_fifo_mm_s_1_0_xpm_counter_updn__parameterized7_8
INFO: [VRFC 10-311] analyzing module design_1_axi_fifo_mm_s_1_0_xpm_counter_updn__parameterized8
INFO: [VRFC 10-311] analyzing module design_1_axi_fifo_mm_s_1_0_xpm_counter_updn__parameterized8_9
INFO: [VRFC 10-311] analyzing module design_1_axi_fifo_mm_s_1_0_xpm_fifo_axis
INFO: [VRFC 10-311] analyzing module design_1_axi_fifo_mm_s_1_0_xpm_fifo_axis__parameterized1
INFO: [VRFC 10-311] analyzing module design_1_axi_fifo_mm_s_1_0_xpm_fifo_base
INFO: [VRFC 10-311] analyzing module design_1_axi_fifo_mm_s_1_0_xpm_fifo_base__parameterized0
INFO: [VRFC 10-311] analyzing module design_1_axi_fifo_mm_s_1_0_xpm_fifo_base__parameterized1
INFO: [VRFC 10-311] analyzing module design_1_axi_fifo_mm_s_1_0_xpm_fifo_reg_bit
INFO: [VRFC 10-311] analyzing module design_1_axi_fifo_mm_s_1_0_xpm_fifo_reg_bit_3
INFO: [VRFC 10-311] analyzing module design_1_axi_fifo_mm_s_1_0_xpm_fifo_reg_bit_7
INFO: [VRFC 10-311] analyzing module design_1_axi_fifo_mm_s_1_0_xpm_fifo_rst
INFO: [VRFC 10-311] analyzing module design_1_axi_fifo_mm_s_1_0_xpm_fifo_rst_10
INFO: [VRFC 10-311] analyzing module design_1_axi_fifo_mm_s_1_0_xpm_fifo_rst_6
INFO: [VRFC 10-311] analyzing module design_1_axi_fifo_mm_s_1_0_xpm_fifo_sync
INFO: [VRFC 10-311] analyzing module design_1_axi_fifo_mm_s_1_0_xpm_memory_base
INFO: [VRFC 10-311] analyzing module design_1_axi_fifo_mm_s_1_0_xpm_memory_base__parameterized0
INFO: [VRFC 10-311] analyzing module design_1_axi_fifo_mm_s_1_0_xpm_memory_base__parameterized1
INFO: [VRFC 10-311] analyzing module design_1_axi_timer_0_0
INFO: [VRFC 10-311] analyzing module design_1_axi_timer_0_0_address_decoder
INFO: [VRFC 10-311] analyzing module design_1_axi_timer_0_0_axi_lite_ipif
INFO: [VRFC 10-311] analyzing module design_1_axi_timer_0_0_axi_timer
INFO: [VRFC 10-311] analyzing module design_1_axi_timer_0_0_cdc_sync
INFO: [VRFC 10-311] analyzing module design_1_axi_timer_0_0_cdc_sync__1
INFO: [VRFC 10-311] analyzing module design_1_axi_timer_0_0_cdc_sync__2
INFO: [VRFC 10-311] analyzing module design_1_axi_timer_0_0_count_module
INFO: [VRFC 10-311] analyzing module design_1_axi_timer_0_0_counter_f
INFO: [VRFC 10-311] analyzing module design_1_axi_timer_0_0_mux_onehot_f
INFO: [VRFC 10-311] analyzing module design_1_axi_timer_0_0_pselect_f
INFO: [VRFC 10-311] analyzing module design_1_axi_timer_0_0_pselect_f__parameterized1
INFO: [VRFC 10-311] analyzing module design_1_axi_timer_0_0_pselect_f__parameterized3
INFO: [VRFC 10-311] analyzing module design_1_axi_timer_0_0_pselect_f__parameterized4
INFO: [VRFC 10-311] analyzing module design_1_axi_timer_0_0_pselect_f__parameterized5
INFO: [VRFC 10-311] analyzing module design_1_axi_timer_0_0_pselect_f__parameterized6
INFO: [VRFC 10-311] analyzing module design_1_axi_timer_0_0_slave_attachment
INFO: [VRFC 10-311] analyzing module design_1_axi_timer_0_0_tc_core
INFO: [VRFC 10-311] analyzing module design_1_axi_timer_0_0_timer_control
INFO: [VRFC 10-311] analyzing module design_1_myip_0_0
INFO: [VRFC 10-311] analyzing module design_1_myip_0_0_matrix_multiply
INFO: [VRFC 10-311] analyzing module design_1_myip_0_0_memory_RAM
INFO: [VRFC 10-311] analyzing module design_1_myip_0_0_memory_RAM__parameterized0
INFO: [VRFC 10-311] analyzing module design_1_myip_0_0_memory_RAM__parameterized1
INFO: [VRFC 10-311] analyzing module design_1_myip_0_0_myip_v1_0
INFO: [VRFC 10-311] analyzing module design_1_myip_v1_0_HLS_0_0
INFO: [VRFC 10-311] analyzing module design_1_myip_v1_0_HLS_0_0_myip_v1_0_HLS
INFO: [VRFC 10-311] analyzing module design_1_myip_v1_0_HLS_0_0_myip_v1_0_HLS_Block_entry68_proc2
INFO: [VRFC 10-311] analyzing module design_1_myip_v1_0_HLS_0_0_myip_v1_0_HLS_Block_for_end52_proc3
INFO: [VRFC 10-311] analyzing module design_1_myip_v1_0_HLS_0_0_myip_v1_0_HLS_Loop_VITIS_LOOP_92_3_proc
INFO: [VRFC 10-311] analyzing module design_1_myip_v1_0_HLS_0_0_myip_v1_0_HLS_fifo_w16_d2_S
INFO: [VRFC 10-311] analyzing module design_1_myip_v1_0_HLS_0_0_myip_v1_0_HLS_fifo_w16_d2_S_10
INFO: [VRFC 10-311] analyzing module design_1_myip_v1_0_HLS_0_0_myip_v1_0_HLS_fifo_w16_d2_S_11
INFO: [VRFC 10-311] analyzing module design_1_myip_v1_0_HLS_0_0_myip_v1_0_HLS_fifo_w16_d2_S_12
INFO: [VRFC 10-311] analyzing module design_1_myip_v1_0_HLS_0_0_myip_v1_0_HLS_fifo_w16_d2_S_13
INFO: [VRFC 10-311] analyzing module design_1_myip_v1_0_HLS_0_0_myip_v1_0_HLS_fifo_w16_d2_S_14
INFO: [VRFC 10-311] analyzing module design_1_myip_v1_0_HLS_0_0_myip_v1_0_HLS_fifo_w16_d2_S_8
INFO: [VRFC 10-311] analyzing module design_1_myip_v1_0_HLS_0_0_myip_v1_0_HLS_fifo_w16_d2_S_9
INFO: [VRFC 10-311] analyzing module design_1_myip_v1_0_HLS_0_0_myip_v1_0_HLS_fifo_w16_d2_S_ShiftReg
INFO: [VRFC 10-311] analyzing module design_1_myip_v1_0_HLS_0_0_myip_v1_0_HLS_fifo_w16_d2_S_ShiftReg_15
INFO: [VRFC 10-311] analyzing module design_1_myip_v1_0_HLS_0_0_myip_v1_0_HLS_fifo_w16_d2_S_ShiftReg_16
INFO: [VRFC 10-311] analyzing module design_1_myip_v1_0_HLS_0_0_myip_v1_0_HLS_fifo_w16_d2_S_ShiftReg_17
INFO: [VRFC 10-311] analyzing module design_1_myip_v1_0_HLS_0_0_myip_v1_0_HLS_fifo_w16_d2_S_ShiftReg_18
INFO: [VRFC 10-311] analyzing module design_1_myip_v1_0_HLS_0_0_myip_v1_0_HLS_fifo_w16_d2_S_ShiftReg_19
INFO: [VRFC 10-311] analyzing module design_1_myip_v1_0_HLS_0_0_myip_v1_0_HLS_fifo_w16_d2_S_ShiftReg_20
INFO: [VRFC 10-311] analyzing module design_1_myip_v1_0_HLS_0_0_myip_v1_0_HLS_fifo_w16_d2_S_ShiftReg_21
INFO: [VRFC 10-311] analyzing module design_1_myip_v1_0_HLS_0_0_myip_v1_0_HLS_fifo_w8_d64_S
INFO: [VRFC 10-311] analyzing module design_1_myip_v1_0_HLS_0_0_myip_v1_0_HLS_fifo_w8_d64_S_0
INFO: [VRFC 10-311] analyzing module design_1_myip_v1_0_HLS_0_0_myip_v1_0_HLS_fifo_w8_d64_S_1
INFO: [VRFC 10-311] analyzing module design_1_myip_v1_0_HLS_0_0_myip_v1_0_HLS_fifo_w8_d64_S_2
INFO: [VRFC 10-311] analyzing module design_1_myip_v1_0_HLS_0_0_myip_v1_0_HLS_fifo_w8_d64_S_3
INFO: [VRFC 10-311] analyzing module design_1_myip_v1_0_HLS_0_0_myip_v1_0_HLS_fifo_w8_d64_S_4
INFO: [VRFC 10-311] analyzing module design_1_myip_v1_0_HLS_0_0_myip_v1_0_HLS_fifo_w8_d64_S_5
INFO: [VRFC 10-311] analyzing module design_1_myip_v1_0_HLS_0_0_myip_v1_0_HLS_fifo_w8_d64_S_6
INFO: [VRFC 10-311] analyzing module design_1_myip_v1_0_HLS_0_0_myip_v1_0_HLS_fifo_w8_d64_S_7
INFO: [VRFC 10-311] analyzing module design_1_myip_v1_0_HLS_0_0_myip_v1_0_HLS_fifo_w8_d64_S_ShiftReg
INFO: [VRFC 10-311] analyzing module design_1_myip_v1_0_HLS_0_0_myip_v1_0_HLS_fifo_w8_d64_S_ShiftReg_29
INFO: [VRFC 10-311] analyzing module design_1_myip_v1_0_HLS_0_0_myip_v1_0_HLS_fifo_w8_d64_S_ShiftReg_30
INFO: [VRFC 10-311] analyzing module design_1_myip_v1_0_HLS_0_0_myip_v1_0_HLS_fifo_w8_d64_S_ShiftReg_31
INFO: [VRFC 10-311] analyzing module design_1_myip_v1_0_HLS_0_0_myip_v1_0_HLS_fifo_w8_d64_S_ShiftReg_32
INFO: [VRFC 10-311] analyzing module design_1_myip_v1_0_HLS_0_0_myip_v1_0_HLS_fifo_w8_d64_S_ShiftReg_33
INFO: [VRFC 10-311] analyzing module design_1_myip_v1_0_HLS_0_0_myip_v1_0_HLS_fifo_w8_d64_S_ShiftReg_34
INFO: [VRFC 10-311] analyzing module design_1_myip_v1_0_HLS_0_0_myip_v1_0_HLS_fifo_w8_d64_S_ShiftReg_35
INFO: [VRFC 10-311] analyzing module design_1_myip_v1_0_HLS_0_0_myip_v1_0_HLS_fifo_w8_d64_S_ShiftReg_36
INFO: [VRFC 10-311] analyzing module design_1_myip_v1_0_HLS_0_0_myip_v1_0_HLS_flow_control_loop_pipe
INFO: [VRFC 10-311] analyzing module design_1_myip_v1_0_HLS_0_0_myip_v1_0_HLS_mac_muladd_8ns_16s_16ns_16_4_1
INFO: [VRFC 10-311] analyzing module design_1_myip_v1_0_HLS_0_0_myip_v1_0_HLS_mac_muladd_8ns_16s_16ns_16_4_1_22
INFO: [VRFC 10-311] analyzing module design_1_myip_v1_0_HLS_0_0_myip_v1_0_HLS_mac_muladd_8ns_16s_16ns_16_4_1_23
INFO: [VRFC 10-311] analyzing module design_1_myip_v1_0_HLS_0_0_myip_v1_0_HLS_mac_muladd_8ns_16s_16ns_16_4_1_24
INFO: [VRFC 10-311] analyzing module design_1_myip_v1_0_HLS_0_0_myip_v1_0_HLS_mac_muladd_8ns_16s_16ns_16_4_1_DSP48_0
INFO: [VRFC 10-311] analyzing module design_1_myip_v1_0_HLS_0_0_myip_v1_0_HLS_mac_muladd_8ns_16s_16ns_16_4_1_DSP48_0_25
INFO: [VRFC 10-311] analyzing module design_1_myip_v1_0_HLS_0_0_myip_v1_0_HLS_mac_muladd_8ns_16s_16ns_16_4_1_DSP48_0_26
INFO: [VRFC 10-311] analyzing module design_1_myip_v1_0_HLS_0_0_myip_v1_0_HLS_mac_muladd_8ns_16s_16ns_16_4_1_DSP48_0_27
INFO: [VRFC 10-311] analyzing module design_1_myip_v1_0_HLS_0_0_myip_v1_0_HLS_regslice_both
INFO: [VRFC 10-311] analyzing module design_1_myip_v1_0_HLS_0_0_myip_v1_0_HLS_regslice_both_28
INFO: [VRFC 10-311] analyzing module design_1_myip_v1_0_HLS_0_0_myip_v1_0_HLS_regslice_both__parameterized1
INFO: [VRFC 10-311] analyzing module design_1_myip_v1_0_HLS_0_0_myip_v1_0_HLS_start_for_Block_for_end52_proc3_U0
INFO: [VRFC 10-311] analyzing module design_1_myip_v1_unoptimized_0_0
INFO: [VRFC 10-311] analyzing module design_1_myip_v1_unoptimized_0_0_myip_v1_unoptimized_HLS
INFO: [VRFC 10-311] analyzing module design_1_myip_v1_unoptimized_0_0_myip_v1_unoptimized_HLS_A_RAM_AUTO_1R1W
INFO: [VRFC 10-311] analyzing module design_1_myip_v1_unoptimized_0_0_myip_v1_unoptimized_HLS_A_RAM_AUTO_1R1W_0
INFO: [VRFC 10-311] analyzing module design_1_myip_v1_unoptimized_0_0_myip_v1_unoptimized_HLS_A_RAM_AUTO_1R1W_1
INFO: [VRFC 10-311] analyzing module design_1_myip_v1_unoptimized_0_0_myip_v1_unoptimized_HLS_A_RAM_AUTO_1R1W_2
INFO: [VRFC 10-311] analyzing module design_1_myip_v1_unoptimized_0_0_myip_v1_unoptimized_HLS_A_RAM_AUTO_1R1W_3
INFO: [VRFC 10-311] analyzing module design_1_myip_v1_unoptimized_0_0_myip_v1_unoptimized_HLS_A_RAM_AUTO_1R1W_4
INFO: [VRFC 10-311] analyzing module design_1_myip_v1_unoptimized_0_0_myip_v1_unoptimized_HLS_A_RAM_AUTO_1R1W_5
INFO: [VRFC 10-311] analyzing module design_1_myip_v1_unoptimized_0_0_myip_v1_unoptimized_HLS_A_RAM_AUTO_1R1W_6
INFO: [VRFC 10-311] analyzing module design_1_myip_v1_unoptimized_0_0_myip_v1_unoptimized_HLS_A_RAM_AUTO_1R1W_7
INFO: [VRFC 10-311] analyzing module design_1_myip_v1_unoptimized_0_0_myip_v1_unoptimized_HLS_flow_control_loop_pipe_sequential_init
INFO: [VRFC 10-311] analyzing module design_1_myip_v1_unoptimized_0_0_myip_v1_unoptimized_HLS_flow_control_loop_pipe_sequential_init_16
INFO: [VRFC 10-311] analyzing module design_1_myip_v1_unoptimized_0_0_myip_v1_unoptimized_HLS_flow_control_loop_pipe_sequential_init_17
INFO: [VRFC 10-311] analyzing module design_1_myip_v1_unoptimized_0_0_myip_v1_unoptimized_HLS_flow_control_loop_pipe_sequential_init_9
INFO: [VRFC 10-311] analyzing module design_1_myip_v1_unoptimized_0_0_myip_v1_unoptimized_HLS_mac_muladd_8ns_8ns_16ns_16_4_1
INFO: [VRFC 10-311] analyzing module design_1_myip_v1_unoptimized_0_0_myip_v1_unoptimized_HLS_mac_muladd_8ns_8ns_16ns_16_4_1_10
INFO: [VRFC 10-311] analyzing module design_1_myip_v1_unoptimized_0_0_myip_v1_unoptimized_HLS_mac_muladd_8ns_8ns_16ns_16_4_1_11
INFO: [VRFC 10-311] analyzing module design_1_myip_v1_unoptimized_0_0_myip_v1_unoptimized_HLS_mac_muladd_8ns_8ns_16ns_16_4_1_12
INFO: [VRFC 10-311] analyzing module design_1_myip_v1_unoptimized_0_0_myip_v1_unoptimized_HLS_mac_muladd_8ns_8ns_16ns_16_4_1_DSP48_0
INFO: [VRFC 10-311] analyzing module design_1_myip_v1_unoptimized_0_0_myip_v1_unoptimized_HLS_mac_muladd_8ns_8ns_16ns_16_4_1_DSP48_0_13
INFO: [VRFC 10-311] analyzing module design_1_myip_v1_unoptimized_0_0_myip_v1_unoptimized_HLS_mac_muladd_8ns_8ns_16ns_16_4_1_DSP48_0_14
INFO: [VRFC 10-311] analyzing module design_1_myip_v1_unoptimized_0_0_myip_v1_unoptimized_HLS_mac_muladd_8ns_8ns_16ns_16_4_1_DSP48_0_15
INFO: [VRFC 10-311] analyzing module design_1_myip_v1_unoptimized_0_0_myip_v1_unoptimized_HLS_myip_v1_unoptimized_HLS_Pipeline_VITIS_LOOP_59_1
INFO: [VRFC 10-311] analyzing module design_1_myip_v1_unoptimized_0_0_myip_v1_unoptimized_HLS_myip_v1_unoptimized_HLS_Pipeline_VITIS_LOOP_64_2
INFO: [VRFC 10-311] analyzing module design_1_myip_v1_unoptimized_0_0_myip_v1_unoptimized_HLS_myip_v1_unoptimized_HLS_Pipeline_VITIS_LOOP_70_3
INFO: [VRFC 10-311] analyzing module design_1_myip_v1_unoptimized_0_0_myip_v1_unoptimized_HLS_myip_v1_unoptimized_HLS_Pipeline_VITIS_LOOP_81_6
INFO: [VRFC 10-311] analyzing module design_1_myip_v1_unoptimized_0_0_myip_v1_unoptimized_HLS_regslice_both
INFO: [VRFC 10-311] analyzing module design_1_myip_v1_unoptimized_0_0_myip_v1_unoptimized_HLS_regslice_both_8
INFO: [VRFC 10-311] analyzing module design_1_myip_v1_unoptimized_0_0_myip_v1_unoptimized_HLS_regslice_both__parameterized1
INFO: [VRFC 10-311] analyzing module design_1_ps8_0_axi_periph_0
INFO: [VRFC 10-311] analyzing module design_1_rst_ps8_0_99M_0
INFO: [VRFC 10-311] analyzing module design_1_rst_ps8_0_99M_0_cdc_sync
INFO: [VRFC 10-311] analyzing module design_1_rst_ps8_0_99M_0_cdc_sync_0
INFO: [VRFC 10-311] analyzing module design_1_rst_ps8_0_99M_0_lpf
INFO: [VRFC 10-311] analyzing module design_1_rst_ps8_0_99M_0_proc_sys_reset
INFO: [VRFC 10-311] analyzing module design_1_rst_ps8_0_99M_0_sequence_psr
INFO: [VRFC 10-311] analyzing module design_1_rst_ps8_0_99M_0_upcnt_n
INFO: [VRFC 10-311] analyzing module design_1_wrapper
INFO: [VRFC 10-311] analyzing module design_1_xbar_0
INFO: [VRFC 10-311] analyzing module design_1_xbar_0_axi_crossbar_v2_1_30_addr_arbiter
INFO: [VRFC 10-311] analyzing module design_1_xbar_0_axi_crossbar_v2_1_30_addr_arbiter_0
INFO: [VRFC 10-311] analyzing module design_1_xbar_0_axi_crossbar_v2_1_30_arbiter_resp
INFO: [VRFC 10-311] analyzing module design_1_xbar_0_axi_crossbar_v2_1_30_arbiter_resp_11
INFO: [VRFC 10-311] analyzing module design_1_xbar_0_axi_crossbar_v2_1_30_axi_crossbar
INFO: [VRFC 10-311] analyzing module design_1_xbar_0_axi_crossbar_v2_1_30_crossbar
INFO: [VRFC 10-311] analyzing module design_1_xbar_0_axi_crossbar_v2_1_30_decerr_slave
INFO: [VRFC 10-311] analyzing module design_1_xbar_0_axi_crossbar_v2_1_30_si_transactor
INFO: [VRFC 10-311] analyzing module design_1_xbar_0_axi_crossbar_v2_1_30_si_transactor__parameterized0
INFO: [VRFC 10-311] analyzing module design_1_xbar_0_axi_crossbar_v2_1_30_splitter
INFO: [VRFC 10-311] analyzing module design_1_xbar_0_axi_crossbar_v2_1_30_splitter_8
INFO: [VRFC 10-311] analyzing module design_1_xbar_0_axi_crossbar_v2_1_30_wdata_router
INFO: [VRFC 10-311] analyzing module design_1_xbar_0_axi_data_fifo_v2_1_28_axic_reg_srl_fifo
INFO: [VRFC 10-311] analyzing module design_1_xbar_0_axi_data_fifo_v2_1_28_ndeep_srl__parameterized0
INFO: [VRFC 10-311] analyzing module design_1_xbar_0_axi_data_fifo_v2_1_28_ndeep_srl__parameterized0_10
INFO: [VRFC 10-311] analyzing module design_1_xbar_0_axi_data_fifo_v2_1_28_ndeep_srl__parameterized0_9
INFO: [VRFC 10-311] analyzing module design_1_xbar_0_axi_register_slice_v2_1_29_axi_register_slice
INFO: [VRFC 10-311] analyzing module design_1_xbar_0_axi_register_slice_v2_1_29_axi_register_slice_1
INFO: [VRFC 10-311] analyzing module design_1_xbar_0_axi_register_slice_v2_1_29_axi_register_slice_2
INFO: [VRFC 10-311] analyzing module design_1_xbar_0_axi_register_slice_v2_1_29_axi_register_slice_3
INFO: [VRFC 10-311] analyzing module design_1_xbar_0_axi_register_slice_v2_1_29_axi_register_slice_4
INFO: [VRFC 10-311] analyzing module design_1_xbar_0_axi_register_slice_v2_1_29_axi_register_slice_5
INFO: [VRFC 10-311] analyzing module design_1_xbar_0_axi_register_slice_v2_1_29_axi_register_slice_6
INFO: [VRFC 10-311] analyzing module design_1_xbar_0_axi_register_slice_v2_1_29_axi_register_slice_7
INFO: [VRFC 10-311] analyzing module design_1_xbar_0_axi_register_slice_v2_1_29_axic_register_slice__parameterized1
INFO: [VRFC 10-311] analyzing module design_1_xbar_0_axi_register_slice_v2_1_29_axic_register_slice__parameterized1_12
INFO: [VRFC 10-311] analyzing module design_1_xbar_0_axi_register_slice_v2_1_29_axic_register_slice__parameterized1_14
INFO: [VRFC 10-311] analyzing module design_1_xbar_0_axi_register_slice_v2_1_29_axic_register_slice__parameterized1_16
INFO: [VRFC 10-311] analyzing module design_1_xbar_0_axi_register_slice_v2_1_29_axic_register_slice__parameterized1_18
INFO: [VRFC 10-311] analyzing module design_1_xbar_0_axi_register_slice_v2_1_29_axic_register_slice__parameterized1_20
INFO: [VRFC 10-311] analyzing module design_1_xbar_0_axi_register_slice_v2_1_29_axic_register_slice__parameterized1_22
INFO: [VRFC 10-311] analyzing module design_1_xbar_0_axi_register_slice_v2_1_29_axic_register_slice__parameterized1_24
INFO: [VRFC 10-311] analyzing module design_1_xbar_0_axi_register_slice_v2_1_29_axic_register_slice__parameterized2
INFO: [VRFC 10-311] analyzing module design_1_xbar_0_axi_register_slice_v2_1_29_axic_register_slice__parameterized2_13
INFO: [VRFC 10-311] analyzing module design_1_xbar_0_axi_register_slice_v2_1_29_axic_register_slice__parameterized2_15
INFO: [VRFC 10-311] analyzing module design_1_xbar_0_axi_register_slice_v2_1_29_axic_register_slice__parameterized2_17
INFO: [VRFC 10-311] analyzing module design_1_xbar_0_axi_register_slice_v2_1_29_axic_register_slice__parameterized2_19
INFO: [VRFC 10-311] analyzing module design_1_xbar_0_axi_register_slice_v2_1_29_axic_register_slice__parameterized2_21
INFO: [VRFC 10-311] analyzing module design_1_xbar_0_axi_register_slice_v2_1_29_axic_register_slice__parameterized2_23
INFO: [VRFC 10-311] analyzing module design_1_xbar_0_axi_register_slice_v2_1_29_axic_register_slice__parameterized2_25
INFO: [VRFC 10-311] analyzing module design_1_zynq_ultra_ps_e_0_0
INFO: [VRFC 10-311] analyzing module design_1_zynq_ultra_ps_e_0_0_zynq_ultra_ps_e_v3_5_1_zynq_ultra_ps_e
INFO: [VRFC 10-311] analyzing module m00_couplers_imp_QJIMLI
INFO: [VRFC 10-311] analyzing module m02_couplers_imp_P3UMW5
INFO: [VRFC 10-311] analyzing module m04_couplers_imp_NB1YAO
INFO: [VRFC 10-311] analyzing module m05_couplers_imp_1FZ4A9T
INFO: [VRFC 10-311] analyzing module glbl
INFO: [VRFC 10-2263] Analyzing Verilog file "C:/Users/sunil/VivadoProjects/EE4218Labs/Lab4/integrated_coprocessor_v1/integrated_coprocessor_v1.srcs/sources_1/new/matrix_multiply.v" into library xil_defaultlib
INFO: [VRFC 10-311] analyzing module matrix_multiply_v2
INFO: [VRFC 10-2263] Analyzing Verilog file "C:/Users/sunil/VivadoProjects/EE4218Labs/Lab4/integrated_coprocessor_v1/integrated_coprocessor_v1.srcs/sources_1/new/matrix_multipy_res.v" into library xil_defaultlib
INFO: [VRFC 10-311] analyzing module matrix_multipy_res
INFO: [VRFC 10-2263] Analyzing Verilog file "C:/Users/sunil/VivadoProjects/EE4218Labs/Lab_1/memory_RAM.v" into library xil_defaultlib
INFO: [VRFC 10-311] analyzing module memory_RAM
INFO: [VRFC 10-2263] Analyzing Verilog file "C:/Users/sunil/VivadoProjects/EE4218Labs/Lab4/integrated_coprocessor_v1/integrated_coprocessor_v1.srcs/sources_1/new/myip_v1_1.v" into library xil_defaultlib
INFO: [VRFC 10-311] analyzing module myip_v1_1
INFO: [VRFC 10-2263] Analyzing Verilog file "C:/Users/sunil/VivadoProjects/EE4218Labs/Lab4/integrated_coprocessor_v1/integrated_coprocessor_v1.srcs/sim_1/new/tb_MLP_NN_HDL.v" into library xil_defaultlib
INFO: [VRFC 10-311] analyzing module tb_MLP_NN_HDL
