
*** Running vivado
    with args -log design_1_wrapper.vds -m64 -product Vivado -mode batch -messageDb vivado.pb -notrace -source design_1_wrapper.tcl


ECHO is off.
ECHO is off.

****** Vivado v2023.2 (64-bit)
  **** SW Build 4029153 on Fri Oct 13 20:14:34 MDT 2023
  **** IP Build 4028589 on Sat Oct 14 00:45:43 MDT 2023
  **** SharedData Build 4025554 on Tue Oct 10 17:18:54 MDT 2023
    ** Copyright 1986-2022 Xilinx, Inc. All Rights Reserved.
    ** Copyright 2022-2023 Advanced Micro Devices, Inc. All Rights Reserved.

source design_1_wrapper.tcl -notrace
create_project: Time (s): cpu = 00:00:06 ; elapsed = 00:00:07 . Memory (MB): peak = 459.941 ; gain = 181.641
INFO: [IP_Flow 19-234] Refreshing IP repositories
INFO: [IP_Flow 19-1700] Loaded user IP repository 'c:/Users/sunil/desktop/NUS/EE4218/EE4218_Labs_clone/Lab_3/ip_repo/myip_1_1'.
INFO: [IP_Flow 19-2313] Loaded Vivado IP repository 'C:/Xilinx/Vivado/2023.2/data/ip'.
WARNING: [IP_Flow 19-4995] The host OS only allows 260 characters in a normal path. The IP cache path is more than 80 characters. If you experience issues with IP caching, please consider changing the IP cache to a location with a shorter path. Alternately consider using the OS subst command to map part of the path to a drive letter. 
Current IP cache path is c:/Users/sunil/desktop/NUS/EE4218/EE4218_Labs_clone/Lab_3/integrated_coprocessor_v1/integrated_coprocessor_v1.cache/ip 
Command: synth_design -top design_1_wrapper -part xck26-sfvc784-2LV-c
Starting synth_design
Attempting to get a license for feature 'Synthesis' and/or device 'xck26'
INFO: [Common 17-349] Got license for feature 'Synthesis' and/or device 'xck26'
INFO: [Device 21-403] Loading part xck26-sfvc784-2LV-c
INFO: [Synth 8-7079] Multithreading enabled for synth_design using a maximum of 2 processes.
INFO: [Synth 8-7078] Launching helper process for spawning children vivado processes
INFO: [Synth 8-7075] Helper process launched with PID 25752
---------------------------------------------------------------------------------
Starting RTL Elaboration : Time (s): cpu = 00:00:06 ; elapsed = 00:00:07 . Memory (MB): peak = 1887.363 ; gain = 379.129
---------------------------------------------------------------------------------
INFO: [Synth 8-6157] synthesizing module 'design_1_wrapper' [c:/Users/sunil/desktop/NUS/EE4218/EE4218_Labs_clone/Lab_3/integrated_coprocessor_v1/integrated_coprocessor_v1.gen/sources_1/bd/design_1/hdl/design_1_wrapper.v:13]
INFO: [Synth 8-6157] synthesizing module 'design_1' [c:/Users/sunil/desktop/NUS/EE4218/EE4218_Labs_clone/Lab_3/integrated_coprocessor_v1/integrated_coprocessor_v1.gen/sources_1/bd/design_1/synth/design_1.v:13]
INFO: [Synth 8-6157] synthesizing module 'design_1_axi_fifo_mm_s_0_0' [C:/Users/sunil/desktop/NUS/EE4218/EE4218_Labs_clone/Lab_3/integrated_coprocessor_v1/integrated_coprocessor_v1.runs/synth_1/.Xil/Vivado-18904-LAPTOP-MBJHTN7L/realtime/design_1_axi_fifo_mm_s_0_0_stub.v:6]
INFO: [Synth 8-6155] done synthesizing module 'design_1_axi_fifo_mm_s_0_0' (0#1) [C:/Users/sunil/desktop/NUS/EE4218/EE4218_Labs_clone/Lab_3/integrated_coprocessor_v1/integrated_coprocessor_v1.runs/synth_1/.Xil/Vivado-18904-LAPTOP-MBJHTN7L/realtime/design_1_axi_fifo_mm_s_0_0_stub.v:6]
WARNING: [Synth 8-7071] port 'interrupt' of module 'design_1_axi_fifo_mm_s_0_0' is unconnected for instance 'axi_fifo_mm_s_0' [c:/Users/sunil/desktop/NUS/EE4218/EE4218_Labs_clone/Lab_3/integrated_coprocessor_v1/integrated_coprocessor_v1.gen/sources_1/bd/design_1/synth/design_1.v:120]
WARNING: [Synth 8-7071] port 'mm2s_prmry_reset_out_n' of module 'design_1_axi_fifo_mm_s_0_0' is unconnected for instance 'axi_fifo_mm_s_0' [c:/Users/sunil/desktop/NUS/EE4218/EE4218_Labs_clone/Lab_3/integrated_coprocessor_v1/integrated_coprocessor_v1.gen/sources_1/bd/design_1/synth/design_1.v:120]
WARNING: [Synth 8-7071] port 's2mm_prmry_reset_out_n' of module 'design_1_axi_fifo_mm_s_0_0' is unconnected for instance 'axi_fifo_mm_s_0' [c:/Users/sunil/desktop/NUS/EE4218/EE4218_Labs_clone/Lab_3/integrated_coprocessor_v1/integrated_coprocessor_v1.gen/sources_1/bd/design_1/synth/design_1.v:120]
WARNING: [Synth 8-7023] instance 'axi_fifo_mm_s_0' of module 'design_1_axi_fifo_mm_s_0_0' has 65 connections declared, but only 62 given [c:/Users/sunil/desktop/NUS/EE4218/EE4218_Labs_clone/Lab_3/integrated_coprocessor_v1/integrated_coprocessor_v1.gen/sources_1/bd/design_1/synth/design_1.v:120]
INFO: [Synth 8-6157] synthesizing module 'design_1_myip_0_0' [C:/Users/sunil/desktop/NUS/EE4218/EE4218_Labs_clone/Lab_3/integrated_coprocessor_v1/integrated_coprocessor_v1.runs/synth_1/.Xil/Vivado-18904-LAPTOP-MBJHTN7L/realtime/design_1_myip_0_0_stub.v:6]
INFO: [Synth 8-6155] done synthesizing module 'design_1_myip_0_0' (0#1) [C:/Users/sunil/desktop/NUS/EE4218/EE4218_Labs_clone/Lab_3/integrated_coprocessor_v1/integrated_coprocessor_v1.runs/synth_1/.Xil/Vivado-18904-LAPTOP-MBJHTN7L/realtime/design_1_myip_0_0_stub.v:6]
INFO: [Synth 8-6157] synthesizing module 'design_1_ps8_0_axi_periph_0' [c:/Users/sunil/desktop/NUS/EE4218/EE4218_Labs_clone/Lab_3/integrated_coprocessor_v1/integrated_coprocessor_v1.gen/sources_1/bd/design_1/synth/design_1.v:347]
INFO: [Synth 8-6157] synthesizing module 'm00_couplers_imp_QJIMLI' [c:/Users/sunil/desktop/NUS/EE4218/EE4218_Labs_clone/Lab_3/integrated_coprocessor_v1/integrated_coprocessor_v1.gen/sources_1/bd/design_1/synth/design_1.v:1149]
INFO: [Synth 8-6157] synthesizing module 'design_1_auto_pc_0' [C:/Users/sunil/desktop/NUS/EE4218/EE4218_Labs_clone/Lab_3/integrated_coprocessor_v1/integrated_coprocessor_v1.runs/synth_1/.Xil/Vivado-18904-LAPTOP-MBJHTN7L/realtime/design_1_auto_pc_0_stub.v:6]
INFO: [Synth 8-6155] done synthesizing module 'design_1_auto_pc_0' (0#1) [C:/Users/sunil/desktop/NUS/EE4218/EE4218_Labs_clone/Lab_3/integrated_coprocessor_v1/integrated_coprocessor_v1.runs/synth_1/.Xil/Vivado-18904-LAPTOP-MBJHTN7L/realtime/design_1_auto_pc_0_stub.v:6]
WARNING: [Synth 8-7071] port 'm_axi_awprot' of module 'design_1_auto_pc_0' is unconnected for instance 'auto_pc' [c:/Users/sunil/desktop/NUS/EE4218/EE4218_Labs_clone/Lab_3/integrated_coprocessor_v1/integrated_coprocessor_v1.gen/sources_1/bd/design_1/synth/design_1.v:1388]
WARNING: [Synth 8-7071] port 'm_axi_arprot' of module 'design_1_auto_pc_0' is unconnected for instance 'auto_pc' [c:/Users/sunil/desktop/NUS/EE4218/EE4218_Labs_clone/Lab_3/integrated_coprocessor_v1/integrated_coprocessor_v1.gen/sources_1/bd/design_1/synth/design_1.v:1388]
WARNING: [Synth 8-7023] instance 'auto_pc' of module 'design_1_auto_pc_0' has 60 connections declared, but only 58 given [c:/Users/sunil/desktop/NUS/EE4218/EE4218_Labs_clone/Lab_3/integrated_coprocessor_v1/integrated_coprocessor_v1.gen/sources_1/bd/design_1/synth/design_1.v:1388]
INFO: [Synth 8-6155] done synthesizing module 'm00_couplers_imp_QJIMLI' (0#1) [c:/Users/sunil/desktop/NUS/EE4218/EE4218_Labs_clone/Lab_3/integrated_coprocessor_v1/integrated_coprocessor_v1.gen/sources_1/bd/design_1/synth/design_1.v:1149]
INFO: [Synth 8-6157] synthesizing module 'm01_couplers_imp_1D3SAH3' [c:/Users/sunil/desktop/NUS/EE4218/EE4218_Labs_clone/Lab_3/integrated_coprocessor_v1/integrated_coprocessor_v1.gen/sources_1/bd/design_1/synth/design_1.v:1449]
INFO: [Synth 8-6155] done synthesizing module 'm01_couplers_imp_1D3SAH3' (0#1) [c:/Users/sunil/desktop/NUS/EE4218/EE4218_Labs_clone/Lab_3/integrated_coprocessor_v1/integrated_coprocessor_v1.gen/sources_1/bd/design_1/synth/design_1.v:1449]
INFO: [Synth 8-6157] synthesizing module 's00_couplers_imp_1A7ZMW4' [c:/Users/sunil/desktop/NUS/EE4218/EE4218_Labs_clone/Lab_3/integrated_coprocessor_v1/integrated_coprocessor_v1.gen/sources_1/bd/design_1/synth/design_1.v:1707]
INFO: [Synth 8-6155] done synthesizing module 's00_couplers_imp_1A7ZMW4' (0#1) [c:/Users/sunil/desktop/NUS/EE4218/EE4218_Labs_clone/Lab_3/integrated_coprocessor_v1/integrated_coprocessor_v1.gen/sources_1/bd/design_1/synth/design_1.v:1707]
INFO: [Synth 8-6157] synthesizing module 'design_1_xbar_0' [C:/Users/sunil/desktop/NUS/EE4218/EE4218_Labs_clone/Lab_3/integrated_coprocessor_v1/integrated_coprocessor_v1.runs/synth_1/.Xil/Vivado-18904-LAPTOP-MBJHTN7L/realtime/design_1_xbar_0_stub.v:6]
INFO: [Synth 8-6155] done synthesizing module 'design_1_xbar_0' (0#1) [C:/Users/sunil/desktop/NUS/EE4218/EE4218_Labs_clone/Lab_3/integrated_coprocessor_v1/integrated_coprocessor_v1.runs/synth_1/.Xil/Vivado-18904-LAPTOP-MBJHTN7L/realtime/design_1_xbar_0_stub.v:6]
WARNING: [Synth 8-689] width (4) of port connection 'm_axi_arqos' does not match port width (8) of module 'design_1_xbar_0' [c:/Users/sunil/desktop/NUS/EE4218/EE4218_Labs_clone/Lab_3/integrated_coprocessor_v1/integrated_coprocessor_v1.gen/sources_1/bd/design_1/synth/design_1.v:1076]
WARNING: [Synth 8-689] width (4) of port connection 'm_axi_arregion' does not match port width (8) of module 'design_1_xbar_0' [c:/Users/sunil/desktop/NUS/EE4218/EE4218_Labs_clone/Lab_3/integrated_coprocessor_v1/integrated_coprocessor_v1.gen/sources_1/bd/design_1/synth/design_1.v:1078]
WARNING: [Synth 8-689] width (4) of port connection 'm_axi_awqos' does not match port width (8) of module 'design_1_xbar_0' [c:/Users/sunil/desktop/NUS/EE4218/EE4218_Labs_clone/Lab_3/integrated_coprocessor_v1/integrated_coprocessor_v1.gen/sources_1/bd/design_1/synth/design_1.v:1088]
WARNING: [Synth 8-689] width (4) of port connection 'm_axi_awregion' does not match port width (8) of module 'design_1_xbar_0' [c:/Users/sunil/desktop/NUS/EE4218/EE4218_Labs_clone/Lab_3/integrated_coprocessor_v1/integrated_coprocessor_v1.gen/sources_1/bd/design_1/synth/design_1.v:1090]
WARNING: [Synth 8-7071] port 'm_axi_awuser' of module 'design_1_xbar_0' is unconnected for instance 'xbar' [c:/Users/sunil/desktop/NUS/EE4218/EE4218_Labs_clone/Lab_3/integrated_coprocessor_v1/integrated_coprocessor_v1.gen/sources_1/bd/design_1/synth/design_1.v:1066]
WARNING: [Synth 8-7071] port 'm_axi_aruser' of module 'design_1_xbar_0' is unconnected for instance 'xbar' [c:/Users/sunil/desktop/NUS/EE4218/EE4218_Labs_clone/Lab_3/integrated_coprocessor_v1/integrated_coprocessor_v1.gen/sources_1/bd/design_1/synth/design_1.v:1066]
WARNING: [Synth 8-7023] instance 'xbar' of module 'design_1_xbar_0' has 82 connections declared, but only 80 given [c:/Users/sunil/desktop/NUS/EE4218/EE4218_Labs_clone/Lab_3/integrated_coprocessor_v1/integrated_coprocessor_v1.gen/sources_1/bd/design_1/synth/design_1.v:1066]
INFO: [Synth 8-6155] done synthesizing module 'design_1_ps8_0_axi_periph_0' (0#1) [c:/Users/sunil/desktop/NUS/EE4218/EE4218_Labs_clone/Lab_3/integrated_coprocessor_v1/integrated_coprocessor_v1.gen/sources_1/bd/design_1/synth/design_1.v:347]
INFO: [Synth 8-6157] synthesizing module 'design_1_rst_ps8_0_99M_0' [C:/Users/sunil/desktop/NUS/EE4218/EE4218_Labs_clone/Lab_3/integrated_coprocessor_v1/integrated_coprocessor_v1.runs/synth_1/.Xil/Vivado-18904-LAPTOP-MBJHTN7L/realtime/design_1_rst_ps8_0_99M_0_stub.v:6]
INFO: [Synth 8-6155] done synthesizing module 'design_1_rst_ps8_0_99M_0' (0#1) [C:/Users/sunil/desktop/NUS/EE4218/EE4218_Labs_clone/Lab_3/integrated_coprocessor_v1/integrated_coprocessor_v1.runs/synth_1/.Xil/Vivado-18904-LAPTOP-MBJHTN7L/realtime/design_1_rst_ps8_0_99M_0_stub.v:6]
WARNING: [Synth 8-7071] port 'mb_reset' of module 'design_1_rst_ps8_0_99M_0' is unconnected for instance 'rst_ps8_0_99M' [c:/Users/sunil/desktop/NUS/EE4218/EE4218_Labs_clone/Lab_3/integrated_coprocessor_v1/integrated_coprocessor_v1.gen/sources_1/bd/design_1/synth/design_1.v:294]
WARNING: [Synth 8-7071] port 'bus_struct_reset' of module 'design_1_rst_ps8_0_99M_0' is unconnected for instance 'rst_ps8_0_99M' [c:/Users/sunil/desktop/NUS/EE4218/EE4218_Labs_clone/Lab_3/integrated_coprocessor_v1/integrated_coprocessor_v1.gen/sources_1/bd/design_1/synth/design_1.v:294]
WARNING: [Synth 8-7071] port 'peripheral_reset' of module 'design_1_rst_ps8_0_99M_0' is unconnected for instance 'rst_ps8_0_99M' [c:/Users/sunil/desktop/NUS/EE4218/EE4218_Labs_clone/Lab_3/integrated_coprocessor_v1/integrated_coprocessor_v1.gen/sources_1/bd/design_1/synth/design_1.v:294]
WARNING: [Synth 8-7071] port 'interconnect_aresetn' of module 'design_1_rst_ps8_0_99M_0' is unconnected for instance 'rst_ps8_0_99M' [c:/Users/sunil/desktop/NUS/EE4218/EE4218_Labs_clone/Lab_3/integrated_coprocessor_v1/integrated_coprocessor_v1.gen/sources_1/bd/design_1/synth/design_1.v:294]
WARNING: [Synth 8-7023] instance 'rst_ps8_0_99M' of module 'design_1_rst_ps8_0_99M_0' has 10 connections declared, but only 6 given [c:/Users/sunil/desktop/NUS/EE4218/EE4218_Labs_clone/Lab_3/integrated_coprocessor_v1/integrated_coprocessor_v1.gen/sources_1/bd/design_1/synth/design_1.v:294]
INFO: [Synth 8-6157] synthesizing module 'design_1_zynq_ultra_ps_e_0_0' [C:/Users/sunil/desktop/NUS/EE4218/EE4218_Labs_clone/Lab_3/integrated_coprocessor_v1/integrated_coprocessor_v1.runs/synth_1/.Xil/Vivado-18904-LAPTOP-MBJHTN7L/realtime/design_1_zynq_ultra_ps_e_0_0_stub.v:6]
INFO: [Synth 8-6155] done synthesizing module 'design_1_zynq_ultra_ps_e_0_0' (0#1) [C:/Users/sunil/desktop/NUS/EE4218/EE4218_Labs_clone/Lab_3/integrated_coprocessor_v1/integrated_coprocessor_v1.runs/synth_1/.Xil/Vivado-18904-LAPTOP-MBJHTN7L/realtime/design_1_zynq_ultra_ps_e_0_0_stub.v:6]
INFO: [Synth 8-6155] done synthesizing module 'design_1' (0#1) [c:/Users/sunil/desktop/NUS/EE4218/EE4218_Labs_clone/Lab_3/integrated_coprocessor_v1/integrated_coprocessor_v1.gen/sources_1/bd/design_1/synth/design_1.v:13]
INFO: [Synth 8-6155] done synthesizing module 'design_1_wrapper' (0#1) [c:/Users/sunil/desktop/NUS/EE4218/EE4218_Labs_clone/Lab_3/integrated_coprocessor_v1/integrated_coprocessor_v1.gen/sources_1/bd/design_1/hdl/design_1_wrapper.v:13]
WARNING: [Synth 8-7129] Port M_ACLK in module s00_couplers_imp_1A7ZMW4 is either unconnected or has no load
WARNING: [Synth 8-7129] Port M_ARESETN in module s00_couplers_imp_1A7ZMW4 is either unconnected or has no load
WARNING: [Synth 8-7129] Port S_ACLK in module s00_couplers_imp_1A7ZMW4 is either unconnected or has no load
WARNING: [Synth 8-7129] Port S_ARESETN in module s00_couplers_imp_1A7ZMW4 is either unconnected or has no load
WARNING: [Synth 8-7129] Port M_ACLK in module m01_couplers_imp_1D3SAH3 is either unconnected or has no load
WARNING: [Synth 8-7129] Port M_ARESETN in module m01_couplers_imp_1D3SAH3 is either unconnected or has no load
WARNING: [Synth 8-7129] Port S_ACLK in module m01_couplers_imp_1D3SAH3 is either unconnected or has no load
WARNING: [Synth 8-7129] Port S_ARESETN in module m01_couplers_imp_1D3SAH3 is either unconnected or has no load
WARNING: [Synth 8-7129] Port M_ACLK in module m00_couplers_imp_QJIMLI is either unconnected or has no load
WARNING: [Synth 8-7129] Port M_ARESETN in module m00_couplers_imp_QJIMLI is either unconnected or has no load
WARNING: [Synth 8-7129] Port S_AXI_araddr[39] in module m00_couplers_imp_QJIMLI is either unconnected or has no load
WARNING: [Synth 8-7129] Port S_AXI_araddr[38] in module m00_couplers_imp_QJIMLI is either unconnected or has no load
WARNING: [Synth 8-7129] Port S_AXI_araddr[37] in module m00_couplers_imp_QJIMLI is either unconnected or has no load
WARNING: [Synth 8-7129] Port S_AXI_araddr[36] in module m00_couplers_imp_QJIMLI is either unconnected or has no load
WARNING: [Synth 8-7129] Port S_AXI_araddr[35] in module m00_couplers_imp_QJIMLI is either unconnected or has no load
WARNING: [Synth 8-7129] Port S_AXI_araddr[34] in module m00_couplers_imp_QJIMLI is either unconnected or has no load
WARNING: [Synth 8-7129] Port S_AXI_araddr[33] in module m00_couplers_imp_QJIMLI is either unconnected or has no load
WARNING: [Synth 8-7129] Port S_AXI_araddr[32] in module m00_couplers_imp_QJIMLI is either unconnected or has no load
WARNING: [Synth 8-7129] Port S_AXI_awaddr[39] in module m00_couplers_imp_QJIMLI is either unconnected or has no load
WARNING: [Synth 8-7129] Port S_AXI_awaddr[38] in module m00_couplers_imp_QJIMLI is either unconnected or has no load
WARNING: [Synth 8-7129] Port S_AXI_awaddr[37] in module m00_couplers_imp_QJIMLI is either unconnected or has no load
WARNING: [Synth 8-7129] Port S_AXI_awaddr[36] in module m00_couplers_imp_QJIMLI is either unconnected or has no load
WARNING: [Synth 8-7129] Port S_AXI_awaddr[35] in module m00_couplers_imp_QJIMLI is either unconnected or has no load
WARNING: [Synth 8-7129] Port S_AXI_awaddr[34] in module m00_couplers_imp_QJIMLI is either unconnected or has no load
WARNING: [Synth 8-7129] Port S_AXI_awaddr[33] in module m00_couplers_imp_QJIMLI is either unconnected or has no load
WARNING: [Synth 8-7129] Port S_AXI_awaddr[32] in module m00_couplers_imp_QJIMLI is either unconnected or has no load
WARNING: [Synth 8-7129] Port M00_ACLK in module design_1_ps8_0_axi_periph_0 is either unconnected or has no load
WARNING: [Synth 8-7129] Port M00_ARESETN in module design_1_ps8_0_axi_periph_0 is either unconnected or has no load
WARNING: [Synth 8-7129] Port M01_ACLK in module design_1_ps8_0_axi_periph_0 is either unconnected or has no load
WARNING: [Synth 8-7129] Port M01_ARESETN in module design_1_ps8_0_axi_periph_0 is either unconnected or has no load
WARNING: [Synth 8-7129] Port S00_ACLK in module design_1_ps8_0_axi_periph_0 is either unconnected or has no load
WARNING: [Synth 8-7129] Port S00_ARESETN in module design_1_ps8_0_axi_periph_0 is either unconnected or has no load
---------------------------------------------------------------------------------
Finished RTL Elaboration : Time (s): cpu = 00:00:08 ; elapsed = 00:00:09 . Memory (MB): peak = 2003.887 ; gain = 495.652
---------------------------------------------------------------------------------
---------------------------------------------------------------------------------
Start Handling Custom Attributes
---------------------------------------------------------------------------------
---------------------------------------------------------------------------------
Finished Handling Custom Attributes : Time (s): cpu = 00:00:08 ; elapsed = 00:00:09 . Memory (MB): peak = 2003.887 ; gain = 495.652
---------------------------------------------------------------------------------
---------------------------------------------------------------------------------
Finished RTL Optimization Phase 1 : Time (s): cpu = 00:00:08 ; elapsed = 00:00:09 . Memory (MB): peak = 2003.887 ; gain = 495.652
---------------------------------------------------------------------------------
Netlist sorting complete. Time (s): cpu = 00:00:00 ; elapsed = 00:00:00.029 . Memory (MB): peak = 2003.887 ; gain = 0.000
INFO: [Project 1-570] Preparing netlist for logic optimization

Processing XDC Constraints
Initializing timing engine
Parsing XDC File [c:/Users/sunil/desktop/NUS/EE4218/EE4218_Labs_clone/Lab_3/integrated_coprocessor_v1/integrated_coprocessor_v1.gen/sources_1/bd/design_1/ip/design_1_zynq_ultra_ps_e_0_0/design_1_zynq_ultra_ps_e_0_0/design_1_zynq_ultra_ps_e_0_0_in_context.xdc] for cell 'design_1_i/zynq_ultra_ps_e_0'
create_clock: Time (s): cpu = 00:00:05 ; elapsed = 00:00:06 . Memory (MB): peak = 2010.547 ; gain = 0.152
Finished Parsing XDC File [c:/Users/sunil/desktop/NUS/EE4218/EE4218_Labs_clone/Lab_3/integrated_coprocessor_v1/integrated_coprocessor_v1.gen/sources_1/bd/design_1/ip/design_1_zynq_ultra_ps_e_0_0/design_1_zynq_ultra_ps_e_0_0/design_1_zynq_ultra_ps_e_0_0_in_context.xdc] for cell 'design_1_i/zynq_ultra_ps_e_0'
Parsing XDC File [c:/Users/sunil/desktop/NUS/EE4218/EE4218_Labs_clone/Lab_3/integrated_coprocessor_v1/integrated_coprocessor_v1.gen/sources_1/bd/design_1/ip/design_1_axi_fifo_mm_s_0_0/design_1_axi_fifo_mm_s_0_0/design_1_axi_fifo_mm_s_0_0_in_context.xdc] for cell 'design_1_i/axi_fifo_mm_s_0'
Finished Parsing XDC File [c:/Users/sunil/desktop/NUS/EE4218/EE4218_Labs_clone/Lab_3/integrated_coprocessor_v1/integrated_coprocessor_v1.gen/sources_1/bd/design_1/ip/design_1_axi_fifo_mm_s_0_0/design_1_axi_fifo_mm_s_0_0/design_1_axi_fifo_mm_s_0_0_in_context.xdc] for cell 'design_1_i/axi_fifo_mm_s_0'
Parsing XDC File [c:/Users/sunil/desktop/NUS/EE4218/EE4218_Labs_clone/Lab_3/integrated_coprocessor_v1/integrated_coprocessor_v1.gen/sources_1/bd/design_1/ip/design_1_xbar_0/design_1_xbar_0/design_1_xbar_0_in_context.xdc] for cell 'design_1_i/ps8_0_axi_periph/xbar'
Finished Parsing XDC File [c:/Users/sunil/desktop/NUS/EE4218/EE4218_Labs_clone/Lab_3/integrated_coprocessor_v1/integrated_coprocessor_v1.gen/sources_1/bd/design_1/ip/design_1_xbar_0/design_1_xbar_0/design_1_xbar_0_in_context.xdc] for cell 'design_1_i/ps8_0_axi_periph/xbar'
Parsing XDC File [c:/Users/sunil/desktop/NUS/EE4218/EE4218_Labs_clone/Lab_3/integrated_coprocessor_v1/integrated_coprocessor_v1.gen/sources_1/bd/design_1/ip/design_1_auto_pc_0/design_1_auto_pc_0/design_1_auto_pc_0_in_context.xdc] for cell 'design_1_i/ps8_0_axi_periph/m00_couplers/auto_pc'
Finished Parsing XDC File [c:/Users/sunil/desktop/NUS/EE4218/EE4218_Labs_clone/Lab_3/integrated_coprocessor_v1/integrated_coprocessor_v1.gen/sources_1/bd/design_1/ip/design_1_auto_pc_0/design_1_auto_pc_0/design_1_auto_pc_0_in_context.xdc] for cell 'design_1_i/ps8_0_axi_periph/m00_couplers/auto_pc'
Parsing XDC File [c:/Users/sunil/desktop/NUS/EE4218/EE4218_Labs_clone/Lab_3/integrated_coprocessor_v1/integrated_coprocessor_v1.gen/sources_1/bd/design_1/ip/design_1_rst_ps8_0_99M_0/design_1_rst_ps8_0_99M_0/design_1_rst_ps8_0_99M_0_in_context.xdc] for cell 'design_1_i/rst_ps8_0_99M'
Finished Parsing XDC File [c:/Users/sunil/desktop/NUS/EE4218/EE4218_Labs_clone/Lab_3/integrated_coprocessor_v1/integrated_coprocessor_v1.gen/sources_1/bd/design_1/ip/design_1_rst_ps8_0_99M_0/design_1_rst_ps8_0_99M_0/design_1_rst_ps8_0_99M_0_in_context.xdc] for cell 'design_1_i/rst_ps8_0_99M'
Parsing XDC File [c:/Users/sunil/desktop/NUS/EE4218/EE4218_Labs_clone/Lab_3/integrated_coprocessor_v1/integrated_coprocessor_v1.gen/sources_1/bd/design_1/ip/design_1_myip_0_0/design_1_myip_0_0/design_1_myip_0_0_in_context.xdc] for cell 'design_1_i/myip_0'
Finished Parsing XDC File [c:/Users/sunil/desktop/NUS/EE4218/EE4218_Labs_clone/Lab_3/integrated_coprocessor_v1/integrated_coprocessor_v1.gen/sources_1/bd/design_1/ip/design_1_myip_0_0/design_1_myip_0_0/design_1_myip_0_0_in_context.xdc] for cell 'design_1_i/myip_0'
Parsing XDC File [C:/Users/sunil/desktop/NUS/EE4218/EE4218_Labs_clone/Lab_3/integrated_coprocessor_v1/integrated_coprocessor_v1.runs/synth_1/dont_touch.xdc]
Finished Parsing XDC File [C:/Users/sunil/desktop/NUS/EE4218/EE4218_Labs_clone/Lab_3/integrated_coprocessor_v1/integrated_coprocessor_v1.runs/synth_1/dont_touch.xdc]
Completed Processing XDC Constraints

Netlist sorting complete. Time (s): cpu = 00:00:00 ; elapsed = 00:00:00 . Memory (MB): peak = 2010.547 ; gain = 0.000
INFO: [Project 1-111] Unisim Transformation Summary:
No Unisim elements were transformed.

The system cannot find the path specified.
Constraint Validation Runtime : Time (s): cpu = 00:00:00 ; elapsed = 00:00:00.008 . Memory (MB): peak = 2010.547 ; gain = 0.000
---------------------------------------------------------------------------------
Finished Constraint Validation : Time (s): cpu = 00:00:23 ; elapsed = 00:00:25 . Memory (MB): peak = 2010.547 ; gain = 502.312
---------------------------------------------------------------------------------
---------------------------------------------------------------------------------
Start Loading Part and Timing Information
---------------------------------------------------------------------------------
Loading part: xck26-sfvc784-2LV-c
INFO: [Synth 8-6742] Reading net delay rules and data
---------------------------------------------------------------------------------
Finished Loading Part and Timing Information : Time (s): cpu = 00:00:23 ; elapsed = 00:00:25 . Memory (MB): peak = 2010.547 ; gain = 502.312
---------------------------------------------------------------------------------
---------------------------------------------------------------------------------
Start Applying 'set_property' XDC Constraints
---------------------------------------------------------------------------------
Applied set_property KEEP_HIERARCHY = SOFT for design_1_i. (constraint file  auto generated constraint).
Applied set_property KEEP_HIERARCHY = SOFT for design_1_i/zynq_ultra_ps_e_0. (constraint file  auto generated constraint).
Applied set_property KEEP_HIERARCHY = SOFT for design_1_i/axi_fifo_mm_s_0. (constraint file  auto generated constraint).
Applied set_property KEEP_HIERARCHY = SOFT for design_1_i/ps8_0_axi_periph/xbar. (constraint file  auto generated constraint).
Applied set_property KEEP_HIERARCHY = SOFT for design_1_i/ps8_0_axi_periph/m00_couplers/auto_pc. (constraint file  auto generated constraint).
Applied set_property KEEP_HIERARCHY = SOFT for design_1_i/ps8_0_axi_periph. (constraint file  auto generated constraint).
Applied set_property KEEP_HIERARCHY = SOFT for design_1_i/rst_ps8_0_99M. (constraint file  auto generated constraint).
Applied set_property KEEP_HIERARCHY = SOFT for design_1_i/myip_0. (constraint file  auto generated constraint).
---------------------------------------------------------------------------------
Finished applying 'set_property' XDC Constraints : Time (s): cpu = 00:00:23 ; elapsed = 00:00:25 . Memory (MB): peak = 2010.547 ; gain = 502.312
---------------------------------------------------------------------------------
---------------------------------------------------------------------------------
Finished RTL Optimization Phase 2 : Time (s): cpu = 00:00:23 ; elapsed = 00:00:25 . Memory (MB): peak = 2010.547 ; gain = 502.312
---------------------------------------------------------------------------------
---------------------------------------------------------------------------------
Start RTL Component Statistics 
---------------------------------------------------------------------------------
Detailed RTL Component Info : 
---------------------------------------------------------------------------------
Finished RTL Component Statistics 
---------------------------------------------------------------------------------
---------------------------------------------------------------------------------
Start Part Resource Summary
---------------------------------------------------------------------------------
Part Resources:
DSPs: 1248 (col length:96)
BRAMs: 288 (col length: RAMB18 96 RAMB36 48)
---------------------------------------------------------------------------------
Finished Part Resource Summary
---------------------------------------------------------------------------------
---------------------------------------------------------------------------------
Start Cross Boundary and Area Optimization
---------------------------------------------------------------------------------
WARNING: [Synth 8-7080] Parallel synthesis criteria is not met
WARNING: [Synth 8-7129] Port M00_ACLK in module design_1_ps8_0_axi_periph_0 is either unconnected or has no load
WARNING: [Synth 8-7129] Port M00_ARESETN in module design_1_ps8_0_axi_periph_0 is either unconnected or has no load
WARNING: [Synth 8-7129] Port M01_ACLK in module design_1_ps8_0_axi_periph_0 is either unconnected or has no load
WARNING: [Synth 8-7129] Port M01_ARESETN in module design_1_ps8_0_axi_periph_0 is either unconnected or has no load
WARNING: [Synth 8-7129] Port S00_ACLK in module design_1_ps8_0_axi_periph_0 is either unconnected or has no load
WARNING: [Synth 8-7129] Port S00_ARESETN in module design_1_ps8_0_axi_periph_0 is either unconnected or has no load
---------------------------------------------------------------------------------
Finished Cross Boundary and Area Optimization : Time (s): cpu = 00:00:25 ; elapsed = 00:00:28 . Memory (MB): peak = 2010.547 ; gain = 502.312
---------------------------------------------------------------------------------
---------------------------------------------------------------------------------
Start Applying XDC Timing Constraints
---------------------------------------------------------------------------------
---------------------------------------------------------------------------------
Finished Applying XDC Timing Constraints : Time (s): cpu = 00:00:41 ; elapsed = 00:00:45 . Memory (MB): peak = 2547.066 ; gain = 1038.832
---------------------------------------------------------------------------------
---------------------------------------------------------------------------------
Start Timing Optimization
---------------------------------------------------------------------------------
---------------------------------------------------------------------------------
Finished Timing Optimization : Time (s): cpu = 00:00:41 ; elapsed = 00:00:45 . Memory (MB): peak = 2547.066 ; gain = 1038.832
---------------------------------------------------------------------------------
---------------------------------------------------------------------------------
Start Technology Mapping
---------------------------------------------------------------------------------
---------------------------------------------------------------------------------
Finished Technology Mapping : Time (s): cpu = 00:00:41 ; elapsed = 00:00:45 . Memory (MB): peak = 2557.305 ; gain = 1049.070
---------------------------------------------------------------------------------
---------------------------------------------------------------------------------
Start IO Insertion
---------------------------------------------------------------------------------
---------------------------------------------------------------------------------
Start Flattening Before IO Insertion
---------------------------------------------------------------------------------
---------------------------------------------------------------------------------
Finished Flattening Before IO Insertion
---------------------------------------------------------------------------------
---------------------------------------------------------------------------------
Start Final Netlist Cleanup
---------------------------------------------------------------------------------
---------------------------------------------------------------------------------
Finished Final Netlist Cleanup
---------------------------------------------------------------------------------
---------------------------------------------------------------------------------
Finished IO Insertion : Time (s): cpu = 00:00:46 ; elapsed = 00:00:50 . Memory (MB): peak = 2572.117 ; gain = 1063.883
---------------------------------------------------------------------------------
---------------------------------------------------------------------------------
Start Renaming Generated Instances
---------------------------------------------------------------------------------
---------------------------------------------------------------------------------
Finished Renaming Generated Instances : Time (s): cpu = 00:00:46 ; elapsed = 00:00:50 . Memory (MB): peak = 2572.117 ; gain = 1063.883
---------------------------------------------------------------------------------
---------------------------------------------------------------------------------
Start Rebuilding User Hierarchy
---------------------------------------------------------------------------------
---------------------------------------------------------------------------------
Finished Rebuilding User Hierarchy : Time (s): cpu = 00:00:46 ; elapsed = 00:00:50 . Memory (MB): peak = 2572.117 ; gain = 1063.883
---------------------------------------------------------------------------------
---------------------------------------------------------------------------------
Start Renaming Generated Ports
---------------------------------------------------------------------------------
---------------------------------------------------------------------------------
Finished Renaming Generated Ports : Time (s): cpu = 00:00:46 ; elapsed = 00:00:50 . Memory (MB): peak = 2572.117 ; gain = 1063.883
---------------------------------------------------------------------------------
---------------------------------------------------------------------------------
Start Handling Custom Attributes
---------------------------------------------------------------------------------
---------------------------------------------------------------------------------
Finished Handling Custom Attributes : Time (s): cpu = 00:00:46 ; elapsed = 00:00:50 . Memory (MB): peak = 2572.117 ; gain = 1063.883
---------------------------------------------------------------------------------
---------------------------------------------------------------------------------
Start Renaming Generated Nets
---------------------------------------------------------------------------------
---------------------------------------------------------------------------------
Finished Renaming Generated Nets : Time (s): cpu = 00:00:46 ; elapsed = 00:00:50 . Memory (MB): peak = 2572.117 ; gain = 1063.883
---------------------------------------------------------------------------------
---------------------------------------------------------------------------------
Start Writing Synthesis Report
---------------------------------------------------------------------------------

Report BlackBoxes: 
+------+-----------------------------+----------+
|      |BlackBox name                |Instances |
+------+-----------------------------+----------+
|1     |design_1_xbar_0              |         1|
|2     |design_1_auto_pc_0           |         1|
|3     |design_1_axi_fifo_mm_s_0_0   |         1|
|4     |design_1_myip_0_0            |         1|
|5     |design_1_rst_ps8_0_99M_0     |         1|
|6     |design_1_zynq_ultra_ps_e_0_0 |         1|
+------+-----------------------------+----------+

Report Cell Usage: 
+------+---------------------------+------+
|      |Cell                       |Count |
+------+---------------------------+------+
|1     |design_1_auto_pc           |     1|
|2     |design_1_axi_fifo_mm_s_0   |     1|
|3     |design_1_myip_0            |     1|
|4     |design_1_rst_ps8_0_99M     |     1|
|5     |design_1_xbar              |     1|
|6     |design_1_zynq_ultra_ps_e_0 |     1|
+------+---------------------------+------+
---------------------------------------------------------------------------------
Finished Writing Synthesis Report : Time (s): cpu = 00:00:46 ; elapsed = 00:00:50 . Memory (MB): peak = 2572.117 ; gain = 1063.883
---------------------------------------------------------------------------------
Synthesis finished with 0 errors, 0 critical warnings and 7 warnings.
Synthesis Optimization Runtime : Time (s): cpu = 00:00:30 ; elapsed = 00:00:42 . Memory (MB): peak = 2572.117 ; gain = 1057.223
Synthesis Optimization Complete : Time (s): cpu = 00:00:46 ; elapsed = 00:00:50 . Memory (MB): peak = 2572.117 ; gain = 1063.883
INFO: [Project 1-571] Translating synthesized netlist
Netlist sorting complete. Time (s): cpu = 00:00:00 ; elapsed = 00:00:00.020 . Memory (MB): peak = 2572.117 ; gain = 0.000
INFO: [Project 1-570] Preparing netlist for logic optimization
INFO: [Opt 31-138] Pushed 0 inverter(s) to 0 load pin(s).
Netlist sorting complete. Time (s): cpu = 00:00:00 ; elapsed = 00:00:00 . Memory (MB): peak = 2618.578 ; gain = 0.000
INFO: [Project 1-111] Unisim Transformation Summary:
No Unisim elements were transformed.

The system cannot find the path specified.
Synth Design complete | Checksum: 3942821c
INFO: [Common 17-83] Releasing license: Synthesis
40 Infos, 59 Warnings, 0 Critical Warnings and 0 Errors encountered.
synth_design completed successfully
synth_design: Time (s): cpu = 00:00:55 ; elapsed = 00:01:01 . Memory (MB): peak = 2623.539 ; gain = 2103.484
INFO: [Common 17-1381] The checkpoint 'C:/Users/sunil/desktop/NUS/EE4218/EE4218_Labs_clone/Lab_3/integrated_coprocessor_v1/integrated_coprocessor_v1.runs/synth_1/design_1_wrapper.dcp' has been generated.
INFO: [runtcl-4] Executing : report_utilization -file design_1_wrapper_utilization_synth.rpt -pb design_1_wrapper_utilization_synth.pb
INFO: [Common 17-206] Exiting Vivado at Fri Feb 28 13:36:48 2025...
